10-27 12:43:36.661 E/BufferQueueDebug(  924): [Bounds for - com.strimqa.android.app.strimqa/com.strimqa.mobile_client.MainActivity#121879](this:0xb400007a431dea80,id:-1,api:0,p:-1,c:-1) id info cannot be read from 'Bounds for - com.strimqa.android.app.strimqa/com.strimqa.mobile_client.MainActivity#121879'
10-27 12:43:36.661 I/BufferQueueDebug(  924): [Bounds for - com.strimqa.android.app.strimqa/com.strimqa.mobile_client.MainActivity#121879](this:0xb400007a431dea80,id:-1,api:0,p:-1,c:-1) BufferQueue core=(924:/system/bin/surfaceflinger)
10-27 12:43:36.663 E/BufferQueueDebug(  924): [SurfaceView[com.strimqa.android.app.strimqa/com.strimqa.mobile_client.MainActivity]#121880](this:0xb400007a431e1a80,id:-1,api:0,p:-1,c:-1) id info cannot be read from 'SurfaceView[com.strimqa.android.app.strimqa/com.strimqa.mobile_client.MainActivity]#121880'
10-27 12:43:36.663 I/BufferQueueDebug(  924): [SurfaceView[com.strimqa.android.app.strimqa/com.strimqa.mobile_client.MainActivity]#121880](this:0xb400007a431e1a80,id:-1,api:0,p:-1,c:-1) BufferQueue core=(924:/system/bin/surfaceflinger)
10-27 12:43:36.663 E/BufferQueueDebug(  924): [SurfaceView[com.strimqa.android.app.strimqa/com.strimqa.mobile_client.MainActivity](BLAST)#121881](this:0xb400007a431e4a80,id:-1,api:0,p:-1,c:-1) id info cannot be read from 'SurfaceView[com.strimqa.android.app.strimqa/com.strimqa.mobile_client.MainActivity](BLAST)#121881'
10-27 12:43:36.663 I/BufferQueueDebug(  924): [SurfaceView[com.strimqa.android.app.strimqa/com.strimqa.mobile_client.MainActivity](BLAST)#121881](this:0xb400007a431e4a80,id:-1,api:0,p:-1,c:-1) BufferQueue core=(924:/system/bin/surfaceflinger)
10-27 12:43:36.664 E/BufferQueueDebug(  924): [Background for SurfaceView[com.strimqa.android.app.strimqa/com.strimqa.mobile_client.MainActivity]#121882](this:0xb400007a431e7a80,id:-1,api:0,p:-1,c:-1) id info cannot be read from 'Background for SurfaceView[com.strimqa.android.app.strimqa/com.strimqa.mobile_client.MainActivity]#121882'
10-27 12:43:36.664 I/BufferQueueDebug(  924): [Background for SurfaceView[com.strimqa.android.app.strimqa/com.strimqa.mobile_client.MainActivity]#121882](this:0xb400007a431e7a80,id:-1,api:0,p:-1,c:-1) BufferQueue core=(924:/system/bin/surfaceflinger)
10-27 12:43:36.664 D/SurfaceFlinger(  924): Focus addInputWindowCommands timestamp=410336768598226, windowName=9946e7b com.strimqa.android.app.strimqa/com.strimqa.mobile_client.MainActivity
10-27 12:43:36.664 D/SurfaceFlinger(  924): Find Focus windowName=9946e7b com.strimqa.android.app.strimqa/com.strimqa.mobile_client.MainActivity, notVisible=1
10-27 12:43:36.664 D/Layer   (  924): Focus: com.strimqa.android.app.strimqa/com.strimqa.mobile_client.MainActivity#121876 isHiddenByPolicy s.flags&layer_state_t::eLayerHidden=1
10-27 12:43:36.665 D/SurfaceFlinger(  924): updateWinowInfo=1, setFocusedWindow timestamp=410336768598226, windowName=9946e7b com.strimqa.android.app.strimqa/com.strimqa.mobile_client.MainActivity
10-27 12:43:36.668 I/FA      ( 7952):   adb shell setprop debug.firebase.analytics.app com.strimqa.android.app.strimqa
10-27 12:43:36.725 D/SurfaceView( 7952): UPDATE Surface(name=SurfaceView[com.strimqa.android.app.strimqa/com.strimqa.mobile_client.MainActivity]#121880)/@0x26bec6, mIsProjectionMode = false
10-27 12:43:36.736 W/PackageConfigPersister( 1532): App-specific configuration not found for packageName: com.strimqa.android.app.strimqa and userId: 0
10-27 12:43:37.990 I/TransitionCallback( 2373): clear leash = Surface(name=TL_Surface(name=Task=1392#121863)/@0x2bc605a_transition-leash#121869)/@0x3ba15fe, key = ComponentInfo{com.strimqa.android.app.strimqa/com.strimqa.mobile_client.MainActivity}#1392
10-27 12:43:41.977 D/ProfileInstaller( 7952): Skipping profile installation for com.strimqa.android.app.strimqa
10-27 12:43:46.450 I/PowerHalWrapper( 1532): amsBoostNotify pid:2373,activity:com.miui.home.launcher.Launcher, package:com.miui.home, mProcessCreatePackcom.strimqa.android.app.strimqa 
10-27 12:44:07.006 D/BLASTBufferQueue( 7952): [SurfaceView[com.strimqa.android.app.strimqa/com.strimqa.mobile_client.MainActivity]#1](f:0,a:1) acquireNextBufferLocked size=1080x2270 mFrameNumber=1 applyTransaction=true mTimestamp=410367121151689(auto) mPendingTransactions.size=0 graphicBufferId=34153579937806 transform=0
10-27 12:44:07.090 D/MiuiFullScreenTaskRepository( 2364): setFocusedTask taskId=1392, displayId=0, topActivity=ComponentInfo{com.strimqa.android.app.strimqa/com.strimqa.mobile_client.MainActivity}
10-27 12:44:07.090 D/MiuiFullScreenTaskRepository( 2364): addOrUpdateFullScreenTaskInfo taskId=1392, topActivity=ComponentInfo{com.strimqa.android.app.strimqa/com.strimqa.mobile_client.MainActivity}
10-27 12:44:07.119 W/WindowManager( 1532): finishDrawingWindow: Window{9946e7b u0 com.strimqa.android.app.strimqa/com.strimqa.mobile_client.MainActivity} mDrawState=DRAW_PENDING
10-27 12:44:07.119 D/WindowManager( 1532): wms.finishDrawingLocked: mDrawState=COMMIT_DRAW_PENDING Window{9946e7b u0 com.strimqa.android.app.strimqa/com.strimqa.mobile_client.MainActivity} in Surface(name=com.strimqa.android.app.strimqa/com.strimqa.mobile_client.MainActivity#121876)/@0xc4ec129
10-27 12:44:07.122 E/BufferQueueDebug(  924): [Surface(name=9946e7b com.strimqa.android.app.strimqa/com.strimqa.mobile_client.MainActivity#121875)/@0xc0964f1 - animation-leash of starting_reveal#121883](this:0xb400007a4299ea80,id:-1,api:0,p:-1,c:-1) id info cannot be read from 'Surface(name=9946e7b com.strimqa.android.app.strimqa/com.strimqa.mobile_client.MainActivity#121875)/@0xc0964f1 - animation-leash of starting_reveal#121883'
10-27 12:44:07.122 I/BufferQueueDebug(  924): [Surface(name=9946e7b com.strimqa.android.app.strimqa/com.strimqa.mobile_client.MainActivity#121875)/@0xc0964f1 - animation-leash of starting_reveal#121883](this:0xb400007a4299ea80,id:-1,api:0,p:-1,c:-1) BufferQueue core=(924:/system/bin/surfaceflinger)
10-27 12:44:07.125 W/WindowManager( 1532): real show surface:Surface(name=com.strimqa.android.app.strimqa/com.strimqa.mobile_client.MainActivity#121876)/@0xc4ec129
10-27 12:44:07.128 I/ActivityTaskManager( 1532): Displayed com.strimqa.android.app.strimqa/com.strimqa.mobile_client.MainActivity for user 0: +30s763ms
10-27 12:44:07.128 I/ActivityTaskManager( 1532): Fully drawn com.strimqa.android.app.strimqa/com.strimqa.mobile_client.MainActivity: +30s763ms
10-27 12:44:07.136 I/BufferQueueProducer(  924): [Splash Screen com.strimqa.android.app.strimqa#121866](this:0xb400007a430bfa80,id:-1,api:0,p:-1,c:924) queueBuffer: fps=0.03 dur=30728.54 max=30728.54 min=30728.54
10-27 12:44:07.137 I/ImeTracker( 1532): com.strimqa.android.app.strimqa:838a3da5: onRequestHide at ORIGIN_SERVER_HIDE_INPUT reason HIDE_UNSPECIFIED_WINDOW
10-27 12:44:07.137 I/ImeTracker( 1532): com.strimqa.android.app.strimqa:838a3da5: onCancelled at PHASE_SERVER_SHOULD_HIDE
10-27 12:44:07.145 I/GoogleInputMethodService(14900): GoogleInputMethodService.onStartInput():1347 onStartInput(EditorInfo{EditorInfo{packageName=com.strimqa.android.app.strimqa, inputType=0, inputTypeString=NULL, enableLearning=false, autoCorrection=false, autoComplete=false, imeOptions=0, privateImeOptions=null, actionName=UNSPECIFIED, actionLabel=null, initialSelStart=-1, initialSelEnd=-1, initialCapsMode=0, label=null, fieldId=0, fieldName=null, extras=Bundle[mParcelledData.dataSize=72], hintText=null, hintLocales=[]}}, false)
10-27 12:44:07.148 W/PackageConfigPersister( 1532): App-specific configuration not found for packageName: com.strimqa.android.app.strimqa and userId: 0
10-27 12:44:07.487 E/BufferQueueDebug(  924): [Surface(name=378a1ee Splash Screen com.strimqa.android.app.strimqa#121865)/@0x65bad1c - animation-leash of window_animation#121885](this:0xb400007a5153ca80,id:-1,api:0,p:-1,c:-1) id info cannot be read from 'Surface(name=378a1ee Splash Screen com.strimqa.android.app.strimqa#121865)/@0x65bad1c - animation-leash of window_animation#121885'
10-27 12:44:07.487 I/BufferQueueDebug(  924): [Surface(name=378a1ee Splash Screen com.strimqa.android.app.strimqa#121865)/@0x65bad1c - animation-leash of window_animation#121885](this:0xb400007a5153ca80,id:-1,api:0,p:-1,c:-1) BufferQueue core=(924:/system/bin/surfaceflinger)
10-27 12:44:07.504 D/CoreBackPreview( 1532): Window{378a1ee u0 Splash Screen com.strimqa.android.app.strimqa EXITING}: Setting back callback null
10-27 12:44:07.506 W/InputManager-JNI( 1532): Input channel object '378a1ee Splash Screen com.strimqa.android.app.strimqa (client)' was disposed without first being removed with the input manager!
10-27 12:44:07.593 E/BLASTBufferQueue( 7952): [SurfaceView[com.strimqa.android.app.strimqa/com.strimqa.mobile_client.MainActivity]#1](f:1,a:4) acquireNextBufferLocked: Can't acquire next buffer. Already acquired max frames 4 max:2 + 2
10-27 12:44:07.626 E/BLASTBufferQueue( 7952): [SurfaceView[com.strimqa.android.app.strimqa/com.strimqa.mobile_client.MainActivity]#1](f:1,a:4) acquireNextBufferLocked: Can't acquire next buffer. Already acquired max frames 4 max:2 + 2
10-27 12:44:07.634 E/BLASTBufferQueue( 7952): [SurfaceView[com.strimqa.android.app.strimqa/com.strimqa.mobile_client.MainActivity]#1](f:1,a:4) acquireNextBufferLocked: Can't acquire next buffer. Already acquired max frames 4 max:2 + 2
10-27 12:44:07.643 E/BLASTBufferQueue( 7952): [SurfaceView[com.strimqa.android.app.strimqa/com.strimqa.mobile_client.MainActivity]#1](f:1,a:4) acquireNextBufferLocked: Can't acquire next buffer. Already acquired max frames 4 max:2 + 2
10-27 12:44:07.653 D/WindowManager( 1532): setParent old=ActivityRecord{671b184 u0 com.strimqa.android.app.strimqa/com.strimqa.mobile_client.MainActivity t1392},new=null,this window=Window{378a1ee u0 Splash Screen com.strimqa.android.app.strimqa},callers=com.android.server.wm.WindowContainer.removeChild:840 com.android.server.wm.ActivityRecord.removeChild:5227 com.android.server.wm.ActivityRecord.removeChild:470 com.android.server.wm.WindowContainer.removeImmediately:898 com.android.server.wm.WindowState.removeImmediately:2538 com.android.server.wm.WindowState.destroySurface:3654 
10-27 12:44:07.656 E/BLASTBufferQueue( 7952): [SurfaceView[com.strimqa.android.app.strimqa/com.strimqa.mobile_client.MainActivity]#1](f:1,a:4) acquireNextBufferLocked: Can't acquire next buffer. Already acquired max frames 4 max:2 + 2
10-27 12:44:07.662 E/BLASTBufferQueue( 7952): [SurfaceView[com.strimqa.android.app.strimqa/com.strimqa.mobile_client.MainActivity]#1](f:1,a:4) acquireNextBufferLocked: Can't acquire next buffer. Already acquired max frames 4 max:2 + 2
10-27 12:44:07.672 E/BLASTBufferQueue( 7952): [SurfaceView[com.strimqa.android.app.strimqa/com.strimqa.mobile_client.MainActivity]#1](f:1,a:4) acquireNextBufferLocked: Can't acquire next buffer. Already acquired max frames 4 max:2 + 2
10-27 12:44:07.674 I/BufferQueueDebug(  924): [378a1ee Splash Screen com.strimqa.android.app.strimqa#121865](this:0xb400007a430bca80,id:-1,api:0,p:-1,c:924) onDestructor()
10-27 12:44:07.674 I/BufferQueueDebug(  924): [Splash Screen com.strimqa.android.app.strimqa#121866](this:0xb400007a430bfa80,id:-1,api:0,p:-1,c:924) onDestructor()
10-27 12:44:07.675 I/BufferQueueDebug(  924): [Surface(name=378a1ee Splash Screen com.strimqa.android.app.strimqa#121865)/@0x65bad1c - animation-leash of window_animation#121885](this:0xb400007a5153ca80,id:-1,api:0,p:-1,c:924) onDestructor()
10-27 12:44:07.677 E/BLASTBufferQueue( 7952): [SurfaceView[com.strimqa.android.app.strimqa/com.strimqa.mobile_client.MainActivity]#1](f:1,a:4) acquireNextBufferLocked: Can't acquire next buffer. Already acquired max frames 4 max:2 + 2
10-27 12:44:08.012 I/BufferQueueProducer(  924): [SurfaceView[com.strimqa.android.app.strimqa/com.strimqa.mobile_client.MainActivity](BLAST)#121881](this:0xb400007a431e4a80,id:-1,api:0,p:-1,c:924) queueBuffer: fps=100.91 dur=1000.88 max=66.47 min=5.11
10-27 12:44:09.058 D/MIUIInput( 1532): [MotionEvent] publisher action=0x0, deviceId=3, 410369172, channel '9946e7b com.strimqa.android.app.strimqa/com.strimqa.mobile_client.MainActivity (server)'
10-27 12:44:09.087 I/BufferQueueProducer(  924): [SurfaceView[com.strimqa.android.app.strimqa/com.strimqa.mobile_client.MainActivity](BLAST)#121881](this:0xb400007a431e4a80,id:-1,api:0,p:-1,c:924) queueBuffer: fps=7.45 dur=1074.25 max=1016.21 min=8.20
10-27 12:44:09.128 D/MIUIInput( 1532): [MotionEvent] publisher action=0x1, deviceId=3, 410369243, channel '9946e7b com.strimqa.android.app.strimqa/com.strimqa.mobile_client.MainActivity (server)'
10-27 12:44:10.992 I/libPowerHal(  861): [perfNotifyAppState] pack:com.strimqa.android.app.strimqa, act:com.strimqa.mobile_client.MainActivity, state:5, pid:7952, uid:10328, fps:-1
10-27 12:44:11.397 D/MIUIInput( 1532): [MotionEvent] publisher action=0x0, deviceId=3, 410371511, channel '9946e7b com.strimqa.android.app.strimqa/com.strimqa.mobile_client.MainActivity (server)'
10-27 12:44:11.413 I/BufferQueueProducer(  924): [SurfaceView[com.strimqa.android.app.strimqa/com.strimqa.mobile_client.MainActivity](BLAST)#121881](this:0xb400007a431e4a80,id:-1,api:0,p:-1,c:924) queueBuffer: fps=36.97 dur=2326.37 max=1499.49 min=7.96
10-27 12:44:11.469 D/MIUIInput( 1532): [MotionEvent] publisher action=0x1, deviceId=3, 410371584, channel '9946e7b com.strimqa.android.app.strimqa/com.strimqa.mobile_client.MainActivity (server)'
10-27 12:44:12.782 D/MIUIInput( 1532): [KeyEvent] publisher action:0x0,  keyCode:4 , deviceId=-1, 410372824,channel '9946e7b com.strimqa.android.app.strimqa/com.strimqa.mobile_client.MainActivity (server)' 
10-27 12:44:12.785 D/MIUIInput( 7952): [KeyEvent] ViewRootImpl windowName 'com.strimqa.android.app.strimqa/com.strimqa.mobile_client.MainActivity', KeyEvent { action=ACTION_DOWN, keyCode=KEYCODE_BACK, scanCode=0, metaState=0, flags=0x48, repeatCount=0, eventTime=410372824000000, downTime=410372824000000, deviceId=-1, source=0x101, displayId=0 }, phoneEventTime=12:44:12.709
10-27 12:44:12.791 D/MIUIInput( 1532): [KeyEvent] publisher action:0x1,  keyCode:4 , deviceId=-1, 410372891,channel '9946e7b com.strimqa.android.app.strimqa/com.strimqa.mobile_client.MainActivity (server)' 
10-27 12:44:12.802 D/MIUIInput( 7952): [KeyEvent] ViewRootImpl windowName 'com.strimqa.android.app.strimqa/com.strimqa.mobile_client.MainActivity', KeyEvent { action=ACTION_UP, keyCode=KEYCODE_BACK, scanCode=0, metaState=0, flags=0x48, repeatCount=0, eventTime=410372891000000, downTime=410372824000000, deviceId=-1, source=0x101, displayId=0 }, phoneEventTime=12:44:12.776
10-27 12:44:12.814 W/WindowManager( 1532): Changing focus from Window{9946e7b u0 com.strimqa.android.app.strimqa/com.strimqa.mobile_client.MainActivity} to null displayId=0 Callers=com.android.server.wm.RootWindowContainer.updateFocusedWindowLocked:557 com.android.server.wm.WindowManagerService.updateFocusedWindowLocked:6962 com.android.server.wm.ActivityTaskManagerService.setLastResumedActivityUncheckLocked:5565 com.android.server.wm.ActivityRecord.moveFocusableActivityToTop:4045 
10-27 12:44:12.817 D/MiuiFreeFormGestureController( 1532): deliverResultForFinishActivity resultTo: null resultFrom: ActivityRecord{671b184 u0 com.strimqa.android.app.strimqa/com.strimqa.mobile_client.MainActivity t1392 f}} isInVideoOrGameScene: false intent: Intent { act=android.intent.action.MAIN cat=[android.intent.category.LAUNCHER] flg=0x10200000 cmp=com.strimqa.android.app.strimqa/com.strimqa.mobile_client.MainActivity bnds=[47,21][207,181] (has extras) }
10-27 12:44:12.818 D/WindowManager( 1532): Collecting in transition 9118: Task{296fd6d #1392 type=standard A=10328:com.strimqa.android.app.strimqa} init visibleRequested:true
10-27 12:44:12.819 D/WindowManager( 1532): Collecting in transition 9118: ActivityRecord{671b184 u0 com.strimqa.android.app.strimqa/com.strimqa.mobile_client.MainActivity t1392 f}} init visibleRequested:true
10-27 12:44:12.821 I/PowerHalWrapper( 1532): amsBoostNotify pid:7952,activity:com.strimqa.mobile_client.MainActivity, package:com.strimqa.android.app.strimqa, mProcessCreatePackcom.strimqa.android.app.strimqa 
10-27 12:44:12.822 I/mtkpower_client( 1532): [Legacy][PowerHal_Wrap_notifyAppState] com.strimqa.android.app.strimqa/com.strimqa.mobile_client.MainActivity pid=7952 state:0
10-27 12:44:12.827 I/libPowerHal(  861): [perfNotifyAppState] pack:com.strimqa.android.app.strimqa, act:com.strimqa.mobile_client.MainActivity, state:0, pid:7952, uid:10328, fps:-1
10-27 12:44:12.852 I/PowerHalWrapper( 1532): amsBoostNotify pid:2373,activity:com.miui.home.launcher.Launcher, package:com.miui.home, mProcessCreatePackcom.strimqa.android.app.strimqa 
10-27 12:44:12.860 I/GST     ( 6228): forePkg: com.miui.home, preForePkg: com.strimqa.android.app.strimqa
10-27 12:44:12.861 D/PerfEngineController( 5286): ForegroundInfo{mForegroundPackageName='com.miui.home', mForegroundUid=10157, mForegroundPid=2373, mLastForegroundPackageName='com.strimqa.android.app.strimqa', mLastForegroundUid=10328, mLastForegroundPid=7952, mMultiWindowForegroundPackageName='com.miui.home', mMultiWindowForegroundUid=10157, mFlags=0}
10-27 12:44:12.862 I/ProcessMonitor( 4969): onForegroundInfoChanged: ForegroundInfo{mForegroundPackageName='com.miui.home', mForegroundUid=10157, mForegroundPid=2373, mLastForegroundPackageName='com.strimqa.android.app.strimqa', mLastForegroundUid=10328, mLastForegroundPid=7952, mMultiWindowForegroundPackageName='com.miui.home', mMultiWindowForegroundUid=10157, mFlags=0}
10-27 12:44:12.866 I/GameBoosterService( 4969): onForegroundInfoChanged: Cur=com.miui.home	 last=com.strimqa.android.app.strimqa
10-27 12:44:12.866 I/mtkpower@impl(  861): [notifyAppState] pc:0, com.strimqa.android.app.strimqa => com.miui.home
10-27 12:44:12.866 D/GameBoosterService( 4969): onGameStatusChange foreground:ForegroundInfo{mForegroundPackageName='com.miui.home', mForegroundUid=10157, mForegroundPid=2373, mLastForegroundPackageName='com.strimqa.android.app.strimqa', mLastForegroundUid=10328, mLastForegroundPid=7952, mMultiWindowForegroundPackageName='com.miui.home', mMultiWindowForegroundUid=10157, mFlags=0}
10-27 12:44:12.868 I/BeautyService( 4969): onForegroundInfoChanged: Cur=com.miui.home	 last=com.strimqa.android.app.strimqa
10-27 12:44:12.872 I/BufferQueueProducer(  924): [SurfaceView[com.strimqa.android.app.strimqa/com.strimqa.mobile_client.MainActivity](BLAST)#121881](this:0xb400007a431e4a80,id:-1,api:0,p:-1,c:924) queueBuffer: fps=1.37 dur=1459.30 max=1380.12 min=79.18
10-27 12:44:12.917 D/WindowManager( 1532): Final targets: [Task{f98181f #1 type=home}, Task{296fd6d #1392 type=standard A=10328:com.strimqa.android.app.strimqa}, WallpaperWindowToken{c19b238 token=android.os.BinderProxy@3ac5e9b}, WallpaperWindowToken{393de6b token=android.os.Binder@84d9fba}]
10-27 12:44:12.932 D/WindowManager( 1532): snapshot isNothing = false source = Task{296fd6d #1392 type=standard A=10328:com.strimqa.android.app.strimqa}
10-27 12:44:12.932 D/WindowManager( 1532): Calling onTransitionReady info={id=9118 t=CLOSE f=0x0 trk=0 r=[0@Point(0, 0)] c=[{WCT{RemoteToken{ac713d0 Task{f98181f #1 type=home}}} m=TO_FRONT f=SHOW_WALLPAPER leash=Surface(name=Task=1#46)/@0xebbcd01 sb=Rect(0, 0 - 1080, 2400) eb=Rect(0, 0 - 1080, 2400) d=0},{WCT{RemoteToken{263d887 Task{296fd6d #1392 type=standard A=10328:com.strimqa.android.app.strimqa}}} m=CLOSE f=NONE leash=Surface(name=Task=1392#121863)/@0x4047f08 sb=Rect(0, 0 - 1080, 2400) eb=Rect(0, 0 - 1080, 2400) d=0},{null m=TO_FRONT f=IS_WALLPAPER leash=Surface(name=WallpaperWindowToken{c19b238 token=android.os.BinderProxy@3ac5e9b}#60340)/@0xa8e2211 sb=Rect(0, 0 - 1080, 2400) eb=Rect(0, 0 - 1080, 2400) d=0},{null m=TO_FRONT f=IS_WALLPAPER leash=Surface(name=WallpaperWindowToken{393de6b token=android.os.Binder@84d9fba}#55)/@0x504ae61 sb=Rect(0, 0 - 1080, 2400) eb=Rect(0, 0 - 1080, 2400) d=0}] noAni=[false] df=[false] mk=[false] nc=[0] oa=[false]}, mToken=Token{91c63c4 TransitionRecord{f819585 id=9118 type=CLOSE flags=0x0}}
10-27 12:44:12.940 D/WindowTransitionCompat( 2373): printLeash::taskInfo = TaskInfo{userId=0 taskId=1392 displayId=0 isRunning=false baseIntent=Intent { act=android.intent.action.MAIN cat=[android.intent.category.LAUNCHER] flg=0x10200000 cmp=com.strimqa.android.app.strimqa/com.strimqa.mobile_client.MainActivity } baseActivity=null topActivity=null origActivity=null realActivity=ComponentInfo{com.strimqa.android.app.strimqa/com.strimqa.mobile_client.MainActivity} numActivities=0 lastActiveTime=783218515 supportsSplitScreenMultiWindow=true supportsMultiWindow=true resizeMode=1 isResizeable=true minWidth=-1 minHeight=-1 defaultMinSize=200 token=WCT{android.window.IWindowContainerToken$Stub$Proxy@fe688dd} topActivityType=1 pictureInPictureParams=null shouldDockBigOverlays=false launchIntoPipHostTaskId=-1 lastParentTaskIdBeforePip=-1 displayCutoutSafeInsets=Rect(0, 94 - 0, 0) topActivityInfo=null launchCookies=[] positionInParent=Point(0, 0) parentTaskId=-1 isFocused=false isVisible=true isVisibleRequested=false isSleeping=false topActivityInSizeCompat=false topActivityEligibleForLetterboxEducation= false topActivityLetterboxed= false isFromDoubleTap= false topActivityLetterboxVerticalPosition= -1 topActivityLetterboxHorizontalPosition= -1 topActivityLetterboxWidth=-1 topActivityLetterboxHeight=-1 locusId=null displayAreaFeatureId=1 cameraCompatControlState=hidden mIsCastMode=false mTopActivityMediaSize=null mTopActivityRecordName=null mTopActivityOrientation=-2 mTopActivityWindowIsNowVisible=false isTranslucent=true isEmbedded=false shouldBeVisible=false isImmersive=false mBehindAppLockPkg=null mOriginatingUid=0}
10-27 12:44:12.942 D/TransitionUtil( 2373): get key :ComponentInfo{com.strimqa.android.app.strimqa/com.strimqa.mobile_client.MainActivity}#1392
10-27 12:44:12.957 I/WindowElement1fd8e1c( 2373): getClosingWindowAnimParams closingTarget=RemoteAnimationTargetCompat{taskId=1392, mode=1, isTranslucent=false, clipRect=Rect(0, 0 - 0, 0), position=Point(0, 0), sourceContainerBounds=Rect(0, 0 - 1080, 2400), prefixOrderIndex=3, isNotInRecents=true, contentInsets=Rect(0, 0 - 0, 0), activityType=1, packageName=com.strimqa.android.app.strimqa, startBounds=Rect(0, 0 - 1080, 2400), windowType=-1}, closingTargets.homeTarget=RemoteAnimationTargetCompat{taskId=1, mode=0, isTranslucent=false, clipRect=Rect(0, 0 - 0, 0), position=Point(0, 0), sourceContainerBounds=Rect(0, 0 - 1080, 2400), prefixOrderIndex=4, isNotInRecents=false, contentInsets=Rect(0, 0 - 0, 0), activityType=2, packageName=com.miui.home, startBounds=Rect(0, 0 - 1080, 2400), windowType=-1}
10-27 12:44:12.957 I/WindowAnimParamsProvider( 2373): getClosingWindowAnimParams closingTarget=RemoteAnimationTargetCompat{taskId=1392, mode=1, isTranslucent=false, clipRect=Rect(0, 0 - 0, 0), position=Point(0, 0), sourceContainerBounds=Rect(0, 0 - 1080, 2400), prefixOrderIndex=3, isNotInRecents=true, contentInsets=Rect(0, 0 - 0, 0), activityType=1, packageName=com.strimqa.android.app.strimqa, startBounds=Rect(0, 0 - 1080, 2400), windowType=-1}, closingTargets.homeTarget=RemoteAnimationTargetCompat{taskId=1, mode=0, isTranslucent=false, clipRect=Rect(0, 0 - 0, 0), position=Point(0, 0), sourceContainerBounds=Rect(0, 0 - 1080, 2400), prefixOrderIndex=4, isNotInRecents=false, contentInsets=Rect(0, 0 - 0, 0), activityType=2, packageName=com.miui.home, startBounds=Rect(0, 0 - 1080, 2400), windowType=-1}, closingTargets.secondTarget=null
10-27 12:44:12.957 I/WindowAnimParamsProvider( 2373): getClosingWindowAnimParams target =RemoteAnimationTargetCompat{taskId=1392, mode=1, isTranslucent=false, clipRect=Rect(0, 0 - 0, 0), position=Point(0, 0), sourceContainerBounds=Rect(0, 0 - 1080, 2400), prefixOrderIndex=3, isNotInRecents=true, contentInsets=Rect(0, 0 - 0, 0), activityType=1, packageName=com.strimqa.android.app.strimqa, startBounds=Rect(0, 0 - 1080, 2400), windowType=-1}
10-27 12:44:12.958 I/WindowAnimParamsProvider( 2373): getClosingWindowAnimParams getClosingShortcutIcon target= RemoteAnimationTargetCompat{taskId=1392, mode=1, isTranslucent=false, clipRect=Rect(0, 0 - 0, 0), position=Point(0, 0), sourceContainerBounds=Rect(0, 0 - 1080, 2400), prefixOrderIndex=3, isNotInRecents=true, contentInsets=Rect(0, 0 - 0, 0), activityType=1, packageName=com.strimqa.android.app.strimqa, startBounds=Rect(0, 0 - 1080, 2400), windowType=-1}
10-27 12:44:12.958 I/WindowAnimParamsProvider( 2373): getClosingWindowAnimParams getClosingShortcutIcon task before=  [TaskKey{id=1392, stackId=0, baseIntent=Intent { act=android.intent.action.MAIN cat=[android.intent.category.LAUNCHER] flg=0x10200000 cmp=com.strimqa.android.app.strimqa/com.strimqa.mobile_client.MainActivity }, userId=0, lastActiveTime=783182140, windowingMode=1, isThumbnailBlur=false, isScreening=false, topActivity=ComponentInfo{com.strimqa.android.app.strimqa/com.strimqa.mobile_client.MainActivity}, mHashCode=42392624}, title=StrimQa, titleDescription=StrimQa, bounds=null, isLaunchTarget=true, isStackTask=true, isSystemApp=false, isDockable=true, baseActivity=ComponentInfo{com.strimqa.android.app.strimqa/com.strimqa.mobile_client.MainActivity}, isLocked=false, isAccessLocked=false, mNeedHide=false, hasMultipleTasks=false, cti1Key=, cti2Key=] 
10-27 12:44:12.958 I/WindowAnimParamsProvider( 2373): getClosingWindowAnimParams getClosingShortcutIcon task after=  [TaskKey{id=1392, stackId=0, baseIntent=Intent { act=android.intent.action.MAIN cat=[android.intent.category.LAUNCHER] flg=0x10200000 cmp=com.strimqa.android.app.strimqa/com.strimqa.mobile_client.MainActivity }, userId=0, lastActiveTime=783182140, windowingMode=1, isThumbnailBlur=false, isScreening=false, topActivity=ComponentInfo{com.strimqa.android.app.strimqa/com.strimqa.mobile_client.MainActivity}, mHashCode=42392624}, title=StrimQa, titleDescription=StrimQa, bounds=null, isLaunchTarget=true, isStackTask=true, isSystemApp=false, isDockable=true, baseActivity=ComponentInfo{com.strimqa.android.app.strimqa/com.strimqa.mobile_client.MainActivity}, isLocked=false, isAccessLocked=false, mNeedHide=false, hasMultipleTasks=false, cti1Key=, cti2Key=] 
10-27 12:44:12.958 D/WindowAnimParamsProvider( 2373): getClosingShortcutIcon:CloseShortcutIconUtils.getCloseShortcutIcon  cn=ComponentInfo{com.strimqa.android.app.strimqa/com.strimqa.mobile_client.MainActivity}   userId=0
10-27 12:44:12.962 E/ActivityManagerWrapper( 2373):  mainTaskId=1392   userId=0   windowMode=1   baseIntent=Intent { act=android.intent.action.MAIN flag=270532608 cmp=ComponentInfo{com.strimqa.android.app.strimqa/com.strimqa.mobile_client.MainActivity} }
10-27 12:44:13.581 D/TaskView( 2373): TaskView bind task, task=[TaskKey{id=1392, stackId=0, baseIntent=Intent { act=android.intent.action.MAIN cat=[android.intent.category.LAUNCHER] flg=0x10200000 cmp=com.strimqa.android.app.strimqa/com.strimqa.mobile_client.MainActivity }, userId=0, lastActiveTime=783218515, windowingMode=1, isThumbnailBlur=false, isScreening=false, topActivity=null, mHashCode=42392624}, title=StrimQa, titleDescription=StrimQa, bounds=null, isLaunchTarget=false, isStackTask=true, isSystemApp=false, isDockable=true, baseActivity=null, isLocked=false, isAccessLocked=false, mNeedHide=false, hasMultipleTasks=false, cti1Key=, cti2Key=] , isLock=false, is9_1Task= false
10-27 12:44:13.581 D/TaskViewThumbnail( 2373): setThumbnail, t=[TaskKey{id=1392, stackId=0, baseIntent=Intent { act=android.intent.action.MAIN cat=[android.intent.category.LAUNCHER] flg=0x10200000 cmp=com.strimqa.android.app.strimqa/com.strimqa.mobile_client.MainActivity }, userId=0, lastActiveTime=783218515, windowingMode=1, isThumbnailBlur=false, isScreening=false, topActivity=null, mHashCode=42392624}, title=StrimQa, titleDescription=StrimQa, bounds=null, isLaunchTarget=false, isStackTask=true, isSystemApp=false, isDockable=true, baseActivity=null, isLocked=false, isAccessLocked=false, mNeedHide=false, hasMultipleTasks=false, cti1Key=, cti2Key=] , mThumbnailInfo=TaskThumbnailInfo{isSnapshotInvalidate=false}, mThumbnailBitmapRect=Rect(0, 0 - 1080, 2270)
10-27 12:44:13.581 D/TaskViewThumbnail( 2373): updateThumbnailScale, t=[TaskKey{id=1392, stackId=0, baseIntent=Intent { act=android.intent.action.MAIN cat=[android.intent.category.LAUNCHER] flg=0x10200000 cmp=com.strimqa.android.app.strimqa/com.strimqa.mobile_client.MainActivity }, userId=0, lastActiveTime=783218515, windowingMode=1, isThumbnailBlur=false, isScreening=false, topActivity=null, mHashCode=42392624}, title=StrimQa, titleDescription=StrimQa, bounds=null, isLaunchTarget=false, isStackTask=true, isSystemApp=false, isDockable=true, baseActivity=null, isLocked=false, isAccessLocked=false, mNeedHide=false, hasMultipleTasks=false, cti1Key=, cti2Key=] , mThumbnailBitmapSizeAfterScaled=(470, 987)
10-27 12:44:13.581 D/TaskViewThumbnail( 2373): updateThumbnailScale, t=[TaskKey{id=1392, stackId=0, baseIntent=Intent { act=android.intent.action.MAIN cat=[android.intent.category.LAUNCHER] flg=0x10200000 cmp=com.strimqa.android.app.strimqa/com.strimqa.mobile_client.MainActivity }, userId=0, lastActiveTime=783218515, windowingMode=1, isThumbnailBlur=false, isScreening=false, topActivity=null, mHashCode=42392624}, title=StrimQa, titleDescription=StrimQa, bounds=null, isLaunchTarget=false, isStackTask=true, isSystemApp=false, isDockable=true, baseActivity=null, isLocked=false, isAccessLocked=false, mNeedHide=false, hasMultipleTasks=false, cti1Key=, cti2Key=] , mThumbnailBitmapSizeAfterScaled=(469, 985)
10-27 12:44:13.581 D/TaskView( 2373): TaskView bind task, task=[TaskKey{id=1392, stackId=0, baseIntent=Intent { act=android.intent.action.MAIN cat=[android.intent.category.LAUNCHER] flg=0x10200000 cmp=com.strimqa.android.app.strimqa/com.strimqa.mobile_client.MainActivity }, userId=0, lastActiveTime=783218515, windowingMode=1, isThumbnailBlur=false, isScreening=false, topActivity=null, mHashCode=42392624}, title=StrimQa, titleDescription=StrimQa, bounds=null, isLaunchTarget=false, isStackTask=true, isSystemApp=false, isDockable=true, baseActivity=null, isLocked=false, isAccessLocked=false, mNeedHide=false, hasMultipleTasks=false, cti1Key=, cti2Key=] , isLock=false, is9_1Task= false
10-27 12:44:13.581 D/TaskViewThumbnail( 2373): setThumbnail, t=[TaskKey{id=1392, stackId=0, baseIntent=Intent { act=android.intent.action.MAIN cat=[android.intent.category.LAUNCHER] flg=0x10200000 cmp=com.strimqa.android.app.strimqa/com.strimqa.mobile_client.MainActivity }, userId=0, lastActiveTime=783218515, windowingMode=1, isThumbnailBlur=false, isScreening=false, topActivity=null, mHashCode=42392624}, title=StrimQa, titleDescription=StrimQa, bounds=null, isLaunchTarget=false, isStackTask=true, isSystemApp=false, isDockable=true, baseActivity=null, isLocked=false, isAccessLocked=false, mNeedHide=false, hasMultipleTasks=false, cti1Key=, cti2Key=] , mThumbnailInfo=TaskThumbnailInfo{isSnapshotInvalidate=false}, mThumbnailBitmapRect=Rect(0, 0 - 1080, 2270)
10-27 12:44:13.581 D/TaskViewThumbnail( 2373): updateThumbnailScale, t=[TaskKey{id=1392, stackId=0, baseIntent=Intent { act=android.intent.action.MAIN cat=[android.intent.category.LAUNCHER] flg=0x10200000 cmp=com.strimqa.android.app.strimqa/com.strimqa.mobile_client.MainActivity }, userId=0, lastActiveTime=783218515, windowingMode=1, isThumbnailBlur=false, isScreening=false, topActivity=null, mHashCode=42392624}, title=StrimQa, titleDescription=StrimQa, bounds=null, isLaunchTarget=false, isStackTask=true, isSystemApp=false, isDockable=true, baseActivity=null, isLocked=false, isAccessLocked=false, mNeedHide=false, hasMultipleTasks=false, cti1Key=, cti2Key=] , mThumbnailBitmapSizeAfterScaled=(469, 985)
10-27 12:44:13.584 D/TaskViewThumbnail( 2373): updateThumbnailScale, t=[TaskKey{id=1392, stackId=0, baseIntent=Intent { act=android.intent.action.MAIN cat=[android.intent.category.LAUNCHER] flg=0x10200000 cmp=com.strimqa.android.app.strimqa/com.strimqa.mobile_client.MainActivity }, userId=0, lastActiveTime=783218515, windowingMode=1, isThumbnailBlur=false, isScreening=false, topActivity=null, mHashCode=42392624}, title=StrimQa, titleDescription=StrimQa, bounds=null, isLaunchTarget=false, isStackTask=true, isSystemApp=false, isDockable=true, baseActivity=null, isLocked=false, isAccessLocked=false, mNeedHide=false, hasMultipleTasks=false, cti1Key=, cti2Key=] , mThumbnailBitmapSizeAfterScaled=(470, 987)
10-27 12:44:13.584 D/TaskViewThumbnail( 2373): updateThumbnailScale, t=[TaskKey{id=1392, stackId=0, baseIntent=Intent { act=android.intent.action.MAIN cat=[android.intent.category.LAUNCHER] flg=0x10200000 cmp=com.strimqa.android.app.strimqa/com.strimqa.mobile_client.MainActivity }, userId=0, lastActiveTime=783218515, windowingMode=1, isThumbnailBlur=false, isScreening=false, topActivity=null, mHashCode=42392624}, title=StrimQa, titleDescription=StrimQa, bounds=null, isLaunchTarget=false, isStackTask=true, isSystemApp=false, isDockable=true, baseActivity=null, isLocked=false, isAccessLocked=false, mNeedHide=false, hasMultipleTasks=false, cti1Key=, cti2Key=] , mThumbnailBitmapSizeAfterScaled=(469, 985)
10-27 12:44:13.599 I/SmartPower: com.strimqa.android.app.strimqa/10328(7952)( 1532): visible->invisible(37209ms) R(become invisible) adj=200.
10-27 12:44:13.599 I/SmartPower: com.strimqa.android.app.strimqa/10328(7952)( 1532): invisible->background(0ms) R(become background) adj=200.
10-27 12:44:13.600 I/PowerHalWrapper( 1532): amsBoostNotify pid:7952,activity:com.strimqa.mobile_client.MainActivity, package:com.strimqa.android.app.strimqa, mProcessCreatePackcom.strimqa.android.app.strimqa 
10-27 12:44:13.600 I/mtkpower_client( 1532): [Legacy][PowerHal_Wrap_notifyAppState] com.strimqa.android.app.strimqa/com.strimqa.mobile_client.MainActivity pid=7952 state:0
10-27 12:44:13.601 I/libPowerHal(  861): [perfNotifyAppState] pack:com.strimqa.android.app.strimqa, act:com.strimqa.mobile_client.MainActivity, state:0, pid:7952, uid:10328, fps:-1
10-27 12:44:13.607 D/BLASTBufferQueue( 7952): [SurfaceView[com.strimqa.android.app.strimqa/com.strimqa.mobile_client.MainActivity]#1](f:0,a:1) destructor()
10-27 12:44:13.609 D/BufferQueueConsumer( 7952): [SurfaceView[com.strimqa.android.app.strimqa/com.strimqa.mobile_client.MainActivity]#1(BLAST Consumer)1](id:1f1000000001,api:0,p:-1,c:7952) disconnect
10-27 12:44:13.616 I/BufferQueueDebug(  924): [5aadb97 ActivityRecordInputSink com.strimqa.android.app.strimqa/com.strimqa.mobile_client.MainActivity#121868](this:0xb400007a41958a80,id:-1,api:0,p:-1,c:924) onDestructor()
10-27 12:44:13.699 D/CoreBackPreview( 1532): Window{9946e7b u0 com.strimqa.android.app.strimqa/com.strimqa.mobile_client.MainActivity}: Setting back callback null
10-27 12:44:13.701 W/InputManager-JNI( 1532): Input channel object '9946e7b com.strimqa.android.app.strimqa/com.strimqa.mobile_client.MainActivity (client)' was disposed without first being removed with the input manager!
10-27 12:44:13.701 D/WindowManager( 1532): setParent old=ActivityRecord{671b184 u0 com.strimqa.android.app.strimqa/com.strimqa.mobile_client.MainActivity t1392 f}},new=null,this window=Window{9946e7b u0 com.strimqa.android.app.strimqa/com.strimqa.mobile_client.MainActivity},callers=com.android.server.wm.WindowContainer.removeChild:840 com.android.server.wm.ActivityRecord.removeChild:5227 com.android.server.wm.ActivityRecord.removeChild:470 com.android.server.wm.WindowContainer.removeImmediately:898 com.android.server.wm.WindowState.removeImmediately:2538 com.android.server.wm.WindowState.removeIfPossible:2719 
10-27 12:44:13.706 D/WindowManager( 1532): setParent old=Task{296fd6d #1392 type=standard A=10328:com.strimqa.android.app.strimqa},new=null,this window=ActivityRecord{671b184 u0 com.strimqa.android.app.strimqa/com.strimqa.mobile_client.MainActivity t1392 f}},callers=com.android.server.wm.WindowContainer.removeChild:840 com.android.server.wm.TaskFragment.removeChild:3119 com.android.server.wm.Task.removeChild:1822 com.android.server.wm.Task.removeChild:1802 com.android.server.wm.WindowContainer.removeImmediately:898 com.android.server.wm.WindowToken.removeImmediately:376 
10-27 12:44:13.707 D/WindowManager( 1532): setParent old=DefaultTaskDisplayArea@43707175,new=null,this window=Task{296fd6d #1392 type=standard A=10328:com.strimqa.android.app.strimqa},callers=com.android.server.wm.WindowContainer.removeChild:840 com.android.server.wm.TaskDisplayArea.removeChildTask:359 com.android.server.wm.TaskDisplayArea.removeChild:350 com.android.server.wm.WindowContainer.removeImmediately:898 com.android.server.wm.TaskFragment.removeImmediately:3203 com.android.server.wm.Task.removeImmediately:3222 
10-27 12:44:13.715 E/ActivityManagerWrapper( 2373):  mainTaskId=1392   userId=0   windowMode=1   baseIntent=Intent { act=android.intent.action.MAIN flag=270532608 cmp=ComponentInfo{com.strimqa.android.app.strimqa/com.strimqa.mobile_client.MainActivity} }
10-27 12:44:13.715 I/BufferQueueDebug(  924): [9946e7b com.strimqa.android.app.strimqa/com.strimqa.mobile_client.MainActivity#121875](this:0xb400007a41a32a80,id:-1,api:0,p:-1,c:924) onDestructor()
10-27 12:44:13.715 I/BufferQueueDebug(  924): [com.strimqa.android.app.strimqa/com.strimqa.mobile_client.MainActivity#121876](this:0xb400007a431d7a80,id:-1,api:0,p:-1,c:924) onDestructor()
10-27 12:44:13.715 I/BufferQueueDebug(  924): [Bounds for - com.strimqa.android.app.strimqa/com.strimqa.mobile_client.MainActivity#121879](this:0xb400007a431dea80,id:-1,api:0,p:-1,c:924) onDestructor()
10-27 12:44:13.716 I/BufferQueueDebug(  924): [SurfaceView[com.strimqa.android.app.strimqa/com.strimqa.mobile_client.MainActivity]#121880](this:0xb400007a431e1a80,id:-1,api:0,p:-1,c:924) onDestructor()
10-27 12:44:13.716 I/BufferQueueDebug(  924): [SurfaceView[com.strimqa.android.app.strimqa/com.strimqa.mobile_client.MainActivity](BLAST)#121881](this:0xb400007a431e4a80,id:-1,api:0,p:-1,c:924) onDestructor()
10-27 12:44:13.716 D/WorldCirculate( 2373): getWorldCirculateInfo, taskInfo.baseIntent=Intent { act=android.intent.action.MAIN cat=[android.intent.category.LAUNCHER] flg=0x10200000 cmp=com.strimqa.android.app.strimqa/com.strimqa.mobile_client.MainActivity }, displayId=-1, but get Display failed
10-27 12:44:13.717 I/BufferQueueDebug(  924): [Background for SurfaceView[com.strimqa.android.app.strimqa/com.strimqa.mobile_client.MainActivity]#121882](this:0xb400007a431e7a80,id:-1,api:0,p:-1,c:924) onDestructor()
10-27 12:44:13.723 I/BufferQueueDebug(  924): [ActivityRecord{671b184 u0 com.strimqa.android.app.strimqa/com.strimqa.mobile_client.MainActivity t1392}#121864](this:0xb400007a41927a80,id:-1,api:0,p:-1,c:924) onDestructor()
10-27 12:44:14.025 I/SmartPower: com.strimqa.android.app.strimqa/10328(7952)( 1532): background->invisible(426ms) R(become foreground) adj=900.
10-27 12:44:14.025 D/WindowManager( 1532): Collecting in transition 9119: ActivityRecord{bc5f8c u0 com.strimqa.android.app.strimqa/com.strimqa.mobile_client.MainActivity init visibleRequested:false
10-27 12:44:14.025 D/WindowManager( 1532): setLockTaskAuth: task=Task{296fd6d #1392 type=standard A=10328:com.strimqa.android.app.strimqa} mLockTaskAuth=LOCK_TASK_AUTH_PINNABLE
10-27 12:44:14.025 D/MiuiFreeFormManagerService( 1532): onStartActivityInner as = Task{296fd6d #1392 type=standard A=10328:com.strimqa.android.app.strimqa} op = ActivityOptions(127502037), mPackageName=null, mAnimationType=13, mStartX=0, mStartY=0, mWidth=0, mHeight=0, mLaunchDisplayId=-1, mLaunchBoundsnull, activityOptionsInjector=ActivityOptionsInjector={freeformScale: -1.0, miniFreeformMode: false, needAnimation: true, useCustomLaunchBounds:false}
10-27 12:44:14.026 E/BufferQueueDebug(  924): [ActivityRecord{bc5f8c u0 com.strimqa.android.app.strimqa/com.strimqa.mobile_client.MainActivity t1392}#121902](this:0xb400007a42e14a80,id:-1,api:0,p:-1,c:-1) id info cannot be read from 'ActivityRecord{bc5f8c u0 com.strimqa.android.app.strimqa/com.strimqa.mobile_client.MainActivity t1392}#121902'
10-27 12:44:14.026 I/BufferQueueDebug(  924): [ActivityRecord{bc5f8c u0 com.strimqa.android.app.strimqa/com.strimqa.mobile_client.MainActivity t1392}#121902](this:0xb400007a42e14a80,id:-1,api:0,p:-1,c:-1) BufferQueue core=(924:/system/bin/surfaceflinger)
10-27 12:44:14.026 D/WindowManager( 1532): setLockTaskAuth: task=Task{296fd6d #1392 type=standard A=10328:com.strimqa.android.app.strimqa} mLockTaskAuth=LOCK_TASK_AUTH_PINNABLE
10-27 12:44:14.027 D/MiuiFreeFormManagerService( 1532): onStartActivityInner as = Task{296fd6d #1392 type=standard A=10328:com.strimqa.android.app.strimqa} op = ActivityOptions(127502037), mPackageName=null, mAnimationType=13, mStartX=0, mStartY=0, mWidth=0, mHeight=0, mLaunchDisplayId=-1, mLaunchBoundsnull, activityOptionsInjector=ActivityOptionsInjector={freeformScale: -1.0, miniFreeformMode: false, needAnimation: true, useCustomLaunchBounds:false}
10-27 12:44:14.032 I/PowerHalWrapper( 1532): amsBoostNotify pid:2373,activity:com.miui.home.launcher.Launcher, package:com.miui.home, mProcessCreatePackcom.strimqa.android.app.strimqa 
10-27 12:44:14.034 D/WindowManager( 1532): Collecting in transition 9119: ActivityRecord{bc5f8c u0 com.strimqa.android.app.strimqa/com.strimqa.mobile_client.MainActivity t1392} init visibleRequested:false
10-27 12:44:14.034 I/ActivityRecordImpl( 1532): setReadyForStartingWindow activityRecord = ActivityRecord{bc5f8c u0 com.strimqa.android.app.strimqa/com.strimqa.mobile_client.MainActivity t1392}
10-27 12:44:14.035 I/PowerHalWrapper( 1532): <amsBoostResume> last:com.miui.home, next:com.strimqa.android.app.strimqa 
10-27 12:44:14.035 D/WindowManager( 1532): Collecting in transition 9119: ActivityRecord{bc5f8c u0 com.strimqa.android.app.strimqa/com.strimqa.mobile_client.MainActivity t1392} init visibleRequested:true
10-27 12:44:14.037 D/WindowManager( 1532): Collecting in transition 9119: ActivityRecord{bc5f8c u0 com.strimqa.android.app.strimqa/com.strimqa.mobile_client.MainActivity t1392} init visibleRequested:true
10-27 12:44:14.037 D/WindowManager( 1532): Collecting in transition 9119: ActivityRecord{bc5f8c u0 com.strimqa.android.app.strimqa/com.strimqa.mobile_client.MainActivity t1392} init visibleRequested:true
10-27 12:44:14.037 D/ActivityStarterImpl( 1532): notifyHomeStartActivityFinish info = ActivityStartInfo{mPackageName='com.strimqa.android.app.strimqa', mIsTranslucent=false, mTransitionSyncId=9119, mStartingWindowColor=ffffffff, mBounds=Rect(0, 0 - 1080, 2400), mLaunchFromHome=true, mLaunchSuccess=true, mStartingWindowType=0, mTaskId=1392}
10-27 12:44:14.037 I/ActivityTaskManager( 1532): START u0 {act=android.intent.action.MAIN cat=[android.intent.category.LAUNCHER] flg=0x10300000 cmp=com.strimqa.android.app.strimqa/com.strimqa.mobile_client.MainActivity (has extras)} with LAUNCH_SINGLE_TOP from uid 10157 (BAL_ALLOW_ALLOWLISTED_COMPONENT) result code=0
10-27 12:44:14.038 D/libMEOW ( 7952): applied 1 plugins for [com.strimqa.android.app.strimqa]:
10-27 12:44:14.039 D/WindowManagerShell( 2364): wct=WindowContainerTransaction { changes = {} hops = [] errorCallbackToken=null taskFragmentOrganizer=null }, hander=com.android.wm.shell.transition.SoScMixedHandler@f7439e5, transitionToken=android.os.BinderProxy@b463dba, request=TransitionRequestInfo { type = OPEN, triggerTask = TaskInfo{userId=0 taskId=1392 displayId=0 isRunning=true baseIntent=Intent { act=android.intent.action.MAIN cat=[android.intent.category.LAUNCHER] flg=0x10300000 cmp=com.strimqa.android.app.strimqa/com.strimqa.mobile_client.MainActivity } baseActivity=ComponentInfo{com.strimqa.android.app.strimqa/com.strimqa.mobile_client.MainActivity} topActivity=ComponentInfo{com.strimqa.android.app.strimqa/com.strimqa.mobile_client.MainActivity} origActivity=null realActivity=ComponentInfo{com.strimqa.android.app.strimqa/com.strimqa.mobile_client.MainActivity} numActivities=1 lastActiveTime=783219730 supportsSplitScreenMultiWindow=true supportsMultiWindow=true resizeMode=1 isResizeable=true minWidth=-1 minHeight=-1 defaultMinSize=200 token=WCT{android.window.IWindowContainerToken$Stub$Proxy@b93246b} topActivityType=1 pictureInPictureParams=null shouldDockBigOverlays=false launchIntoPipHostTaskId=-1 lastParentTaskIdBeforePip=-1 displayCutoutSafeInsets=Rect(0, 94 - 0, 0) topActivityInfo=ActivityInfo{8814bc8 com.strimqa.mobile_client.MainActivity} launchCookies=[] positionInParent=Point(0, 0) parentTaskId=-1 isFocused=true isVisible=false isVisibleRequested=true isSleeping=false topActivityInSizeCompat=false topActivityEligibleForLetterboxEducation= false topActivityLetterboxed= false isFromDoubleTap= false topActivityLetterboxVerticalPosition= -1 topActivityLetterboxHorizontalPosition= -1 topActivityLetterboxWidth=-1 topActivityLetterboxHeight=-1 locusId=null displayAreaFeatureId=1 cameraCompatControlState=hidden mIsCastMode=false mTopActivityMediaSize=null mTopActivityRecordName=ActivityRecord{bc5f8c u0 com.strimqa.android.app.strimqa/com.strimqa.mobile_client.MainActivity t1392} mTopActivityOrientation=-1 mTopActivityWindowIsNowVisible=false isTranslucent=false isEmbedded=false shouldBeVisible=true isImmersive=false mBehindAppLockPkg=null mOriginatingUid=0}, remoteTransition = RemoteTransition { remoteTransition = android.window.IRemoteTransition$Stub$Proxy@8d46461, appThread = null, debugName = null, hyperRemoteTransition = null }, displayChange = null }
10-27 12:44:14.040 D/MiuiFullScreenTaskRepository( 2364): setFocusedTask taskId=1392, displayId=0, topActivity=ComponentInfo{com.strimqa.android.app.strimqa/com.strimqa.mobile_client.MainActivity}
10-27 12:44:14.040 D/MiuiFullScreenTaskRepository( 2364): addOrUpdateFullScreenTaskInfo taskId=1392, topActivity=ComponentInfo{com.strimqa.android.app.strimqa/com.strimqa.mobile_client.MainActivity}
10-27 12:44:14.040 I/ProcessMonitor( 4969): onForegroundInfoChanged: ForegroundInfo{mForegroundPackageName='com.strimqa.android.app.strimqa', mForegroundUid=10328, mForegroundPid=7952, mLastForegroundPackageName='com.miui.home', mLastForegroundUid=10157, mLastForegroundPid=2373, mMultiWindowForegroundPackageName='com.strimqa.android.app.strimqa', mMultiWindowForegroundUid=10328, mFlags=0}
10-27 12:44:14.040 I/GST     ( 6228): forePkg: com.strimqa.android.app.strimqa, preForePkg: com.miui.home
10-27 12:44:14.040 I/GameBoosterService( 4969): onForegroundInfoChanged: Cur=com.strimqa.android.app.strimqa	 last=com.miui.home
10-27 12:44:14.040 D/PerfEngineController( 5286): ForegroundInfo{mForegroundPackageName='com.strimqa.android.app.strimqa', mForegroundUid=10328, mForegroundPid=7952, mLastForegroundPackageName='com.miui.home', mLastForegroundUid=10157, mLastForegroundPid=2373, mMultiWindowForegroundPackageName='com.strimqa.android.app.strimqa', mMultiWindowForegroundUid=10328, mFlags=0}
10-27 12:44:14.041 D/GameBoosterService( 4969): onGameStatusChange foreground:ForegroundInfo{mForegroundPackageName='com.strimqa.android.app.strimqa', mForegroundUid=10328, mForegroundPid=7952, mLastForegroundPackageName='com.miui.home', mLastForegroundUid=10157, mLastForegroundPid=2373, mMultiWindowForegroundPackageName='com.strimqa.android.app.strimqa', mMultiWindowForegroundUid=10328, mFlags=0}
10-27 12:44:14.041 I/BeautyService( 4969): onForegroundInfoChanged: Cur=com.strimqa.android.app.strimqa	 last=com.miui.home
10-27 12:44:14.041 W/MIUISafety-Monitor( 4969): screen share ensure fg = com.strimqa.android.app.strimqa protect = false
10-27 12:44:14.041 E/BufferQueueDebug(  924): [78bb51 Splash Screen com.strimqa.android.app.strimqa#121903](this:0xb400007a42f14a80,id:-1,api:0,p:-1,c:-1) id info cannot be read from '78bb51 Splash Screen com.strimqa.android.app.strimqa#121903'
10-27 12:44:14.041 I/BufferQueueDebug(  924): [78bb51 Splash Screen com.strimqa.android.app.strimqa#121903](this:0xb400007a42f14a80,id:-1,api:0,p:-1,c:-1) BufferQueue core=(924:/system/bin/surfaceflinger)
10-27 12:44:14.042 I/PowerHalWrapper( 1532): amsBoostNotify pid:7952,activity:com.strimqa.mobile_client.MainActivity, package:com.strimqa.android.app.strimqa, mProcessCreatePackcom.strimqa.android.app.strimqa 
10-27 12:44:14.043 I/mtkpower_client( 1532): [Legacy][PowerHal_Wrap_notifyAppState] com.strimqa.android.app.strimqa/com.strimqa.mobile_client.MainActivity pid=7952 state:1
10-27 12:44:14.044 I/libPowerHal(  861): [perfNotifyAppState] pack:com.strimqa.android.app.strimqa, act:com.strimqa.mobile_client.MainActivity, state:1, pid:7952, uid:10328, fps:120
10-27 12:44:14.044 I/libPowerHal(  861): [perfNotifyAppState] foreground:com.strimqa.android.app.strimqa, pid:7952, uid:10328
10-27 12:44:14.045 I/mtkpower@impl(  861): [notifyAppState] pc:0, com.miui.home => com.strimqa.android.app.strimqa
10-27 12:44:14.045 E/BufferQueueDebug(  924): [Splash Screen com.strimqa.android.app.strimqa#121904](this:0xb400007a42f22a80,id:-1,api:0,p:-1,c:-1) id info cannot be read from 'Splash Screen com.strimqa.android.app.strimqa#121904'
10-27 12:44:14.045 I/BufferQueueDebug(  924): [Splash Screen com.strimqa.android.app.strimqa#121904](this:0xb400007a42f22a80,id:-1,api:0,p:-1,c:-1) BufferQueue core=(924:/system/bin/surfaceflinger)
10-27 12:44:14.050 I/BLASTSyncEngine( 1532): SyncGroup 9119:  Unfinished container:ActivityRecord{bc5f8c u0 com.strimqa.android.app.strimqa/com.strimqa.mobile_client.MainActivity t1392}
10-27 12:44:14.050 I/ActivityRecordImpl( 1532): isReadyForStartingWindow topActivity = ActivityRecord{bc5f8c u0 com.strimqa.android.app.strimqa/com.strimqa.mobile_client.MainActivity t1392} isLaunchSourceTypeHome = true topActivity.mStartingWindow = Window{78bb51 u0 Splash Screen com.strimqa.android.app.strimqa}
10-27 12:44:14.051 I/SmartPower: com.strimqa.android.app.strimqa/10328(7952)( 1532): invisible->visible(26ms) R(become visible) adj=900.
10-27 12:44:14.052 D/WindowManager( 1532): Final targets: [Task{296fd6d #1392 type=standard A=10328:com.strimqa.android.app.strimqa}, Task{f98181f #1 type=home}]
