10-27 12:39:50.946 I/Finsky  (30203): [167] GMS-INS: Get module metadata from GmsCore, package=com.strimqa.android.app.strimqa.
10-27 12:39:50.966 I/Finsky  (30203): [429] GMS-INS: Metadata response for package:com.strimqa.android.app.strimqa, status:4
10-27 12:39:53.194 I/Finsky  (30203): [2] RTFA::IQ - Local install scheduled for package com.strimqa.android.app.strimqa
10-27 12:39:53.194 I/Finsky  (30203): [2] Will queue com.strimqa.android.app.strimqa to be downloaded over any network
10-27 12:39:53.200 W/Finsky  (30203): [2] No everExternallyHosted provided for com.strimqa.android.app.strimqa
10-27 12:39:53.226 I/Finsky:background(30343): [187] IQ: Attempting to validate incoming request. [Package:com.strimqa.android.app.strimqa, isid:_V24S8CcSUiQkXGrpc8LgQ]
10-27 12:39:53.227 I/Finsky:background(30343): [187] IQ::SLP: Process requests [Package:com.strimqa.android.app.strimqa, isid:_V24S8CcSUiQkXGrpc8LgQ].
10-27 12:39:53.233 I/Finsky:background(30343): [180] ICalc: estimated size required for installing com.strimqa.android.app.strimqa: 63250581 bytes
10-27 12:39:53.233 I/Finsky:background(30343): [180] IQ-PP-SC: total install size for package com.strimqa.android.app.strimqa: 63250581 bytes. ISID: _V24S8CcSUiQkXGrpc8LgQ
10-27 12:39:53.234 I/Finsky:background(30343): [174] IQ::PromiseIconPreprocessor: Creating PackageInstaller Session for [Package:com.strimqa.android.app.strimqa, isid:_V24S8CcSUiQkXGrpc8LgQ]
10-27 12:39:53.234 I/Finsky:background(30343): [174] IQ::IHP: [Package:com.strimqa.android.app.strimqa, isid:_V24S8CcSUiQkXGrpc8LgQ] is not applicable for install holdoff, modifying constraint.
10-27 12:39:53.235 I/Finsky:background(30343): [174] IQ: Scheduling install request package_name=com.strimqa.android.app.strimqa, pm_package_name=com.strimqa.android.app.strimqa, version=62, priority=2, reason=single_install, account_name=[igStdLYbKVwbk8TpgROpdDRi8qRpdi8hk9mqDhnPq9E], type=0, isid=_V24S8CcSUiQkXGrpc8LgQ, constraints=((IGNORE_HOLDOFF=true, NETWORK=ANY, PROVISIONING_STATE=PROVISIONED, BACKUP_MANAGER_STATE=BACKUP_READY, ALLOWED_DURING_ENTERPRISE_SETUP, AUTHENTICATION_REQUIRED, PROCESS_IMPORTANCE_THRESHOLD=125),), dataloader_install_data=disable_dataloader_streaming=false:IS_RETURNING_USER, install_primary_identifier=UNKNOWN_ACTION_SURFACE
10-27 12:39:53.238 I/Finsky:background(30343): [176] DL: Data loader session turned off due to Incremental install not requested: com.strimqa.android.app.strimqa
10-27 12:39:53.243 I/Finsky:background(30343): [272] IQSH: Checking storage for [com.strimqa.android.app.strimqa]
10-27 12:39:53.246 I/Finsky:background(30343): [272] ICalc: estimated size required for installing com.strimqa.android.app.strimqa: 126501162 bytes
10-27 12:39:53.246 I/Finsky:background(30343): [272] IQSH: total install size for package com.strimqa.android.app.strimqa is 126501162 bytes. ISID=_V24S8CcSUiQkXGrpc8LgQ
10-27 12:39:53.247 I/Finsky:background(30343): [272] IQSH: has sufficient storage for [com.strimqa.android.app.strimqa]
10-27 12:39:53.254 I/Finsky:background(30343): [271] SM: Session with Context {name=com.strimqa.android.app.strimqa versionCode=62} successfully created
10-27 12:39:53.254 I/Finsky:background(30343): [272] IQ: Notifying installation update. [Package:com.strimqa.android.app.strimqa, isid:_V24S8CcSUiQkXGrpc8LgQ], status=SCHEDULED, status_code=0, reason=single_install, tsc=PT0.055S, attempt=0
10-27 12:39:53.257 I/Finsky:background(30343): [2] PIM: Handling install package event for: com.strimqa.android.app.strimqa status:  SCHEDULED, isid: _V24S8CcSUiQkXGrpc8LgQ
10-27 12:39:53.266 I/Finsky  (30203): [2] DL: Data loader session turned off due to Incremental install not requested: com.strimqa.android.app.strimqa
10-27 12:39:53.271 I/Finsky:background(30343): [176] PIM: Loading icon for: com.strimqa.android.app.strimqa
10-27 12:39:53.272 I/Finsky:background(30343): [176] Waiting for bitmap for com.strimqa.android.app.strimqa
10-27 12:39:53.454 I/Finsky:background(30343): [172] IQ: There are 1 installs pending for job 3611: [com.strimqa.android.app.strimqa]
10-27 12:39:53.456 I/Finsky:background(30343): [172] IQ: Checking expedited install constraint for com.strimqa.android.app.strimqa.
10-27 12:39:53.459 I/Finsky:background(30343): [180] IQ: proceed install request for [Package:com.strimqa.android.app.strimqa, isid:_V24S8CcSUiQkXGrpc8LgQ].
10-27 12:39:53.460 I/Finsky:background(30343): [180] IQ: Notifying installation update. [Package:com.strimqa.android.app.strimqa, isid:_V24S8CcSUiQkXGrpc8LgQ], status=DOWNLOAD_PENDING, status_code=0, reason=single_install, tsc=PT0.261S, attempt=0
10-27 12:39:53.462 I/Finsky:background(30343): [2] PIM: Handling install package event for: com.strimqa.android.app.strimqa status:  DOWNLOAD_PENDING, isid: _V24S8CcSUiQkXGrpc8LgQ
10-27 12:39:53.463 I/Finsky:background(30343): [176] IQ: Requesting install request=package_name=com.strimqa.android.app.strimqa, pm_package_name=com.strimqa.android.app.strimqa, version=62, priority=2, reason=single_install, account_name=[igStdLYbKVwbk8TpgROpdDRi8qRpdi8hk9mqDhnPq9E], type=0, isid=_V24S8CcSUiQkXGrpc8LgQ, constraints=((IGNORE_HOLDOFF=true, NETWORK=ANY, PROVISIONING_STATE=PROVISIONED, BACKUP_MANAGER_STATE=BACKUP_READY, ALLOWED_DURING_ENTERPRISE_SETUP, AUTHENTICATION_REQUIRED, PROCESS_IMPORTANCE_THRESHOLD=125),), dataloader_install_data=disable_dataloader_streaming=false:IS_RETURNING_USER, install_primary_identifier=UNKNOWN_ACTION_SURFACE using installer.
10-27 12:39:53.463 I/Finsky:background(30343): [176] DL: Data loader session turned off due to Incremental install not requested: com.strimqa.android.app.strimqa
10-27 12:39:53.465 I/Finsky:background(30343): [277] IV2::EIU: install request for [Package:com.strimqa.android.app.strimqa, isid:_V24S8CcSUiQkXGrpc8LgQ] doesn't require existing install.
10-27 12:39:53.465 I/Finsky:background(30343): [277] IV2::FGCV: Foreground check passed for com.strimqa.android.app.strimqa
10-27 12:39:53.466 I/Finsky:background(30343): [180] IV2::DRV: install for [Package:com.strimqa.android.app.strimqa, isid:_V24S8CcSUiQkXGrpc8LgQ] not tracked by installer.
10-27 12:39:53.467 I/Finsky  (30203): [2] DL: Data loader session turned off due to Incremental install not requested: com.strimqa.android.app.strimqa
10-27 12:39:53.476 I/Finsky:background(30343): [277] DL: Data loader session turned off due to Incremental install not requested: com.strimqa.android.app.strimqa
10-27 12:39:53.476 I/Finsky:background(30343): [269] DL: Data loader session turned off due to Incremental install not requested: com.strimqa.android.app.strimqa
10-27 12:39:53.477 I/Finsky:background(30343): [271] SM: Session with Context {name=com.strimqa.android.app.strimqa versionCode=62} already exists, skipping creation
10-27 12:39:53.479 I/Finsky:background(30343): [174] IV2::TV: allowMeteredNetwork=true for [Package=com.strimqa.android.app.strimqa, isid=_V24S8CcSUiQkXGrpc8LgQ]
10-27 12:39:53.479 I/Finsky:background(30343): [174] IV2::TM: Task added. com.strimqa.android.app.strimqa[iid:1049] [isid:_V24S8CcSUiQkXGrpc8LgQ] [tid: 1000001209]
10-27 12:39:53.483 I/Finsky:background(30343): [174] IV2::TM: Starting task: com.strimqa.android.app.strimqa[iid:1049] [isid:_V24S8CcSUiQkXGrpc8LgQ] [tid: 1000001209]
10-27 12:39:53.483 I/Finsky:background(30343): [174] IV2::TD starting task. com.strimqa.android.app.strimqa[iid:1049] [isid:_V24S8CcSUiQkXGrpc8LgQ] [tid: 1000001209]
10-27 12:39:53.484 I/Finsky:background(30343): [277] IV2::TD: Fetching metadata start. com.strimqa.android.app.strimqa[iid:1049] [isid:_V24S8CcSUiQkXGrpc8LgQ] [tid: 1000001209]
10-27 12:39:53.485 I/Finsky:background(30343): [172] Attempt creation of cached APK for com.strimqa.android.app.strimqa
10-27 12:39:53.486 W/Finsky:background(30343): [174] IU: Account  from AppState for update of com.strimqa.android.app.strimqa no longer exists.
10-27 12:39:53.496 I/Finsky:background(30343): [2] Received bitmap for com.strimqa.android.app.strimqa
10-27 12:39:53.496 I/Finsky:background(30343): [174] PIM: Successfully retrieved bitmap for package: com.strimqa.android.app.strimqa.
10-27 12:39:53.634 I/Finsky:background(30343): [277] IV2::TD: Fetching metadata done. com.strimqa.android.app.strimqa[iid:1049] [isid:_V24S8CcSUiQkXGrpc8LgQ] [tid: 1000001209]
10-27 12:39:53.635 I/Finsky:background(30343): [172] AV::DSC: sufficient disk space space available for com.strimqa.android.app.strimqa[iid:1049] [isid:_V24S8CcSUiQkXGrpc8LgQ] [tid: 1000001209]: 63578562
10-27 12:39:53.639 W/Finsky:background(30343): [180] AV::PV: Can't download patch for package com.strimqa.android.app.strimqa, artifact com.strimqa.android.app.strimqa.apk, because didn't receive one in delivery response.
10-27 12:39:53.639 W/Finsky:background(30343): [180] AV::PV: Can't download patch for package com.strimqa.android.app.strimqa, artifact config.xxhdpi, because didn't receive one in delivery response.
10-27 12:39:53.640 W/Finsky:background(30343): [180] AV::PV: Can't download patch for package com.strimqa.android.app.strimqa, artifact config.uk, because didn't receive one in delivery response.
10-27 12:39:53.641 W/Finsky:background(30343): [180] AV::PV: Can't download patch for package com.strimqa.android.app.strimqa, artifact config.ru, because didn't receive one in delivery response.
10-27 12:39:53.642 W/Finsky:background(30343): [180] AV::PV: Can't download patch for package com.strimqa.android.app.strimqa, artifact config.arm64_v8a, because didn't receive one in delivery response.
10-27 12:39:53.642 I/Finsky:background(30343): [277] IV2::TD: Resource fetch start. com.strimqa.android.app.strimqa[iid:1049] [isid:_V24S8CcSUiQkXGrpc8LgQ] [tid: 1000001209]
10-27 12:39:53.643 I/Finsky:background(30343): [277] IV2: onTaskProgress com.strimqa.android.app.strimqa[iid:1049] [isid:_V24S8CcSUiQkXGrpc8LgQ] status:RESOURCE_FETCH_START, size: 0/0
10-27 12:39:53.644 I/Finsky:background(30343): [272] IQ: Notifying installation update. [Package:com.strimqa.android.app.strimqa, isid:_V24S8CcSUiQkXGrpc8LgQ], status=DOWNLOADING, status_code=0, reason=single_install, tsc=PT0.445S, attempt=0
10-27 12:39:53.645 I/Finsky:background(30343): [176] RM: create resource request id dd431658-1a8e-47e6-be98-f3e7c3f0afb2 for request com.strimqa.android.app.strimqa.dm reason: single_install isid: _V24S8CcSUiQkXGrpc8LgQ
10-27 12:39:53.648 I/Finsky:background(30343): [172] RM: create resource request id cd90fccf-9b66-4ea7-b0c8-a1f9c18b2d7d for request com.strimqa.android.app.strimqa.apk reason: single_install isid: _V24S8CcSUiQkXGrpc8LgQ
10-27 12:39:53.650 I/Finsky  (30203): [2] DL: Data loader session turned off due to Incremental install not requested: com.strimqa.android.app.strimqa
10-27 12:39:53.650 I/Finsky:background(30343): [2] PIM: Handling install package event for: com.strimqa.android.app.strimqa status:  DOWNLOADING, isid: _V24S8CcSUiQkXGrpc8LgQ
10-27 12:39:53.675 I/Finsky:background(30343): [286] DS: enqueue(request_id=6492, files_to_download=[com.strimqa.android.app.strimqa.dm(size:125721)], context[group_id=com.strimqa.android.app.strimqa:_V24S8CcSUiQkXGrpc8LgQ], display_data[invisible=false, title=StrimQa — ваш QA навигатор!], network_restrictions=ANY_NETWORK
10-27 12:39:53.681 I/Finsky:background(30343): [286] DS: enqueue(request_id=6493, files_to_download=[config.arm64_v8a(size:8646440)], context[group_id=com.strimqa.android.app.strimqa:_V24S8CcSUiQkXGrpc8LgQ], display_data[invisible=false, title=StrimQa — ваш QA навигатор!], network_restrictions=ANY_NETWORK
10-27 12:39:53.687 I/Finsky:background(30343): [286] DS: enqueue(request_id=6494, files_to_download=[com.strimqa.android.app.strimqa.apk(size:27534345)], context[group_id=com.strimqa.android.app.strimqa:_V24S8CcSUiQkXGrpc8LgQ], display_data[invisible=false, title=StrimQa — ваш QA навигатор!], network_restrictions=ANY_NETWORK
10-27 12:39:53.691 I/Finsky:background(30343): [286] DS: enqueue with parallel downloads (request_id=6492,groupId=com.strimqa.android.app.strimqa:_V24S8CcSUiQkXGrpc8LgQ)
10-27 12:39:53.692 I/Finsky:background(30343): [286] DS: enqueue(request_id=6495, files_to_download=[config.uk(size:8334)], context[group_id=com.strimqa.android.app.strimqa:_V24S8CcSUiQkXGrpc8LgQ], display_data[invisible=false, title=StrimQa — ваш QA навигатор!], network_restrictions=ANY_NETWORK
10-27 12:39:53.692 I/Finsky:background(30343): [286] DS: enqueue(request_id=6496, files_to_download=[config.ru(size:9306)], context[group_id=com.strimqa.android.app.strimqa:_V24S8CcSUiQkXGrpc8LgQ], display_data[invisible=false, title=StrimQa — ваш QA навигатор!], network_restrictions=ANY_NETWORK
10-27 12:39:53.692 I/Finsky:background(30343): [286] DSC::L: Update all listeners for download <6492:QUEUED with WAITING_FOR_START:0%[0%]> in group com.strimqa.android.app.strimqa:_V24S8CcSUiQkXGrpc8LgQ
10-27 12:39:53.706 I/Finsky:background(30343): [286] DS: enqueue with parallel downloads (request_id=6493,groupId=com.strimqa.android.app.strimqa:_V24S8CcSUiQkXGrpc8LgQ)
10-27 12:39:53.706 I/Finsky:background(30343): [286] DS: enqueue(request_id=6497, files_to_download=[config.xxhdpi(size:49927)], context[group_id=com.strimqa.android.app.strimqa:_V24S8CcSUiQkXGrpc8LgQ], display_data[invisible=false, title=StrimQa — ваш QA навигатор!], network_restrictions=ANY_NETWORK
10-27 12:39:53.715 I/Finsky:background(30343): [286] DSC::L: Update all listeners for download <6492:RUNNING:0%[0%]> in group com.strimqa.android.app.strimqa:_V24S8CcSUiQkXGrpc8LgQ
10-27 12:39:53.715 I/Finsky:background(30343): [178] RM: new request resourceRequestId=dd431658-1a8e-47e6-be98-f3e7c3f0afb2 requestId=6492 package=com.strimqa.android.app.strimqa artifact=com.strimqa.android.app.strimqa.dm isid=_V24S8CcSUiQkXGrpc8LgQ
10-27 12:39:53.715 I/Finsky:background(30343): [286] RM: receive resource status onStart com.strimqa.android.app.strimqa.dm reason: single_install isid: _V24S8CcSUiQkXGrpc8LgQ, 2, 192, size: 0/125721
10-27 12:39:53.715 I/Finsky:background(30343): [286] RM: receive resource status onProgress download_request_id=6492, group_id=com.strimqa.android.app.strimqa.dm reason: single_install isid: _V24S8CcSUiQkXGrpc8LgQ, status_code=RESOURCE_STATUS_IN_PROGRESS, legacy_status_code=192, size: 0/125721
10-27 12:39:53.719 I/Finsky:background(30343): [178] RM: getStatus resourceRequestId=dd431658-1a8e-47e6-be98-f3e7c3f0afb2 requestId=6492 package=com.strimqa.android.app.strimqa artifact=com.strimqa.android.app.strimqa.dm isid=_V24S8CcSUiQkXGrpc8LgQ
10-27 12:39:53.727 I/Finsky:background(30343): [175] RM: getStatus resourceRequestId=dd431658-1a8e-47e6-be98-f3e7c3f0afb2 requestId=6492 package=com.strimqa.android.app.strimqa artifact=com.strimqa.android.app.strimqa.dm isid=_V24S8CcSUiQkXGrpc8LgQ
10-27 12:39:53.727 I/Finsky:background(30343): [186] RM: getStatus resourceRequestId=dd431658-1a8e-47e6-be98-f3e7c3f0afb2 requestId=6492 package=com.strimqa.android.app.strimqa artifact=com.strimqa.android.app.strimqa.dm isid=_V24S8CcSUiQkXGrpc8LgQ
10-27 12:39:53.728 I/Finsky:background(30343): [286] DSC::L: Update all listeners for download <6493:QUEUED with WAITING_FOR_START:0%[0%]> in group com.strimqa.android.app.strimqa:_V24S8CcSUiQkXGrpc8LgQ
10-27 12:39:53.743 I/Finsky:background(30343): [187] RM: new request resourceRequestId=c0261def-c951-44e4-b3b4-f9e1f782944e requestId=6493 package=com.strimqa.android.app.strimqa artifact=config.arm64_v8a isid=_V24S8CcSUiQkXGrpc8LgQ
10-27 12:39:53.743 I/Finsky:background(30343): [286] DS: enqueue with parallel downloads (request_id=6494,groupId=com.strimqa.android.app.strimqa:_V24S8CcSUiQkXGrpc8LgQ)
10-27 12:39:53.746 I/Finsky:background(30343): [175] RM: getStatus resourceRequestId=c0261def-c951-44e4-b3b4-f9e1f782944e requestId=6493 package=com.strimqa.android.app.strimqa artifact=config.arm64_v8a isid=_V24S8CcSUiQkXGrpc8LgQ
10-27 12:39:53.747 I/Finsky:background(30343): [286] DSC::L: Update all listeners for download <6493:RUNNING:0%[0%]> in group com.strimqa.android.app.strimqa:_V24S8CcSUiQkXGrpc8LgQ
10-27 12:39:53.747 I/Finsky:background(30343): [178] RM: getStatus resourceRequestId=c0261def-c951-44e4-b3b4-f9e1f782944e requestId=6493 package=com.strimqa.android.app.strimqa artifact=config.arm64_v8a isid=_V24S8CcSUiQkXGrpc8LgQ
10-27 12:39:53.760 I/Finsky:background(30343): [286] DSC::L: Update all listeners for download <6494:QUEUED with WAITING_FOR_START:0%[0%]> in group com.strimqa.android.app.strimqa:_V24S8CcSUiQkXGrpc8LgQ
10-27 12:39:53.774 I/Finsky:background(30343): [175] RM: new request resourceRequestId=cd90fccf-9b66-4ea7-b0c8-a1f9c18b2d7d requestId=6494 package=com.strimqa.android.app.strimqa artifact=com.strimqa.android.app.strimqa.apk isid=_V24S8CcSUiQkXGrpc8LgQ
10-27 12:39:53.775 I/Finsky:background(30343): [286] DS: enqueue with parallel downloads (request_id=6495,groupId=com.strimqa.android.app.strimqa:_V24S8CcSUiQkXGrpc8LgQ)
10-27 12:39:53.776 I/Finsky:background(30343): [286] DS: enqueue with parallel downloads (request_id=6496,groupId=com.strimqa.android.app.strimqa:_V24S8CcSUiQkXGrpc8LgQ)
10-27 12:39:53.776 I/Finsky:background(30343): [286] DSC::L: Update all listeners for download <6494:RUNNING:0%[0%]> in group com.strimqa.android.app.strimqa:_V24S8CcSUiQkXGrpc8LgQ
10-27 12:39:53.776 I/Finsky:background(30343): [286] RM: receive resource status onProgress download_request_id=6494, group_id=com.strimqa.android.app.strimqa.apk reason: single_install isid: _V24S8CcSUiQkXGrpc8LgQ, status_code=RESOURCE_STATUS_IN_PROGRESS, legacy_status_code=192, size: 0/27534345
10-27 12:39:53.777 I/Finsky:background(30343): [187] RM: getStatus resourceRequestId=cd90fccf-9b66-4ea7-b0c8-a1f9c18b2d7d requestId=6494 package=com.strimqa.android.app.strimqa artifact=com.strimqa.android.app.strimqa.apk isid=_V24S8CcSUiQkXGrpc8LgQ
10-27 12:39:53.777 I/Finsky:background(30343): [175] RM: getStatus resourceRequestId=cd90fccf-9b66-4ea7-b0c8-a1f9c18b2d7d requestId=6494 package=com.strimqa.android.app.strimqa artifact=com.strimqa.android.app.strimqa.apk isid=_V24S8CcSUiQkXGrpc8LgQ
10-27 12:39:53.791 I/Finsky:background(30343): [286] DSC::L: Update all listeners for download <6495:QUEUED with WAITING_FOR_START:0%[0%]> in group com.strimqa.android.app.strimqa:_V24S8CcSUiQkXGrpc8LgQ
10-27 12:39:53.801 I/Finsky:background(30343): [187] RM: new request resourceRequestId=50133166-7624-4e4d-8744-3dbd3526fd28 requestId=6495 package=com.strimqa.android.app.strimqa artifact=config.uk isid=_V24S8CcSUiQkXGrpc8LgQ
10-27 12:39:53.802 I/Finsky:background(30343): [286] DSC::L: Update all listeners for download <6496:QUEUED with WAITING_FOR_START:0%[0%]> in group com.strimqa.android.app.strimqa:_V24S8CcSUiQkXGrpc8LgQ
10-27 12:39:53.804 I/Finsky:background(30343): [178] RM: getStatus resourceRequestId=50133166-7624-4e4d-8744-3dbd3526fd28 requestId=6495 package=com.strimqa.android.app.strimqa artifact=config.uk isid=_V24S8CcSUiQkXGrpc8LgQ
10-27 12:39:53.811 I/Finsky:background(30343): [286] DS: DS: onGetDownload(request_id=6492, files_to_download=[com.strimqa.android.app.strimqa.dm(size:125721)], context[group_id=com.strimqa.android.app.strimqa:_V24S8CcSUiQkXGrpc8LgQ], display_data[invisible=false, title=StrimQa — ваш QA навигатор!], network_restrictions=ANY_NETWORK status=running, bytes_downloaded=0, total_bytes=125721, retry[count=0, next_retry=n/a])
10-27 12:39:53.812 I/Finsky:background(30343): [186] RM: new request resourceRequestId=0a412da4-c410-4d39-8d38-48f7c05cd19e requestId=6496 package=com.strimqa.android.app.strimqa artifact=config.ru isid=_V24S8CcSUiQkXGrpc8LgQ
10-27 12:39:53.812 I/Finsky:background(30343): [286] DS: DS: onGetDownload(request_id=6492, files_to_download=[com.strimqa.android.app.strimqa.dm(size:125721)], context[group_id=com.strimqa.android.app.strimqa:_V24S8CcSUiQkXGrpc8LgQ], display_data[invisible=false, title=StrimQa — ваш QA навигатор!], network_restrictions=ANY_NETWORK status=running, bytes_downloaded=0, total_bytes=125721, retry[count=0, next_retry=n/a])
10-27 12:39:53.812 I/Finsky:background(30343): [286] DS: DS: onGetDownload(request_id=6492, files_to_download=[com.strimqa.android.app.strimqa.dm(size:125721)], context[group_id=com.strimqa.android.app.strimqa:_V24S8CcSUiQkXGrpc8LgQ], display_data[invisible=false, title=StrimQa — ваш QA навигатор!], network_restrictions=ANY_NETWORK status=running, bytes_downloaded=0, total_bytes=125721, retry[count=0, next_retry=n/a])
10-27 12:39:53.814 I/Finsky:background(30343): [2] RF: resourceStatus for request_id=6492 group=com.strimqa.android.app.strimqa artifact=com.strimqa.android.app.strimqa.dm collectedBytes= 0 / 125721
10-27 12:39:53.814 I/Finsky:background(30343): [2] RF: Group=com.strimqa.android.app.strimqa totalBytesDownloaded= 0 / 36374073 for 1 artifacts
10-27 12:39:53.814 I/Finsky:background(30343): [286] DS: DS: onGetDownload(request_id=6493, files_to_download=[config.arm64_v8a(size:8646440)], context[group_id=com.strimqa.android.app.strimqa:_V24S8CcSUiQkXGrpc8LgQ], display_data[invisible=false, title=StrimQa — ваш QA навигатор!], network_restrictions=ANY_NETWORK status=running, bytes_downloaded=0, total_bytes=8646440, retry[count=0, next_retry=n/a])
10-27 12:39:53.815 I/Finsky:background(30343): [286] DSC::L: Update all listeners for download <6495:RUNNING:0%[0%]> in group com.strimqa.android.app.strimqa:_V24S8CcSUiQkXGrpc8LgQ
10-27 12:39:53.816 I/Finsky:background(30343): [175] RM: getStatus resourceRequestId=0a412da4-c410-4d39-8d38-48f7c05cd19e requestId=6496 package=com.strimqa.android.app.strimqa artifact=config.ru isid=_V24S8CcSUiQkXGrpc8LgQ
10-27 12:39:53.819 I/Finsky:background(30343): [277] IV2: onTaskProgress com.strimqa.android.app.strimqa[iid:1049] [isid:_V24S8CcSUiQkXGrpc8LgQ] status:RESOURCE_FETCH_PROGRESS, size: 0/36374073
10-27 12:39:53.820 I/Finsky:background(30343): [186] RM: getStatus resourceRequestId=50133166-7624-4e4d-8744-3dbd3526fd28 requestId=6495 package=com.strimqa.android.app.strimqa artifact=config.uk isid=_V24S8CcSUiQkXGrpc8LgQ
10-27 12:39:53.822 I/Finsky:background(30343): [272] IQ: Notifying installation update. [Package:com.strimqa.android.app.strimqa, isid:_V24S8CcSUiQkXGrpc8LgQ], status=DOWNLOADING, status_code=0, reason=single_install, tsc=PT0.623S, attempt=0
10-27 12:39:53.828 I/Finsky:background(30343): [2] PIM: Handling install package event for: com.strimqa.android.app.strimqa status:  DOWNLOADING, isid: _V24S8CcSUiQkXGrpc8LgQ
10-27 12:39:53.828 I/Finsky:background(30343): [286] DSC::L: Update all listeners for download <6496:RUNNING:0%[0%]> in group com.strimqa.android.app.strimqa:_V24S8CcSUiQkXGrpc8LgQ
10-27 12:39:53.831 I/Finsky:background(30343): [186] RM: getStatus resourceRequestId=0a412da4-c410-4d39-8d38-48f7c05cd19e requestId=6496 package=com.strimqa.android.app.strimqa artifact=config.ru isid=_V24S8CcSUiQkXGrpc8LgQ
10-27 12:39:53.831 I/Finsky  (30203): [2] DL: Data loader session turned off due to Incremental install not requested: com.strimqa.android.app.strimqa
10-27 12:39:53.841 I/Finsky:background(30343): [286] DS: DS: onGetDownload(request_id=6493, files_to_download=[config.arm64_v8a(size:8646440)], context[group_id=com.strimqa.android.app.strimqa:_V24S8CcSUiQkXGrpc8LgQ], display_data[invisible=false, title=StrimQa — ваш QA навигатор!], network_restrictions=ANY_NETWORK status=running, bytes_downloaded=0, total_bytes=8646440, retry[count=0, next_retry=n/a])
10-27 12:39:53.842 I/Finsky:background(30343): [286] DS: enqueue with parallel downloads (request_id=6497,groupId=com.strimqa.android.app.strimqa:_V24S8CcSUiQkXGrpc8LgQ)
10-27 12:39:53.842 I/Finsky:background(30343): [286] DS: DS: onGetDownload(request_id=6494, files_to_download=[com.strimqa.android.app.strimqa.apk(size:27534345)], context[group_id=com.strimqa.android.app.strimqa:_V24S8CcSUiQkXGrpc8LgQ], display_data[invisible=false, title=StrimQa — ваш QA навигатор!], network_restrictions=ANY_NETWORK status=running, bytes_downloaded=0, total_bytes=27534345, retry[count=0, next_retry=n/a])
10-27 12:39:53.842 I/Finsky:background(30343): [286] DS: DS: onGetDownload(request_id=6494, files_to_download=[com.strimqa.android.app.strimqa.apk(size:27534345)], context[group_id=com.strimqa.android.app.strimqa:_V24S8CcSUiQkXGrpc8LgQ], display_data[invisible=false, title=StrimQa — ваш QA навигатор!], network_restrictions=ANY_NETWORK status=running, bytes_downloaded=0, total_bytes=27534345, retry[count=0, next_retry=n/a])
10-27 12:39:53.842 I/Finsky:background(30343): [286] DSC::L: Update all listeners for download <6497:QUEUED with WAITING_FOR_START:0%[0%]> in group com.strimqa.android.app.strimqa:_V24S8CcSUiQkXGrpc8LgQ
10-27 12:39:53.842 I/Finsky:background(30343): [2] RF: resourceStatus for request_id=6493 group=com.strimqa.android.app.strimqa artifact=config.arm64_v8a collectedBytes= 0 / 8646440
10-27 12:39:53.842 I/Finsky:background(30343): [2] RF: Group=com.strimqa.android.app.strimqa totalBytesDownloaded= 0 / 36374073 for 2 artifacts
10-27 12:39:53.843 I/Finsky:background(30343): [2] RF: resourceStatus for request_id=6494 group=com.strimqa.android.app.strimqa artifact=com.strimqa.android.app.strimqa.apk collectedBytes= 0 / 27534345
10-27 12:39:53.843 I/Finsky:background(30343): [2] RF: Group=com.strimqa.android.app.strimqa totalBytesDownloaded= 0 / 36374073 for 3 artifacts
10-27 12:39:53.853 I/Finsky:background(30343): [286] DS: DS: onGetDownload(request_id=6495, files_to_download=[config.uk(size:8334)], context[group_id=com.strimqa.android.app.strimqa:_V24S8CcSUiQkXGrpc8LgQ], display_data[invisible=false, title=StrimQa — ваш QA навигатор!], network_restrictions=ANY_NETWORK status=running, bytes_downloaded=0, total_bytes=8334, retry[count=0, next_retry=n/a])
10-27 12:39:53.853 I/Finsky:background(30343): [286] DSC::L: Update all listeners for download <6497:RUNNING:0%[0%]> in group com.strimqa.android.app.strimqa:_V24S8CcSUiQkXGrpc8LgQ
10-27 12:39:53.854 I/Finsky:background(30343): [187] RM: new request resourceRequestId=50fc974f-d0a7-4724-8ebc-e74c1a20dde9 requestId=6497 package=com.strimqa.android.app.strimqa artifact=config.xxhdpi isid=_V24S8CcSUiQkXGrpc8LgQ
10-27 12:39:53.858 I/Finsky:background(30343): [186] RM: getStatus resourceRequestId=50fc974f-d0a7-4724-8ebc-e74c1a20dde9 requestId=6497 package=com.strimqa.android.app.strimqa artifact=config.xxhdpi isid=_V24S8CcSUiQkXGrpc8LgQ
10-27 12:39:53.866 I/Finsky:background(30343): [286] DS: DS: onGetDownload(request_id=6496, files_to_download=[config.ru(size:9306)], context[group_id=com.strimqa.android.app.strimqa:_V24S8CcSUiQkXGrpc8LgQ], display_data[invisible=false, title=StrimQa — ваш QA навигатор!], network_restrictions=ANY_NETWORK status=running, bytes_downloaded=0, total_bytes=9306, retry[count=0, next_retry=n/a])
10-27 12:39:53.867 I/Finsky:background(30343): [286] DS: DS: onGetDownload(request_id=6495, files_to_download=[config.uk(size:8334)], context[group_id=com.strimqa.android.app.strimqa:_V24S8CcSUiQkXGrpc8LgQ], display_data[invisible=false, title=StrimQa — ваш QA навигатор!], network_restrictions=ANY_NETWORK status=running, bytes_downloaded=0, total_bytes=8334, retry[count=0, next_retry=n/a])
10-27 12:39:53.867 I/Finsky:background(30343): [286] DS: DS: onGetDownload(request_id=6496, files_to_download=[config.ru(size:9306)], context[group_id=com.strimqa.android.app.strimqa:_V24S8CcSUiQkXGrpc8LgQ], display_data[invisible=false, title=StrimQa — ваш QA навигатор!], network_restrictions=ANY_NETWORK status=running, bytes_downloaded=0, total_bytes=9306, retry[count=0, next_retry=n/a])
10-27 12:39:53.867 I/Finsky:background(30343): [286] DS: DS: onGetDownload(request_id=6497, files_to_download=[config.xxhdpi(size:49927)], context[group_id=com.strimqa.android.app.strimqa:_V24S8CcSUiQkXGrpc8LgQ], display_data[invisible=false, title=StrimQa — ваш QA навигатор!], network_restrictions=ANY_NETWORK status=running, bytes_downloaded=0, total_bytes=49927, retry[count=0, next_retry=n/a])
10-27 12:39:53.868 I/Finsky:background(30343): [2] RF: resourceStatus for request_id=6495 group=com.strimqa.android.app.strimqa artifact=config.uk collectedBytes= 0 / 8334
10-27 12:39:53.868 I/Finsky:background(30343): [2] RF: Group=com.strimqa.android.app.strimqa totalBytesDownloaded= 0 / 36374073 for 4 artifacts
10-27 12:39:53.870 I/Finsky:background(30343): [2] RF: resourceStatus for request_id=6496 group=com.strimqa.android.app.strimqa artifact=config.ru collectedBytes= 0 / 9306
10-27 12:39:53.870 I/Finsky:background(30343): [2] RF: Group=com.strimqa.android.app.strimqa totalBytesDownloaded= 0 / 36374073 for 5 artifacts
10-27 12:39:54.178 I/Finsky:background(30343): [286] DSC::L: Update all listeners for download <6495:RUNNING:0%[0%]> in group com.strimqa.android.app.strimqa:_V24S8CcSUiQkXGrpc8LgQ
10-27 12:39:54.179 I/Finsky:background(30343): [178] RM: getStatus resourceRequestId=50133166-7624-4e4d-8744-3dbd3526fd28 requestId=6495 package=com.strimqa.android.app.strimqa artifact=config.uk isid=_V24S8CcSUiQkXGrpc8LgQ
10-27 12:39:54.190 I/Finsky:background(30343): [286] DSC::L: Update all listeners for download <6495:RUNNING:100%[100%]> in group com.strimqa.android.app.strimqa:_V24S8CcSUiQkXGrpc8LgQ
10-27 12:39:54.195 I/Finsky:background(30343): [187] RM: getStatus resourceRequestId=50133166-7624-4e4d-8744-3dbd3526fd28 requestId=6495 package=com.strimqa.android.app.strimqa artifact=config.uk isid=_V24S8CcSUiQkXGrpc8LgQ
10-27 12:39:54.205 I/Finsky:background(30343): [286] DS: DS: onGetDownload(request_id=6495, files_to_download=[config.uk(size:8334)], context[group_id=com.strimqa.android.app.strimqa:_V24S8CcSUiQkXGrpc8LgQ], display_data[invisible=false, title=StrimQa — ваш QA навигатор!], network_restrictions=ANY_NETWORK status=running, bytes_downloaded=8334, total_bytes=8334, retry[count=0, next_retry=n/a])
10-27 12:39:54.205 I/Finsky:background(30343): [286] DS: DS: onGetDownload(request_id=6495, files_to_download=[config.uk(size:8334)], context[group_id=com.strimqa.android.app.strimqa:_V24S8CcSUiQkXGrpc8LgQ], display_data[invisible=false, title=StrimQa — ваш QA навигатор!], network_restrictions=ANY_NETWORK status=succeeded, bytes_downloaded=8334, total_bytes=8334, retry[count=0, next_retry=n/a])
10-27 12:39:54.206 I/Finsky:background(30343): [2] RF: resourceStatus for request_id=6495 group=com.strimqa.android.app.strimqa artifact=config.uk collectedBytes= 8334 / 8334
10-27 12:39:54.206 I/Finsky:background(30343): [2] RF: Group=com.strimqa.android.app.strimqa totalBytesDownloaded= 8334 / 36374073 for 5 artifacts
10-27 12:39:54.211 I/Finsky:background(30343): [2] RF: resourceStatus for request_id=6495 group=com.strimqa.android.app.strimqa artifact=config.uk collectedBytes= 8334 / 8334
10-27 12:39:54.211 I/Finsky:background(30343): [2] RF: Group=com.strimqa.android.app.strimqa totalBytesDownloaded= 8334 / 36374073 for 5 artifacts
10-27 12:39:54.212 I/Finsky:background(30343): [286] DSC::L: Update all listeners for download <6495:SUCCEEDED> in group com.strimqa.android.app.strimqa:_V24S8CcSUiQkXGrpc8LgQ
10-27 12:39:54.213 I/Finsky:background(30343): [186] RM: getStatus resourceRequestId=50133166-7624-4e4d-8744-3dbd3526fd28 requestId=6495 package=com.strimqa.android.app.strimqa artifact=config.uk isid=_V24S8CcSUiQkXGrpc8LgQ
10-27 12:39:54.222 I/Finsky:background(30343): [292] DU: Stored data usage stats for package com.strimqa.android.app.strimqa; completed bytes: 8334.
10-27 12:39:54.228 I/Finsky:background(30343): [286] DSC::L: Update all listeners for download <6493:RUNNING:0%[0%]> in group com.strimqa.android.app.strimqa:_V24S8CcSUiQkXGrpc8LgQ
10-27 12:39:54.229 I/Finsky:background(30343): [178] RM: getStatus resourceRequestId=c0261def-c951-44e4-b3b4-f9e1f782944e requestId=6493 package=com.strimqa.android.app.strimqa artifact=config.arm64_v8a isid=_V24S8CcSUiQkXGrpc8LgQ
10-27 12:39:54.238 I/Finsky:background(30343): [286] DS: DS: onGetDownload(request_id=6495, files_to_download=[config.uk(size:8334)], context[group_id=com.strimqa.android.app.strimqa:_V24S8CcSUiQkXGrpc8LgQ], display_data[invisible=false, title=StrimQa — ваш QA навигатор!], network_restrictions=ANY_NETWORK status=succeeded, bytes_downloaded=8334, total_bytes=8334, retry[count=0, next_retry=n/a])
10-27 12:39:54.238 I/Finsky:background(30343): [286] DS: DS: onGetDownload(request_id=6493, files_to_download=[config.arm64_v8a(size:8646440)], context[group_id=com.strimqa.android.app.strimqa:_V24S8CcSUiQkXGrpc8LgQ], display_data[invisible=false, title=StrimQa — ваш QA навигатор!], network_restrictions=ANY_NETWORK status=running, bytes_downloaded=0, total_bytes=8646440, retry[count=0, next_retry=n/a])
10-27 12:39:54.238 I/Finsky:background(30343): [2] RF: resourceStatus for request_id=6495 group=com.strimqa.android.app.strimqa artifact=config.uk collectedBytes= 8334 / 8334
10-27 12:39:54.238 I/Finsky:background(30343): [2] RF: Group=com.strimqa.android.app.strimqa totalBytesDownloaded= 8334 / 36374073 for 5 artifacts
10-27 12:39:54.239 I/Finsky:background(30343): [2] RF: resourceStatus for request_id=6495 group=com.strimqa.android.app.strimqa artifact=config.uk collectedBytes= 8334 / 8334
10-27 12:39:54.239 I/Finsky:background(30343): [2] RF: Group=com.strimqa.android.app.strimqa totalBytesDownloaded= 8334 / 36374073 for 5 artifacts
10-27 12:39:54.241 I/Finsky:background(30343): [277] IV2: onTaskProgress com.strimqa.android.app.strimqa[iid:1049] [isid:_V24S8CcSUiQkXGrpc8LgQ] status:RESOURCE_FETCH_PROGRESS, size: 8334/36374073
10-27 12:39:54.242 I/Finsky:background(30343): [2] RF: resourceStatus for request_id=6493 group=com.strimqa.android.app.strimqa artifact=config.arm64_v8a collectedBytes= 0 / 8646440
10-27 12:39:54.242 I/Finsky:background(30343): [2] RF: Group=com.strimqa.android.app.strimqa totalBytesDownloaded= 8334 / 36374073 for 5 artifacts
10-27 12:39:54.243 I/Finsky:background(30343): [277] IV2: onTaskProgress com.strimqa.android.app.strimqa[iid:1049] [isid:_V24S8CcSUiQkXGrpc8LgQ] status:RESOURCE_FETCH_PROGRESS, size: 8334/36374073
10-27 12:39:54.243 I/Finsky:background(30343): [272] IQ: Notifying installation update. [Package:com.strimqa.android.app.strimqa, isid:_V24S8CcSUiQkXGrpc8LgQ], status=DOWNLOADING, status_code=0, reason=single_install, tsc=PT1.044S, attempt=0
10-27 12:39:54.243 I/Finsky:background(30343): [172] RF::PP-Decompress: starting to decompress for com.strimqa.android.app.strimqa[iid:1049] [isid:_V24S8CcSUiQkXGrpc8LgQ] [tid: 1000001209].
10-27 12:39:54.243 I/Finsky:background(30343): [172] RF::PP-Copy: starting to copy for com.strimqa.android.app.strimqa[iid:1049] [isid:_V24S8CcSUiQkXGrpc8LgQ] [tid: 1000001209]
10-27 12:39:54.249 I/Finsky:background(30343): [2] PIM: Handling install package event for: com.strimqa.android.app.strimqa status:  DOWNLOADING, isid: _V24S8CcSUiQkXGrpc8LgQ
10-27 12:39:54.249 I/Finsky:background(30343): [286] DSC::L: Update all listeners for download <6492:RUNNING:0%[0%]> in group com.strimqa.android.app.strimqa:_V24S8CcSUiQkXGrpc8LgQ
10-27 12:39:54.250 I/Finsky:background(30343): [286] RM: receive resource status onProgress download_request_id=6492, group_id=com.strimqa.android.app.strimqa.dm reason: single_install isid: _V24S8CcSUiQkXGrpc8LgQ, status_code=RESOURCE_STATUS_IN_PROGRESS, legacy_status_code=192, size: 0/125721
10-27 12:39:54.251 I/Finsky:background(30343): [272] IQ: Notifying installation update. [Package:com.strimqa.android.app.strimqa, isid:_V24S8CcSUiQkXGrpc8LgQ], status=DOWNLOADING, status_code=0, reason=single_install, tsc=PT1.052S, attempt=0
10-27 12:39:54.251 I/Finsky:background(30343): [187] RM: getStatus resourceRequestId=dd431658-1a8e-47e6-be98-f3e7c3f0afb2 requestId=6492 package=com.strimqa.android.app.strimqa artifact=com.strimqa.android.app.strimqa.dm isid=_V24S8CcSUiQkXGrpc8LgQ
10-27 12:39:54.252 I/Finsky:background(30343): [172] RF::PP-Verify: starting to verify for com.strimqa.android.app.strimqa[iid:1049] [isid:_V24S8CcSUiQkXGrpc8LgQ] [tid: 1000001209].
10-27 12:39:54.254 I/Finsky  (30203): [2] DL: Data loader session turned off due to Incremental install not requested: com.strimqa.android.app.strimqa
10-27 12:39:54.263 I/Finsky:background(30343): [2] PIM: Handling install package event for: com.strimqa.android.app.strimqa status:  DOWNLOADING, isid: _V24S8CcSUiQkXGrpc8LgQ
10-27 12:39:54.265 I/Finsky:background(30343): [286] DS: DS: onGetDownload(request_id=6492, files_to_download=[com.strimqa.android.app.strimqa.dm(size:125721)], context[group_id=com.strimqa.android.app.strimqa:_V24S8CcSUiQkXGrpc8LgQ], display_data[invisible=false, title=StrimQa — ваш QA навигатор!], network_restrictions=ANY_NETWORK status=running, bytes_downloaded=0, total_bytes=125721, retry[count=0, next_retry=n/a])
10-27 12:39:54.267 I/Finsky:background(30343): [2] RF: resourceStatus for request_id=6492 group=com.strimqa.android.app.strimqa artifact=com.strimqa.android.app.strimqa.dm collectedBytes= 0 / 125721
10-27 12:39:54.267 I/Finsky:background(30343): [2] RF: Group=com.strimqa.android.app.strimqa totalBytesDownloaded= 8334 / 36374073 for 5 artifacts
10-27 12:39:54.276 I/Finsky  (30203): [2] DL: Data loader session turned off due to Incremental install not requested: com.strimqa.android.app.strimqa
10-27 12:39:54.283 I/Finsky:background(30343): [286] DSC::L: Update all listeners for download <6492:RUNNING:100%[100%]> in group com.strimqa.android.app.strimqa:_V24S8CcSUiQkXGrpc8LgQ
10-27 12:39:54.283 I/Finsky:background(30343): [286] RM: receive resource status onProgress download_request_id=6492, group_id=com.strimqa.android.app.strimqa.dm reason: single_install isid: _V24S8CcSUiQkXGrpc8LgQ, status_code=RESOURCE_STATUS_IN_PROGRESS, legacy_status_code=192, size: 125721/125721
10-27 12:39:54.286 I/Finsky:background(30343): [178] RM: getStatus resourceRequestId=dd431658-1a8e-47e6-be98-f3e7c3f0afb2 requestId=6492 package=com.strimqa.android.app.strimqa artifact=com.strimqa.android.app.strimqa.dm isid=_V24S8CcSUiQkXGrpc8LgQ
10-27 12:39:54.295 I/Finsky:background(30343): [286] DSC::L: Update all listeners for download <6492:SUCCEEDED> in group com.strimqa.android.app.strimqa:_V24S8CcSUiQkXGrpc8LgQ
10-27 12:39:54.295 I/Finsky:background(30343): [286] RM: receive resource status onSuccess com.strimqa.android.app.strimqa.dm reason: single_install isid: _V24S8CcSUiQkXGrpc8LgQ, 3, 200, size: 125721/125721
10-27 12:39:54.296 I/Finsky:background(30343): [175] RM: getStatus resourceRequestId=dd431658-1a8e-47e6-be98-f3e7c3f0afb2 requestId=6492 package=com.strimqa.android.app.strimqa artifact=com.strimqa.android.app.strimqa.dm isid=_V24S8CcSUiQkXGrpc8LgQ
10-27 12:39:54.306 I/Finsky:background(30343): [292] DU: Stored data usage stats for package com.strimqa.android.app.strimqa; completed bytes: 125721.
10-27 12:39:54.306 I/Finsky:background(30343): [286] DSC::L: Update all listeners for download <6494:RUNNING:0%[0%]> in group com.strimqa.android.app.strimqa:_V24S8CcSUiQkXGrpc8LgQ
10-27 12:39:54.306 I/Finsky:background(30343): [286] RM: receive resource status onStart com.strimqa.android.app.strimqa.apk reason: single_install isid: _V24S8CcSUiQkXGrpc8LgQ, 2, 192, size: 0/27534345
10-27 12:39:54.306 I/Finsky:background(30343): [286] RM: receive resource status onProgress download_request_id=6494, group_id=com.strimqa.android.app.strimqa.apk reason: single_install isid: _V24S8CcSUiQkXGrpc8LgQ, status_code=RESOURCE_STATUS_IN_PROGRESS, legacy_status_code=192, size: 0/27534345
10-27 12:39:54.307 I/Finsky:background(30343): [187] RM: getStatus resourceRequestId=cd90fccf-9b66-4ea7-b0c8-a1f9c18b2d7d requestId=6494 package=com.strimqa.android.app.strimqa artifact=com.strimqa.android.app.strimqa.apk isid=_V24S8CcSUiQkXGrpc8LgQ
10-27 12:39:54.307 I/Finsky:background(30343): [175] RM: getStatus resourceRequestId=cd90fccf-9b66-4ea7-b0c8-a1f9c18b2d7d requestId=6494 package=com.strimqa.android.app.strimqa artifact=com.strimqa.android.app.strimqa.apk isid=_V24S8CcSUiQkXGrpc8LgQ
10-27 12:39:54.316 I/Finsky:background(30343): [286] DS: DS: onGetDownload(request_id=6492, files_to_download=[com.strimqa.android.app.strimqa.dm(size:125721)], context[group_id=com.strimqa.android.app.strimqa:_V24S8CcSUiQkXGrpc8LgQ], display_data[invisible=false, title=StrimQa — ваш QA навигатор!], network_restrictions=ANY_NETWORK status=succeeded, bytes_downloaded=125721, total_bytes=125721, retry[count=0, next_retry=n/a])
10-27 12:39:54.316 I/Finsky:background(30343): [286] DS: DS: onGetDownload(request_id=6492, files_to_download=[com.strimqa.android.app.strimqa.dm(size:125721)], context[group_id=com.strimqa.android.app.strimqa:_V24S8CcSUiQkXGrpc8LgQ], display_data[invisible=false, title=StrimQa — ваш QA навигатор!], network_restrictions=ANY_NETWORK status=succeeded, bytes_downloaded=125721, total_bytes=125721, retry[count=0, next_retry=n/a])
10-27 12:39:54.317 I/Finsky:background(30343): [286] DS: DS: onGetDownload(request_id=6494, files_to_download=[com.strimqa.android.app.strimqa.apk(size:27534345)], context[group_id=com.strimqa.android.app.strimqa:_V24S8CcSUiQkXGrpc8LgQ], display_data[invisible=false, title=StrimQa — ваш QA навигатор!], network_restrictions=ANY_NETWORK status=running, bytes_downloaded=0, total_bytes=27534345, retry[count=0, next_retry=n/a])
10-27 12:39:54.317 I/Finsky:background(30343): [2] RF: resourceStatus for request_id=6492 group=com.strimqa.android.app.strimqa artifact=com.strimqa.android.app.strimqa.dm collectedBytes= 125721 / 125721
10-27 12:39:54.317 I/Finsky:background(30343): [2] RF: Group=com.strimqa.android.app.strimqa totalBytesDownloaded= 134055 / 36374073 for 5 artifacts
10-27 12:39:54.317 I/Finsky:background(30343): [286] DS: DS: onGetDownload(request_id=6494, files_to_download=[com.strimqa.android.app.strimqa.apk(size:27534345)], context[group_id=com.strimqa.android.app.strimqa:_V24S8CcSUiQkXGrpc8LgQ], display_data[invisible=false, title=StrimQa — ваш QA навигатор!], network_restrictions=ANY_NETWORK status=running, bytes_downloaded=0, total_bytes=27534345, retry[count=0, next_retry=n/a])
10-27 12:39:54.317 I/Finsky:background(30343): [2] RF: resourceStatus for request_id=6492 group=com.strimqa.android.app.strimqa artifact=com.strimqa.android.app.strimqa.dm collectedBytes= 125721 / 125721
10-27 12:39:54.317 I/Finsky:background(30343): [2] RF: Group=com.strimqa.android.app.strimqa totalBytesDownloaded= 134055 / 36374073 for 5 artifacts
10-27 12:39:54.317 I/Finsky:background(30343): [2] RF: resourceStatus for request_id=6492 group=com.strimqa.android.app.strimqa artifact=com.strimqa.android.app.strimqa.dm collectedBytes= 125721 / 125721
10-27 12:39:54.317 I/Finsky:background(30343): [2] RF: Group=com.strimqa.android.app.strimqa totalBytesDownloaded= 134055 / 36374073 for 5 artifacts
10-27 12:39:54.318 I/Finsky:background(30343): [277] IV2: onTaskProgress com.strimqa.android.app.strimqa[iid:1049] [isid:_V24S8CcSUiQkXGrpc8LgQ] status:RESOURCE_FETCH_PROGRESS, size: 134055/36374073
10-27 12:39:54.319 I/Finsky:background(30343): [176] RF: starting postprocessing for com.strimqa.android.app.strimqa.dm
10-27 12:39:54.319 I/Finsky:background(30343): [272] IQ: Notifying installation update. [Package:com.strimqa.android.app.strimqa, isid:_V24S8CcSUiQkXGrpc8LgQ], status=DOWNLOADING, status_code=0, reason=single_install, tsc=PT1.12S, attempt=0
10-27 12:39:54.319 I/Finsky:background(30343): [176] RF::PP-Decompress: starting to decompress for com.strimqa.android.app.strimqa[iid:1049] [isid:_V24S8CcSUiQkXGrpc8LgQ] [tid: 1000001209].
10-27 12:39:54.320 I/Finsky:background(30343): [176] RF::PP-Copy: starting to copy for com.strimqa.android.app.strimqa[iid:1049] [isid:_V24S8CcSUiQkXGrpc8LgQ] [tid: 1000001209]
10-27 12:39:54.320 I/Finsky:background(30343): [2] RF: resourceStatus for request_id=6494 group=com.strimqa.android.app.strimqa artifact=com.strimqa.android.app.strimqa.apk collectedBytes= 0 / 27534345
10-27 12:39:54.320 I/Finsky:background(30343): [2] RF: Group=com.strimqa.android.app.strimqa totalBytesDownloaded= 134055 / 36374073 for 5 artifacts
10-27 12:39:54.320 I/Finsky:background(30343): [277] IV2: onTaskProgress com.strimqa.android.app.strimqa[iid:1049] [isid:_V24S8CcSUiQkXGrpc8LgQ] status:RESOURCE_FETCH_PROGRESS, size: 134055/36374073
10-27 12:39:54.322 I/Finsky:background(30343): [2] PIM: Handling install package event for: com.strimqa.android.app.strimqa status:  DOWNLOADING, isid: _V24S8CcSUiQkXGrpc8LgQ
10-27 12:39:54.323 I/Finsky:background(30343): [271] RF::PP-Copy: Starting copy of com.strimqa.android.app.strimqa.dm
10-27 12:39:54.323 I/Finsky:background(30343): [271] RF::PP-Copy: OutputStream opened for com.strimqa.android.app.strimqa.dm
10-27 12:39:54.323 I/Finsky:background(30343): [271] RF::PP-Copy: Start copying from input stream for com.strimqa.android.app.strimqa.dm
10-27 12:39:54.323 I/Finsky  (30203): [2] DL: Data loader session turned off due to Incremental install not requested: com.strimqa.android.app.strimqa
10-27 12:39:54.325 I/Finsky:background(30343): [272] IQ: Notifying installation update. [Package:com.strimqa.android.app.strimqa, isid:_V24S8CcSUiQkXGrpc8LgQ], status=DOWNLOADING, status_code=0, reason=single_install, tsc=PT1.126S, attempt=0
10-27 12:39:54.327 I/Finsky:background(30343): [2] PIM: Handling install package event for: com.strimqa.android.app.strimqa status:  DOWNLOADING, isid: _V24S8CcSUiQkXGrpc8LgQ
10-27 12:39:54.332 I/Finsky  (30203): [2] DL: Data loader session turned off due to Incremental install not requested: com.strimqa.android.app.strimqa
10-27 12:39:54.333 I/Finsky:background(30343): [271] RF::PP-Copy: Finished copying from input stream for com.strimqa.android.app.strimqa.dm
10-27 12:39:54.336 I/Finsky:background(30343): [176] RF::PP-Verify: starting to verify for com.strimqa.android.app.strimqa[iid:1049] [isid:_V24S8CcSUiQkXGrpc8LgQ] [tid: 1000001209].
10-27 12:39:54.902 I/Finsky:background(30343): [286] DSC::L: Update all listeners for download <6497:RUNNING:0%[0%]> in group com.strimqa.android.app.strimqa:_V24S8CcSUiQkXGrpc8LgQ
10-27 12:39:54.903 I/Finsky:background(30343): [187] RM: getStatus resourceRequestId=50fc974f-d0a7-4724-8ebc-e74c1a20dde9 requestId=6497 package=com.strimqa.android.app.strimqa artifact=config.xxhdpi isid=_V24S8CcSUiQkXGrpc8LgQ
10-27 12:39:54.910 I/Finsky:background(30343): [286] DS: DS: onGetDownload(request_id=6497, files_to_download=[config.xxhdpi(size:49927)], context[group_id=com.strimqa.android.app.strimqa:_V24S8CcSUiQkXGrpc8LgQ], display_data[invisible=false, title=StrimQa — ваш QA навигатор!], network_restrictions=ANY_NETWORK status=running, bytes_downloaded=0, total_bytes=49927, retry[count=0, next_retry=n/a])
10-27 12:39:54.911 I/Finsky:background(30343): [2] RF: resourceStatus for request_id=6497 group=com.strimqa.android.app.strimqa artifact=config.xxhdpi collectedBytes= 0 / 49927
10-27 12:39:54.911 I/Finsky:background(30343): [2] RF: Group=com.strimqa.android.app.strimqa totalBytesDownloaded= 134055 / 36374073 for 6 artifacts
10-27 12:39:54.920 I/Finsky:background(30343): [286] DSC::L: Update all listeners for download <6497:RUNNING:100%[100%]> in group com.strimqa.android.app.strimqa:_V24S8CcSUiQkXGrpc8LgQ
10-27 12:39:54.923 I/Finsky:background(30343): [186] RM: getStatus resourceRequestId=50fc974f-d0a7-4724-8ebc-e74c1a20dde9 requestId=6497 package=com.strimqa.android.app.strimqa artifact=config.xxhdpi isid=_V24S8CcSUiQkXGrpc8LgQ
10-27 12:39:54.930 I/Finsky:background(30343): [286] DSC::L: Update all listeners for download <6497:SUCCEEDED> in group com.strimqa.android.app.strimqa:_V24S8CcSUiQkXGrpc8LgQ
10-27 12:39:54.931 I/Finsky:background(30343): [187] RM: getStatus resourceRequestId=50fc974f-d0a7-4724-8ebc-e74c1a20dde9 requestId=6497 package=com.strimqa.android.app.strimqa artifact=config.xxhdpi isid=_V24S8CcSUiQkXGrpc8LgQ
10-27 12:39:54.934 I/Finsky:background(30343): [292] DU: Stored data usage stats for package com.strimqa.android.app.strimqa; completed bytes: 49927.
10-27 12:39:54.939 I/Finsky:background(30343): [286] DS: DS: onGetDownload(request_id=6497, files_to_download=[config.xxhdpi(size:49927)], context[group_id=com.strimqa.android.app.strimqa:_V24S8CcSUiQkXGrpc8LgQ], display_data[invisible=false, title=StrimQa — ваш QA навигатор!], network_restrictions=ANY_NETWORK status=succeeded, bytes_downloaded=49927, total_bytes=49927, retry[count=0, next_retry=n/a])
10-27 12:39:54.940 I/Finsky:background(30343): [286] DS: DS: onGetDownload(request_id=6497, files_to_download=[config.xxhdpi(size:49927)], context[group_id=com.strimqa.android.app.strimqa:_V24S8CcSUiQkXGrpc8LgQ], display_data[invisible=false, title=StrimQa — ваш QA навигатор!], network_restrictions=ANY_NETWORK status=succeeded, bytes_downloaded=49927, total_bytes=49927, retry[count=0, next_retry=n/a])
10-27 12:39:54.940 I/Finsky:background(30343): [2] RF: resourceStatus for request_id=6497 group=com.strimqa.android.app.strimqa artifact=config.xxhdpi collectedBytes= 49927 / 49927
10-27 12:39:54.940 I/Finsky:background(30343): [2] RF: Group=com.strimqa.android.app.strimqa totalBytesDownloaded= 183982 / 36374073 for 6 artifacts
10-27 12:39:54.940 I/Finsky:background(30343): [2] RF: resourceStatus for request_id=6497 group=com.strimqa.android.app.strimqa artifact=config.xxhdpi collectedBytes= 49927 / 49927
10-27 12:39:54.940 I/Finsky:background(30343): [2] RF: Group=com.strimqa.android.app.strimqa totalBytesDownloaded= 183982 / 36374073 for 6 artifacts
10-27 12:39:54.940 I/Finsky:background(30343): [2] RF: resourceStatus for request_id=6497 group=com.strimqa.android.app.strimqa artifact=config.xxhdpi collectedBytes= 49927 / 49927
10-27 12:39:54.941 I/Finsky:background(30343): [2] RF: Group=com.strimqa.android.app.strimqa totalBytesDownloaded= 183982 / 36374073 for 6 artifacts
10-27 12:39:54.941 I/Finsky:background(30343): [277] IV2: onTaskProgress com.strimqa.android.app.strimqa[iid:1049] [isid:_V24S8CcSUiQkXGrpc8LgQ] status:RESOURCE_FETCH_PROGRESS, size: 183982/36374073
10-27 12:39:54.943 I/Finsky:background(30343): [277] IV2: onTaskProgress com.strimqa.android.app.strimqa[iid:1049] [isid:_V24S8CcSUiQkXGrpc8LgQ] status:RESOURCE_FETCH_PROGRESS, size: 183982/36374073
10-27 12:39:54.943 I/Finsky:background(30343): [180] RF::PP-Decompress: starting to decompress for com.strimqa.android.app.strimqa[iid:1049] [isid:_V24S8CcSUiQkXGrpc8LgQ] [tid: 1000001209].
