10-27 12:44:14.055 D/WindowManager( 1532): Calling onTransitionReady info={id=9119 t=OPEN f=0x0 trk=0 r=[0@Point(0, 0)] c=[{WCT{RemoteToken{263d887 Task{296fd6d #1392 type=standard A=10328:com.strimqa.android.app.strimqa}}} m=TO_FRONT f=MOVE_TO_TOP leash=Surface(name=Task=1392#121901)/@0xbc68389 sb=Rect(0, 0 - 1080, 2400) eb=Rect(0, 0 - 1080, 2400) d=0},{WCT{RemoteToken{ac713d0 Task{f98181f #1 type=home}}} m=TO_BACK f=SHOW_WALLPAPER leash=Surface(name=Task=1#46)/@0xebbcd01 sb=Rect(0, 0 - 1080, 2400) eb=Rect(0, 0 - 1080, 2400) d=0}] noAni=[false] df=[false] mk=[false] nc=[0] oa=[false]}, mToken=Token{48fef8e TransitionRecord{9ba85db id=9119 type=OPEN flags=0x0}}
10-27 12:44:14.058 D/CoreBackPreview( 1532): Window{78bb51 u0 Splash Screen com.strimqa.android.app.strimqa}: Setting back callback OnBackInvokedCallbackInfo{mCallback=android.window.IOnBackInvokedCallback$Stub$Proxy@d0acf45, mPriority=0, mIsAnimationCallback=false}
10-27 12:44:14.059 D/WindowTransitionCompat( 2373): printLeash::taskInfo = TaskInfo{userId=0 taskId=1392 displayId=0 isRunning=true baseIntent=Intent { act=android.intent.action.MAIN cat=[android.intent.category.LAUNCHER] flg=0x10300000 cmp=com.strimqa.android.app.strimqa/com.strimqa.mobile_client.MainActivity } baseActivity=ComponentInfo{com.strimqa.android.app.strimqa/com.strimqa.mobile_client.MainActivity} topActivity=ComponentInfo{com.strimqa.android.app.strimqa/com.strimqa.mobile_client.MainActivity} origActivity=null realActivity=ComponentInfo{com.strimqa.android.app.strimqa/com.strimqa.mobile_client.MainActivity} numActivities=1 lastActiveTime=783219730 supportsSplitScreenMultiWindow=true supportsMultiWindow=true resizeMode=1 isResizeable=true minWidth=-1 minHeight=-1 defaultMinSize=200 token=WCT{android.window.IWindowContainerToken$Stub$Proxy@8161f19} topActivityType=1 pictureInPictureParams=null shouldDockBigOverlays=false launchIntoPipHostTaskId=-1 lastParentTaskIdBeforePip=-1 displayCutoutSafeInsets=null topActivityInfo=ActivityInfo{53b0bde com.strimqa.mobile_client.MainActivity} launchCookies=[] positionInParent=Point(0, 0) parentTaskId=-1 isFocused=true isVisible=true isVisibleRequested=true isSleeping=false topActivityInSizeCompat=false topActivityEligibleForLetterboxEducation= false topActivityLetterboxed= false isFromDoubleTap= false topActivityLetterboxVerticalPosition= -1 topActivityLetterboxHorizontalPosition= -1 topActivityLetterboxWidth=-1 topActivityLetterboxHeight=-1 locusId=null displayAreaFeatureId=1 cameraCompatControlState=hidden mIsCastMode=false mTopActivityMediaSize=null mTopActivityRecordName=ActivityRecord{bc5f8c u0 com.strimqa.android.app.strimqa/com.strimqa.mobile_client.MainActivity t1392} mTopActivityOrientation=-1 mTopActivityWindowIsNowVisible=false isTranslucent=false isEmbedded=false shouldBeVisible=true isImmersive=false mBehindAppLockPkg=null mOriginatingUid=0}
10-27 12:44:14.059 D/TransitionUtil( 2373): get key :ComponentInfo{com.strimqa.android.app.strimqa/com.strimqa.mobile_client.MainActivity}#1392
10-27 12:44:14.059 E/BufferQueueDebug(  924): [6aadcbf ActivityRecordInputSink com.strimqa.android.app.strimqa/com.strimqa.mobile_client.MainActivity#121906](this:0xb400007a430f2a80,id:-1,api:0,p:-1,c:-1) id info cannot be read from '6aadcbf ActivityRecordInputSink com.strimqa.android.app.strimqa/com.strimqa.mobile_client.MainActivity#121906'
10-27 12:44:14.060 I/BufferQueueDebug(  924): [6aadcbf ActivityRecordInputSink com.strimqa.android.app.strimqa/com.strimqa.mobile_client.MainActivity#121906](this:0xb400007a430f2a80,id:-1,api:0,p:-1,c:-1) BufferQueue core=(924:/system/bin/surfaceflinger)
10-27 12:44:14.063 D/MiuiFullScreenTaskRepository( 2364): setFocusedTask taskId=1392, displayId=0, topActivity=ComponentInfo{com.strimqa.android.app.strimqa/com.strimqa.mobile_client.MainActivity}
10-27 12:44:14.063 D/MiuiFullScreenTaskRepository( 2364): addOrUpdateFullScreenTaskInfo taskId=1392, topActivity=ComponentInfo{com.strimqa.android.app.strimqa/com.strimqa.mobile_client.MainActivity}
10-27 12:44:14.065 D/MiuiFreeformModeController( 2364): onFocusTaskChanged taskInfo: TaskInfo{userId=0 taskId=1392 displayId=0 isRunning=true baseIntent=Intent { act=android.intent.action.MAIN cat=[android.intent.category.LAUNCHER] flg=0x10300000 cmp=com.strimqa.android.app.strimqa/com.strimqa.mobile_client.MainActivity } baseActivity=ComponentInfo{com.strimqa.android.app.strimqa/com.strimqa.mobile_client.MainActivity} topActivity=ComponentInfo{com.strimqa.android.app.strimqa/com.strimqa.mobile_client.MainActivity} origActivity=null realActivity=ComponentInfo{com.strimqa.android.app.strimqa/com.strimqa.mobile_client.MainActivity} numActivities=1 lastActiveTime=783219730 supportsSplitScreenMultiWindow=true supportsMultiWindow=true resizeMode=1 isResizeable=true minWidth=-1 minHeight=-1 defaultMinSize=200 token=WCT{android.window.IWindowContainerToken$Stub$Proxy@5c02537} topActivityType=1 pictureInPictureParams=null shouldDockBigOverlays=false launchIntoPipHostTaskId=-1 lastParentTaskIdBeforePip=-1 displayCutoutSafeInsets=null topActivityInfo=ActivityInfo{db0caa4 com.strimqa.mobile_client.MainActivity} launchCookies=[] positionInParent=Point(0, 0) parentTaskId=-1 isFocused=true isVisible=true isVisibleRequested=true isSleeping=false topActivityInSizeCompat=false topActivityEligibleForLetterboxEducation= false topActivityLetterboxed= false isFromDoubleTap= false topActivityLetterboxVerticalPosition= -1 topActivityLetterboxHorizontalPosition= -1 topActivityLetterboxWidth=-1 topActivityLetterboxHeight=-1 locusId=null displayAreaFeatureId=1 cameraCompatControlState=hidden mIsCastMode=false mTopActivityMediaSize=null mTopActivityRecordName=ActivityRecord{bc5f8c u0 com.strimqa.android.app.strimqa/com.strimqa.mobile_client.MainActivity t1392} mTopActivityOrientation=-1 mTopActivityWindowIsNowVisible=false isTranslucent=false isEmbedded=false shouldBeVisible=true isImmersive=false mBehindAppLockPkg=null mOriginatingUid=0}
10-27 12:44:14.065 D/MiuiDesktopModeController( 2364): onFocusTaskChanged newFocus: TaskInfo{userId=0 taskId=1392 displayId=0 isRunning=true baseIntent=Intent { act=android.intent.action.MAIN cat=[android.intent.category.LAUNCHER] flg=0x10300000 cmp=com.strimqa.android.app.strimqa/com.strimqa.mobile_client.MainActivity } baseActivity=ComponentInfo{com.strimqa.android.app.strimqa/com.strimqa.mobile_client.MainActivity} topActivity=ComponentInfo{com.strimqa.android.app.strimqa/com.strimqa.mobile_client.MainActivity} origActivity=null realActivity=ComponentInfo{com.strimqa.android.app.strimqa/com.strimqa.mobile_client.MainActivity} numActivities=1 lastActiveTime=783219730 supportsSplitScreenMultiWindow=true supportsMultiWindow=true resizeMode=1 isResizeable=true minWidth=-1 minHeight=-1 defaultMinSize=200 token=WCT{android.window.IWindowContainerToken$Stub$Proxy@5c02537} topActivityType=1 pictureInPictureParams=null shouldDockBigOverlays=false launchIntoPipHostTaskId=-1 lastParentTaskIdBeforePip=-1 displayCutoutSafeInsets=null topActivityInfo=ActivityInfo{db0caa4 com.strimqa.mobile_client.MainActivity} launchCookies=[] positionInParent=Point(0, 0) parentTaskId=-1 isFocused=true isVisible=true isVisibleRequested=true isSleeping=false topActivityInSizeCompat=false topActivityEligibleForLetterboxEducation= false topActivityLetterboxed= false isFromDoubleTap= false topActivityLetterboxVerticalPosition= -1 topActivityLetterboxHorizontalPosition= -1 topActivityLetterboxWidth=-1 topActivityLetterboxHeight=-1 locusId=null displayAreaFeatureId=1 cameraCompatControlState=hidden mIsCastMode=false mTopActivityMediaSize=null mTopActivityRecordName=ActivityRecord{bc5f8c u0 com.strimqa.android.app.strimqa/com.strimqa.mobile_client.MainActivity t1392} mTopActivityOrientation=-1 mTopActivityWindowIsNowVisible=false isTranslucent=false isEmbedded=false shouldBeVisible=true isImmersive=false mBehindAppLockPkg=null mOriginatingUid=0}
10-27 12:44:14.065 W/WindowManager( 1532): finishDrawingWindow: Window{78bb51 u0 Splash Screen com.strimqa.android.app.strimqa} mDrawState=DRAW_PENDING
10-27 12:44:14.069 I/FocusedNotifPromptContr( 2364): onTopActivityMayChanged: topActivity=com.strimqa.android.app.strimqa
10-27 12:44:14.069 I/FocusedNotifPromptContr( 2364): topActivityMayChanged: topActivity=com.strimqa.android.app.strimqa
10-27 12:44:14.069 D/KeyguardEditorHelper( 2364): onTopActivityMayChanged, topActivity=ComponentInfo{com.strimqa.android.app.strimqa/com.strimqa.mobile_client.MainActivity}; mState=IDEL
10-27 12:44:14.069 W/WindowManager( 1532): real show surface:Surface(name=Splash Screen com.strimqa.android.app.strimqa#121904)/@0x53cbb8d
10-27 12:44:14.072 D/MiuiFullScreenTaskRepository( 2364): setFocusedTask taskId=1392, displayId=0, topActivity=ComponentInfo{com.strimqa.android.app.strimqa/com.strimqa.mobile_client.MainActivity}
10-27 12:44:14.072 D/MiuiFullScreenTaskRepository( 2364): addOrUpdateFullScreenTaskInfo taskId=1392, topActivity=ComponentInfo{com.strimqa.android.app.strimqa/com.strimqa.mobile_client.MainActivity}
10-27 12:44:14.075 D/MiuiFullScreenTaskRepository( 2364): setFocusedTask taskId=1392, displayId=0, topActivity=ComponentInfo{com.strimqa.android.app.strimqa/com.strimqa.mobile_client.MainActivity}
10-27 12:44:14.075 D/MiuiFullScreenTaskRepository( 2364): addOrUpdateFullScreenTaskInfo taskId=1392, topActivity=ComponentInfo{com.strimqa.android.app.strimqa/com.strimqa.mobile_client.MainActivity}
10-27 12:44:14.075 D/ResourceManagerService( 1214): update package name: com.strimqa.android.app.strimqa
10-27 12:44:14.076 D/ResourceManagerService( 1214): packageName: com.strimqa.android.app.strimqa, uid : 10328, hashCode : 20020970
10-27 12:44:14.102 D/SurfaceFlinger(  924): [SF client] NEW(0xb400007b3d7d1f00) for (7952:com.strimqa.android.app.strimqa)
10-27 12:44:14.113 D/SurfaceFlinger(  924): [SF client] NEW(0xb400007a7e3efc80) for (7952:com.strimqa.android.app.strimqa)
10-27 12:44:14.114 D/MiuiFullScreenTaskRepository( 2364): setFocusedTask taskId=1392, displayId=0, topActivity=ComponentInfo{com.strimqa.android.app.strimqa/com.strimqa.mobile_client.MainActivity}
10-27 12:44:14.114 D/MiuiFullScreenTaskRepository( 2364): addOrUpdateFullScreenTaskInfo taskId=1392, topActivity=ComponentInfo{com.strimqa.android.app.strimqa/com.strimqa.mobile_client.MainActivity}
10-27 12:44:14.116 E/BufferQueueDebug(  924): [25a60f9 com.strimqa.android.app.strimqa/com.strimqa.mobile_client.MainActivity#121911](this:0xb400007a43169a80,id:-1,api:0,p:-1,c:-1) id info cannot be read from '25a60f9 com.strimqa.android.app.strimqa/com.strimqa.mobile_client.MainActivity#121911'
10-27 12:44:14.116 I/BufferQueueDebug(  924): [25a60f9 com.strimqa.android.app.strimqa/com.strimqa.mobile_client.MainActivity#121911](this:0xb400007a43169a80,id:-1,api:0,p:-1,c:-1) BufferQueue core=(924:/system/bin/surfaceflinger)
10-27 12:44:14.119 D/MiuiFreeformModeObserver( 2364): activityResumed() intent： Intent { cmp=com.strimqa.android.app.strimqa/com.strimqa.mobile_client.MainActivity (has extras) }
10-27 12:44:14.122 D/CoreBackPreview( 1532): Window{25a60f9 u0 com.strimqa.android.app.strimqa/com.strimqa.mobile_client.MainActivity}: Setting back callback OnBackInvokedCallbackInfo{mCallback=android.window.IOnBackInvokedCallback$Stub$Proxy@9b693ec, mPriority=0, mIsAnimationCallback=false}
10-27 12:44:14.123 E/BufferQueueDebug(  924): [com.strimqa.android.app.strimqa/com.strimqa.mobile_client.MainActivity#121912](this:0xb400007a43194a80,id:-1,api:0,p:-1,c:-1) id info cannot be read from 'com.strimqa.android.app.strimqa/com.strimqa.mobile_client.MainActivity#121912'
10-27 12:44:14.123 I/BufferQueueDebug(  924): [com.strimqa.android.app.strimqa/com.strimqa.mobile_client.MainActivity#121912](this:0xb400007a43194a80,id:-1,api:0,p:-1,c:-1) BufferQueue core=(924:/system/bin/surfaceflinger)
10-27 12:44:14.125 W/WindowManager( 1532): Changing focus from null to Window{25a60f9 u0 com.strimqa.android.app.strimqa/com.strimqa.mobile_client.MainActivity} displayId=0 Callers=com.android.server.wm.RootWindowContainer.updateFocusedWindowLocked:557 com.android.server.wm.WindowManagerService.updateFocusedWindowLocked:6962 com.android.server.wm.WindowManagerService.relayoutWindow:2951 com.android.server.wm.Session.relayout:266 
10-27 12:44:14.129 D/WindowManager( 1532): wms.Input focus has changed to Window{25a60f9 u0 com.strimqa.android.app.strimqa/com.strimqa.mobile_client.MainActivity} display=0 updateInputWindows = true
10-27 12:44:14.129 I/WindowManager( 1532): Relayout Window{25a60f9 u0 com.strimqa.android.app.strimqa/com.strimqa.mobile_client.MainActivity}: oldVis=4 newVis=0 focusMayChange = true requestedWidth = 1080 requestedHeight = 2400 outFrames = ClientWindowFrames{frame=[0,0][1080,2400] display=[0,0][1080,2400] parentFrame=[0,0][0,0]} outSurfaceControl = Surface(name=com.strimqa.android.app.strimqa/com.strimqa.mobile_client.MainActivity#121912)/@0xf3d7484
10-27 12:44:14.131 D/SurfaceComposerClient( 1532): Transaction::apply InputWindowCommands.focusRequests timestamp=410374245602459, windowName=25a60f9 com.strimqa.android.app.strimqa/com.strimqa.mobile_client.MainActivity
10-27 12:44:14.133 E/BufferQueueDebug(  924): [Bounds for - com.strimqa.android.app.strimqa/com.strimqa.mobile_client.MainActivity#121915](this:0xb400007a42941a80,id:-1,api:0,p:-1,c:-1) id info cannot be read from 'Bounds for - com.strimqa.android.app.strimqa/com.strimqa.mobile_client.MainActivity#121915'
10-27 12:44:14.133 I/BufferQueueDebug(  924): [Bounds for - com.strimqa.android.app.strimqa/com.strimqa.mobile_client.MainActivity#121915](this:0xb400007a42941a80,id:-1,api:0,p:-1,c:-1) BufferQueue core=(924:/system/bin/surfaceflinger)
10-27 12:44:14.133 E/BufferQueueDebug(  924): [SurfaceView[com.strimqa.android.app.strimqa/com.strimqa.mobile_client.MainActivity]#121916](this:0xb400007a4294fa80,id:-1,api:0,p:-1,c:-1) id info cannot be read from 'SurfaceView[com.strimqa.android.app.strimqa/com.strimqa.mobile_client.MainActivity]#121916'
10-27 12:44:14.134 I/BufferQueueDebug(  924): [SurfaceView[com.strimqa.android.app.strimqa/com.strimqa.mobile_client.MainActivity]#121916](this:0xb400007a4294fa80,id:-1,api:0,p:-1,c:-1) BufferQueue core=(924:/system/bin/surfaceflinger)
10-27 12:44:14.134 E/BufferQueueDebug(  924): [SurfaceView[com.strimqa.android.app.strimqa/com.strimqa.mobile_client.MainActivity](BLAST)#121917](this:0xb400007a4295ea80,id:-1,api:0,p:-1,c:-1) id info cannot be read from 'SurfaceView[com.strimqa.android.app.strimqa/com.strimqa.mobile_client.MainActivity](BLAST)#121917'
10-27 12:44:14.134 I/BufferQueueDebug(  924): [SurfaceView[com.strimqa.android.app.strimqa/com.strimqa.mobile_client.MainActivity](BLAST)#121917](this:0xb400007a4295ea80,id:-1,api:0,p:-1,c:-1) BufferQueue core=(924:/system/bin/surfaceflinger)
10-27 12:44:14.134 E/BufferQueueDebug(  924): [Background for SurfaceView[com.strimqa.android.app.strimqa/com.strimqa.mobile_client.MainActivity]#121918](this:0xb400007a42965a80,id:-1,api:0,p:-1,c:-1) id info cannot be read from 'Background for SurfaceView[com.strimqa.android.app.strimqa/com.strimqa.mobile_client.MainActivity]#121918'
10-27 12:44:14.134 I/BufferQueueDebug(  924): [Background for SurfaceView[com.strimqa.android.app.strimqa/com.strimqa.mobile_client.MainActivity]#121918](this:0xb400007a42965a80,id:-1,api:0,p:-1,c:-1) BufferQueue core=(924:/system/bin/surfaceflinger)
10-27 12:44:14.136 D/SurfaceFlinger(  924): Focus addInputWindowCommands timestamp=410374245602459, windowName=25a60f9 com.strimqa.android.app.strimqa/com.strimqa.mobile_client.MainActivity
10-27 12:44:14.137 D/SurfaceFlinger(  924): Find Focus windowName=25a60f9 com.strimqa.android.app.strimqa/com.strimqa.mobile_client.MainActivity, notVisible=1
10-27 12:44:14.137 D/Layer   (  924): Focus: com.strimqa.android.app.strimqa/com.strimqa.mobile_client.MainActivity#121912 isHiddenByPolicy s.flags&layer_state_t::eLayerHidden=1
10-27 12:44:14.137 D/SurfaceFlinger(  924): updateWinowInfo=1, setFocusedWindow timestamp=410374245602459, windowName=25a60f9 com.strimqa.android.app.strimqa/com.strimqa.mobile_client.MainActivity
10-27 12:44:14.140 W/RecentsModel( 2373): getRunningTask   taskInfo=TaskInfo{userId=0 taskId=1392 displayId=0 isRunning=true baseIntent=Intent { act=android.intent.action.MAIN cat=[android.intent.category.LAUNCHER] flg=0x10300000 cmp=com.strimqa.android.app.strimqa/com.strimqa.mobile_client.MainActivity } baseActivity=ComponentInfo{com.strimqa.android.app.strimqa/com.strimqa.mobile_client.MainActivity} topActivity=ComponentInfo{com.strimqa.android.app.strimqa/com.strimqa.mobile_client.MainActivity} origActivity=null realActivity=ComponentInfo{com.strimqa.android.app.strimqa/com.strimqa.mobile_client.MainActivity} numActivities=1 lastActiveTime=783219835 supportsSplitScreenMultiWindow=true supportsMultiWindow=true resizeMode=1 isResizeable=true minWidth=-1 minHeight=-1 defaultMinSize=200 token=WCT{android.window.IWindowContainerToken$Stub$Proxy@b3d1df9} topActivityType=1 pictureInPictureParams=null shouldDockBigOverlays=false launchIntoPipHostTaskId=-1 lastParentTaskIdBeforePip=-1 displayCutoutSafeInsets=null topActivityInfo=ActivityInfo{fbdd13e com.strimqa.mobile_client.MainActivity} launchCookies=[] positionInParent=Point(0, 0) parentTaskId=-1 isFocused=true isVisible=true isVisibleRequested=true isSleeping=false topActivityInSizeCompat=false topActivityEligibleForLetterboxEducation= false topActivityLetterboxed= false isFromDoubleTap= false topActivityLetterboxVerticalPosition= -1 topActivityLetterboxHorizontalPosition= -1 topActivityLetterboxWidth=-1 topActivityLetterboxHeight=-1 locusId=null displayAreaFeatureId=1 cameraCompatControlState=hidden mIsCastMode=false mTopActivityMediaSize=null mTopActivityRecordName=ActivityRecord{bc5f8c u0 com.strimqa.android.app.strimqa/com.strimqa.mobile_client.MainActivity t1392} mTopActivityOrientation=-1 mTopActivityWindowIsNowVisible=false isTranslucent=false isEmbedded=false shouldBeVisible=true isImmersive=false mBehindAppLockPkg=null mOriginatingUid=0}
10-27 12:44:14.142 E/ActivityManagerWrapper( 2373):  mainTaskId=1392   userId=0   windowMode=1   baseIntent=Intent { act=android.intent.action.MAIN flag=271581184 cmp=ComponentInfo{com.strimqa.android.app.strimqa/com.strimqa.mobile_client.MainActivity} }
10-27 12:44:14.158 W/RecentsModel( 2373): getRunningTask   taskInfo=TaskInfo{userId=0 taskId=1392 displayId=0 isRunning=true baseIntent=Intent { act=android.intent.action.MAIN cat=[android.intent.category.LAUNCHER] flg=0x10300000 cmp=com.strimqa.android.app.strimqa/com.strimqa.mobile_client.MainActivity } baseActivity=ComponentInfo{com.strimqa.android.app.strimqa/com.strimqa.mobile_client.MainActivity} topActivity=ComponentInfo{com.strimqa.android.app.strimqa/com.strimqa.mobile_client.MainActivity} origActivity=null realActivity=ComponentInfo{com.strimqa.android.app.strimqa/com.strimqa.mobile_client.MainActivity} numActivities=1 lastActiveTime=783219853 supportsSplitScreenMultiWindow=true supportsMultiWindow=true resizeMode=1 isResizeable=true minWidth=-1 minHeight=-1 defaultMinSize=200 token=WCT{android.window.IWindowContainerToken$Stub$Proxy@40f9331} topActivityType=1 pictureInPictureParams=null shouldDockBigOverlays=false launchIntoPipHostTaskId=-1 lastParentTaskIdBeforePip=-1 displayCutoutSafeInsets=null topActivityInfo=ActivityInfo{260ca16 com.strimqa.mobile_client.MainActivity} launchCookies=[] positionInParent=Point(0, 0) parentTaskId=-1 isFocused=true isVisible=true isVisibleRequested=true isSleeping=false topActivityInSizeCompat=false topActivityEligibleForLetterboxEducation= false topActivityLetterboxed= false isFromDoubleTap= false topActivityLetterboxVerticalPosition= -1 topActivityLetterboxHorizontalPosition= -1 topActivityLetterboxWidth=-1 topActivityLetterboxHeight=-1 locusId=null displayAreaFeatureId=1 cameraCompatControlState=hidden mIsCastMode=false mTopActivityMediaSize=null mTopActivityRecordName=ActivityRecord{bc5f8c u0 com.strimqa.android.app.strimqa/com.strimqa.mobile_client.MainActivity t1392} mTopActivityOrientation=-1 mTopActivityWindowIsNowVisible=false isTranslucent=false isEmbedded=false shouldBeVisible=true isImmersive=false mBehindAppLockPkg=null mOriginatingUid=0}
10-27 12:44:14.162 E/ActivityManagerWrapper( 2373):  mainTaskId=1392   userId=0   windowMode=1   baseIntent=Intent { act=android.intent.action.MAIN flag=271581184 cmp=ComponentInfo{com.strimqa.android.app.strimqa/com.strimqa.mobile_client.MainActivity} }
10-27 12:44:14.180 D/SurfaceView( 7952): UPDATE Surface(name=SurfaceView[com.strimqa.android.app.strimqa/com.strimqa.mobile_client.MainActivity]#121916)/@0x855fe48, mIsProjectionMode = false
10-27 12:44:14.196 W/PackageConfigPersister( 1532): App-specific configuration not found for packageName: com.strimqa.android.app.strimqa and userId: 0
10-27 12:44:14.241 I/HeavyPackageIdentify( 6228): splitMode: false, splitPackages: null, foregroundPkg: com.strimqa.android.app.strimqa
10-27 12:44:14.398 I/TransitionCallback( 2373): clear leash = Surface(name=TL_Surface(name=Task=1392#121863)/@0x92e0f33_transition-leash#121894)/@0xdc7d5d9, key = ComponentInfo{com.strimqa.android.app.strimqa/com.strimqa.mobile_client.MainActivity}#1392
10-27 12:44:14.992 I/libPowerHal(  861): [perfNotifyAppState] pack:com.strimqa.android.app.strimqa, act:com.strimqa.mobile_client.MainActivity, state:5, pid:7952, uid:10328, fps:-1
10-27 12:44:15.820 I/TransitionCallback( 2373): clear leash = Surface(name=TL_Surface(name=Task=1392#121901)/@0x3da46f4_transition-leash#121907)/@0x65e1978, key = ComponentInfo{com.strimqa.android.app.strimqa/com.strimqa.mobile_client.MainActivity}#1392
10-27 12:44:22.131 W/WindowManager( 1532): Changing focus from Window{25a60f9 u0 com.strimqa.android.app.strimqa/com.strimqa.mobile_client.MainActivity} to Window{693b9db u0 control_center} displayId=0 Callers=com.android.server.wm.RootWindowContainer.updateFocusedWindowLocked:557 com.android.server.wm.WindowManagerService.updateFocusedWindowLocked:6962 com.android.server.wm.WindowManagerService.relayoutWindow:2951 com.android.server.wm.Session.relayout:266 
10-27 12:44:24.038 I/PowerHalWrapper( 1532): amsBoostNotify pid:2373,activity:com.miui.home.launcher.Launcher, package:com.miui.home, mProcessCreatePackcom.strimqa.android.app.strimqa 
10-27 12:44:24.048 W/WindowManager( 1532): Changing focus from Window{693b9db u0 control_center} to Window{25a60f9 u0 com.strimqa.android.app.strimqa/com.strimqa.mobile_client.MainActivity} displayId=0 Callers=com.android.server.wm.RootWindowContainer.updateFocusedWindowLocked:557 com.android.server.wm.WindowManagerService.updateFocusedWindowLocked:6962 com.android.server.wm.WindowManagerService.relayoutWindow:2951 com.android.server.wm.Session.relayout:266 
10-27 12:44:24.052 D/WindowManager( 1532): wms.Input focus has changed to Window{25a60f9 u0 com.strimqa.android.app.strimqa/com.strimqa.mobile_client.MainActivity} display=0 updateInputWindows = true
10-27 12:44:24.056 D/SurfaceComposerClient( 1532): Transaction::apply InputWindowCommands.focusRequests timestamp=410384168647767, windowName=25a60f9 com.strimqa.android.app.strimqa/com.strimqa.mobile_client.MainActivity
10-27 12:44:24.063 D/SurfaceFlinger(  924): Focus addInputWindowCommands timestamp=410384168647767, windowName=25a60f9 com.strimqa.android.app.strimqa/com.strimqa.mobile_client.MainActivity
10-27 12:44:24.064 D/SurfaceFlinger(  924): Find Focus windowName=25a60f9 com.strimqa.android.app.strimqa/com.strimqa.mobile_client.MainActivity, notVisible=1
10-27 12:44:24.064 D/Layer   (  924): Focus: com.strimqa.android.app.strimqa/com.strimqa.mobile_client.MainActivity#121912 isHiddenByPolicy s.flags&layer_state_t::eLayerHidden=1
10-27 12:44:24.064 D/SurfaceFlinger(  924): updateWinowInfo=1, setFocusedWindow timestamp=410384168647767, windowName=25a60f9 com.strimqa.android.app.strimqa/com.strimqa.mobile_client.MainActivity
10-27 12:44:24.861 W/InputDispatcher( 1532): Not sending touch gesture to 6aadcbf ActivityRecordInputSink com.strimqa.android.app.strimqa/com.strimqa.mobile_client.MainActivity because it has config NO_INPUT_CHANNEL
10-27 12:44:26.613 W/WindowManager( 1532): Changing focus from Window{25a60f9 u0 com.strimqa.android.app.strimqa/com.strimqa.mobile_client.MainActivity} to Window{6620fa2 u0 NotificationShade} displayId=0 Callers=com.android.server.wm.RootWindowContainer.updateFocusedWindowLocked:557 com.android.server.wm.WindowManagerService.updateFocusedWindowLocked:6962 com.android.server.wm.WindowManagerService.relayoutWindow:2951 com.android.server.wm.Session.relayout:266 
10-27 12:44:27.682 W/WindowManager( 1532): Changing focus from Window{6620fa2 u0 NotificationShade} to Window{25a60f9 u0 com.strimqa.android.app.strimqa/com.strimqa.mobile_client.MainActivity} displayId=0 Callers=com.android.server.wm.RootWindowContainer.updateFocusedWindowLocked:557 com.android.server.wm.WindowManagerService.updateFocusedWindowLocked:6962 com.android.server.wm.WindowManagerService.relayoutWindow:2951 com.android.server.wm.Session.relayout:266 
10-27 12:44:27.685 D/WindowManager( 1532): wms.Input focus has changed to Window{25a60f9 u0 com.strimqa.android.app.strimqa/com.strimqa.mobile_client.MainActivity} display=0 updateInputWindows = true
10-27 12:44:27.686 D/SurfaceComposerClient( 1532): Transaction::apply InputWindowCommands.focusRequests timestamp=410387801292614, windowName=25a60f9 com.strimqa.android.app.strimqa/com.strimqa.mobile_client.MainActivity
10-27 12:44:27.691 D/SurfaceFlinger(  924): Focus addInputWindowCommands timestamp=410387801292614, windowName=25a60f9 com.strimqa.android.app.strimqa/com.strimqa.mobile_client.MainActivity
10-27 12:44:27.692 D/SurfaceFlinger(  924): Find Focus windowName=25a60f9 com.strimqa.android.app.strimqa/com.strimqa.mobile_client.MainActivity, notVisible=1
10-27 12:44:27.692 D/Layer   (  924): Focus: com.strimqa.android.app.strimqa/com.strimqa.mobile_client.MainActivity#121912 isHiddenByPolicy s.flags&layer_state_t::eLayerHidden=1
10-27 12:44:27.693 D/SurfaceFlinger(  924): updateWinowInfo=1, setFocusedWindow timestamp=410387801292614, windowName=25a60f9 com.strimqa.android.app.strimqa/com.strimqa.mobile_client.MainActivity
10-27 12:44:44.375 D/BLASTBufferQueue( 7952): [SurfaceView[com.strimqa.android.app.strimqa/com.strimqa.mobile_client.MainActivity]#3](f:0,a:1) acquireNextBufferLocked size=1080x2270 mFrameNumber=1 applyTransaction=true mTimestamp=410404489562230(auto) mPendingTransactions.size=0 graphicBufferId=34153579937826 transform=0
10-27 12:44:44.388 D/MiuiFullScreenTaskRepository( 2364): setFocusedTask taskId=1392, displayId=0, topActivity=ComponentInfo{com.strimqa.android.app.strimqa/com.strimqa.mobile_client.MainActivity}
10-27 12:44:44.388 D/MiuiFullScreenTaskRepository( 2364): addOrUpdateFullScreenTaskInfo taskId=1392, topActivity=ComponentInfo{com.strimqa.android.app.strimqa/com.strimqa.mobile_client.MainActivity}
10-27 12:44:44.414 W/WindowManager( 1532): finishDrawingWindow: Window{25a60f9 u0 com.strimqa.android.app.strimqa/com.strimqa.mobile_client.MainActivity} mDrawState=DRAW_PENDING
10-27 12:44:44.415 D/WindowManager( 1532): wms.finishDrawingLocked: mDrawState=COMMIT_DRAW_PENDING Window{25a60f9 u0 com.strimqa.android.app.strimqa/com.strimqa.mobile_client.MainActivity} in Surface(name=com.strimqa.android.app.strimqa/com.strimqa.mobile_client.MainActivity#121912)/@0x3f80dbb
10-27 12:44:44.420 E/BufferQueueDebug(  924): [Surface(name=25a60f9 com.strimqa.android.app.strimqa/com.strimqa.mobile_client.MainActivity#121911)/@0x8d5a69f - animation-leash of starting_reveal#121930](this:0xb400007a431d7a80,id:-1,api:0,p:-1,c:-1) id info cannot be read from 'Surface(name=25a60f9 com.strimqa.android.app.strimqa/com.strimqa.mobile_client.MainActivity#121911)/@0x8d5a69f - animation-leash of starting_reveal#121930'
10-27 12:44:44.421 I/BufferQueueDebug(  924): [Surface(name=25a60f9 com.strimqa.android.app.strimqa/com.strimqa.mobile_client.MainActivity#121911)/@0x8d5a69f - animation-leash of starting_reveal#121930](this:0xb400007a431d7a80,id:-1,api:0,p:-1,c:-1) BufferQueue core=(924:/system/bin/surfaceflinger)
10-27 12:44:44.428 W/WindowManager( 1532): real show surface:Surface(name=com.strimqa.android.app.strimqa/com.strimqa.mobile_client.MainActivity#121912)/@0x3f80dbb
10-27 12:44:44.441 I/ActivityTaskManager( 1532): Displayed com.strimqa.android.app.strimqa/com.strimqa.mobile_client.MainActivity for user 0: +30s401ms
10-27 12:44:44.442 I/ActivityTaskManager( 1532): Fully drawn com.strimqa.android.app.strimqa/com.strimqa.mobile_client.MainActivity: +30s401ms
10-27 12:44:44.460 I/BufferQueueProducer(  924): [Splash Screen com.strimqa.android.app.strimqa#121904](this:0xb400007a42f22a80,id:-1,api:0,p:-1,c:924) queueBuffer: fps=0.03 dur=30390.27 max=30390.27 min=30390.27
10-27 12:44:44.485 I/ImeTracker( 1532): com.strimqa.android.app.strimqa:2819b156: onRequestHide at ORIGIN_SERVER_HIDE_INPUT reason HIDE_UNSPECIFIED_WINDOW
10-27 12:44:44.485 I/ImeTracker( 1532): com.strimqa.android.app.strimqa:2819b156: onCancelled at PHASE_SERVER_SHOULD_HIDE
10-27 12:44:44.488 I/GoogleInputMethodService(14900): GoogleInputMethodService.onStartInput():1347 onStartInput(EditorInfo{EditorInfo{packageName=com.strimqa.android.app.strimqa, inputType=0, inputTypeString=NULL, enableLearning=false, autoCorrection=false, autoComplete=false, imeOptions=0, privateImeOptions=null, actionName=UNSPECIFIED, actionLabel=null, initialSelStart=-1, initialSelEnd=-1, initialCapsMode=0, label=null, fieldId=0, fieldName=null, extras=Bundle[mParcelledData.dataSize=72], hintText=null, hintLocales=[]}}, false)
10-27 12:44:44.488 W/PackageConfigPersister( 1532): App-specific configuration not found for packageName: com.strimqa.android.app.strimqa and userId: 0
10-27 12:44:44.602 E/BLASTBufferQueue( 7952): [SurfaceView[com.strimqa.android.app.strimqa/com.strimqa.mobile_client.MainActivity]#3](f:1,a:4) acquireNextBufferLocked: Can't acquire next buffer. Already acquired max frames 4 max:2 + 2
10-27 12:44:44.610 E/BLASTBufferQueue( 7952): [SurfaceView[com.strimqa.android.app.strimqa/com.strimqa.mobile_client.MainActivity]#3](f:1,a:4) acquireNextBufferLocked: Can't acquire next buffer. Already acquired max frames 4 max:2 + 2
10-27 12:44:44.619 E/BLASTBufferQueue( 7952): [SurfaceView[com.strimqa.android.app.strimqa/com.strimqa.mobile_client.MainActivity]#3](f:1,a:4) acquireNextBufferLocked: Can't acquire next buffer. Already acquired max frames 4 max:2 + 2
10-27 12:44:44.627 E/BLASTBufferQueue( 7952): [SurfaceView[com.strimqa.android.app.strimqa/com.strimqa.mobile_client.MainActivity]#3](f:1,a:4) acquireNextBufferLocked: Can't acquire next buffer. Already acquired max frames 4 max:2 + 2
10-27 12:44:44.644 E/BLASTBufferQueue( 7952): [SurfaceView[com.strimqa.android.app.strimqa/com.strimqa.mobile_client.MainActivity]#3](f:1,a:4) acquireNextBufferLocked: Can't acquire next buffer. Already acquired max frames 4 max:2 + 2
10-27 12:44:44.654 E/BLASTBufferQueue( 7952): [SurfaceView[com.strimqa.android.app.strimqa/com.strimqa.mobile_client.MainActivity]#3](f:1,a:4) acquireNextBufferLocked: Can't acquire next buffer. Already acquired max frames 4 max:2 + 2
10-27 12:44:44.661 E/BLASTBufferQueue( 7952): [SurfaceView[com.strimqa.android.app.strimqa/com.strimqa.mobile_client.MainActivity]#3](f:1,a:4) acquireNextBufferLocked: Can't acquire next buffer. Already acquired max frames 4 max:2 + 2
10-27 12:44:44.669 E/BLASTBufferQueue( 7952): [SurfaceView[com.strimqa.android.app.strimqa/com.strimqa.mobile_client.MainActivity]#3](f:1,a:4) acquireNextBufferLocked: Can't acquire next buffer. Already acquired max frames 4 max:2 + 2
10-27 12:44:44.677 E/BLASTBufferQueue( 7952): [SurfaceView[com.strimqa.android.app.strimqa/com.strimqa.mobile_client.MainActivity]#3](f:1,a:4) acquireNextBufferLocked: Can't acquire next buffer. Already acquired max frames 4 max:2 + 2
10-27 12:44:44.689 E/BLASTBufferQueue( 7952): [SurfaceView[com.strimqa.android.app.strimqa/com.strimqa.mobile_client.MainActivity]#3](f:1,a:4) acquireNextBufferLocked: Can't acquire next buffer. Already acquired max frames 4 max:2 + 2
10-27 12:44:44.696 E/BLASTBufferQueue( 7952): [SurfaceView[com.strimqa.android.app.strimqa/com.strimqa.mobile_client.MainActivity]#3](f:1,a:4) acquireNextBufferLocked: Can't acquire next buffer. Already acquired max frames 4 max:2 + 2
10-27 12:44:44.705 E/BLASTBufferQueue( 7952): [SurfaceView[com.strimqa.android.app.strimqa/com.strimqa.mobile_client.MainActivity]#3](f:1,a:4) acquireNextBufferLocked: Can't acquire next buffer. Already acquired max frames 4 max:2 + 2
10-27 12:44:44.711 E/BLASTBufferQueue( 7952): [SurfaceView[com.strimqa.android.app.strimqa/com.strimqa.mobile_client.MainActivity]#3](f:1,a:4) acquireNextBufferLocked: Can't acquire next buffer. Already acquired max frames 4 max:2 + 2
10-27 12:44:44.716 W/RenderInspector( 2364): DequeueBuffer time out on Splash Screen com.strimqa.android.app.strimqa, count=1, avg=9 ms, max=9 ms.
10-27 12:44:44.720 E/BLASTBufferQueue( 7952): [SurfaceView[com.strimqa.android.app.strimqa/com.strimqa.mobile_client.MainActivity]#3](f:1,a:4) acquireNextBufferLocked: Can't acquire next buffer. Already acquired max frames 4 max:2 + 2
10-27 12:44:44.726 E/BLASTBufferQueue( 7952): [SurfaceView[com.strimqa.android.app.strimqa/com.strimqa.mobile_client.MainActivity]#3](f:1,a:4) acquireNextBufferLocked: Can't acquire next buffer. Already acquired max frames 4 max:2 + 2
10-27 12:44:44.734 E/BLASTBufferQueue( 7952): [SurfaceView[com.strimqa.android.app.strimqa/com.strimqa.mobile_client.MainActivity]#3](f:1,a:4) acquireNextBufferLocked: Can't acquire next buffer. Already acquired max frames 4 max:2 + 2
10-27 12:44:44.744 E/BLASTBufferQueue( 7952): [SurfaceView[com.strimqa.android.app.strimqa/com.strimqa.mobile_client.MainActivity]#3](f:1,a:4) acquireNextBufferLocked: Can't acquire next buffer. Already acquired max frames 4 max:2 + 2
10-27 12:44:44.753 E/BLASTBufferQueue( 7952): [SurfaceView[com.strimqa.android.app.strimqa/com.strimqa.mobile_client.MainActivity]#3](f:1,a:4) acquireNextBufferLocked: Can't acquire next buffer. Already acquired max frames 4 max:2 + 2
10-27 12:44:44.761 E/BLASTBufferQueue( 7952): [SurfaceView[com.strimqa.android.app.strimqa/com.strimqa.mobile_client.MainActivity]#3](f:1,a:4) acquireNextBufferLocked: Can't acquire next buffer. Already acquired max frames 4 max:2 + 2
10-27 12:44:44.782 W/RenderInspector( 2364): DequeueBuffer time out on Splash Screen com.strimqa.android.app.strimqa, count=1, avg=9 ms, max=9 ms.
10-27 12:44:44.802 E/BufferQueueDebug(  924): [Surface(name=78bb51 Splash Screen com.strimqa.android.app.strimqa#121903)/@0x151a4b7 - animation-leash of window_animation#121932](this:0xb400007a42fd7a80,id:-1,api:0,p:-1,c:-1) id info cannot be read from 'Surface(name=78bb51 Splash Screen com.strimqa.android.app.strimqa#121903)/@0x151a4b7 - animation-leash of window_animation#121932'
10-27 12:44:44.802 I/BufferQueueDebug(  924): [Surface(name=78bb51 Splash Screen com.strimqa.android.app.strimqa#121903)/@0x151a4b7 - animation-leash of window_animation#121932](this:0xb400007a42fd7a80,id:-1,api:0,p:-1,c:-1) BufferQueue core=(924:/system/bin/surfaceflinger)
10-27 12:44:44.811 D/CoreBackPreview( 1532): Window{78bb51 u0 Splash Screen com.strimqa.android.app.strimqa EXITING}: Setting back callback null
10-27 12:44:44.812 W/InputManager-JNI( 1532): Input channel object '78bb51 Splash Screen com.strimqa.android.app.strimqa (client)' was disposed without first being removed with the input manager!
10-27 12:44:44.883 E/BLASTBufferQueue( 7952): [SurfaceView[com.strimqa.android.app.strimqa/com.strimqa.mobile_client.MainActivity]#3](f:1,a:4) acquireNextBufferLocked: Can't acquire next buffer. Already acquired max frames 4 max:2 + 2
10-27 12:44:44.914 E/BLASTBufferQueue( 7952): [SurfaceView[com.strimqa.android.app.strimqa/com.strimqa.mobile_client.MainActivity]#3](f:1,a:4) acquireNextBufferLocked: Can't acquire next buffer. Already acquired max frames 4 max:2 + 2
10-27 12:44:44.919 E/BLASTBufferQueue( 7952): [SurfaceView[com.strimqa.android.app.strimqa/com.strimqa.mobile_client.MainActivity]#3](f:1,a:4) acquireNextBufferLocked: Can't acquire next buffer. Already acquired max frames 4 max:2 + 2
10-27 12:44:44.927 E/BLASTBufferQueue( 7952): [SurfaceView[com.strimqa.android.app.strimqa/com.strimqa.mobile_client.MainActivity]#3](f:1,a:4) acquireNextBufferLocked: Can't acquire next buffer. Already acquired max frames 4 max:2 + 2
10-27 12:44:44.937 E/BLASTBufferQueue( 7952): [SurfaceView[com.strimqa.android.app.strimqa/com.strimqa.mobile_client.MainActivity]#3](f:1,a:4) acquireNextBufferLocked: Can't acquire next buffer. Already acquired max frames 4 max:2 + 2
10-27 12:44:44.950 E/BLASTBufferQueue( 7952): [SurfaceView[com.strimqa.android.app.strimqa/com.strimqa.mobile_client.MainActivity]#3](f:1,a:4) acquireNextBufferLocked: Can't acquire next buffer. Already acquired max frames 4 max:2 + 2
10-27 12:44:44.958 E/BLASTBufferQueue( 7952): [SurfaceView[com.strimqa.android.app.strimqa/com.strimqa.mobile_client.MainActivity]#3](f:1,a:4) acquireNextBufferLocked: Can't acquire next buffer. Already acquired max frames 4 max:2 + 2
10-27 12:44:44.967 E/BLASTBufferQueue( 7952): [SurfaceView[com.strimqa.android.app.strimqa/com.strimqa.mobile_client.MainActivity]#3](f:1,a:4) acquireNextBufferLocked: Can't acquire next buffer. Already acquired max frames 4 max:2 + 2
10-27 12:44:44.968 D/WindowManager( 1532): setParent old=ActivityRecord{bc5f8c u0 com.strimqa.android.app.strimqa/com.strimqa.mobile_client.MainActivity t1392},new=null,this window=Window{78bb51 u0 Splash Screen com.strimqa.android.app.strimqa},callers=com.android.server.wm.WindowContainer.removeChild:840 com.android.server.wm.ActivityRecord.removeChild:5227 com.android.server.wm.ActivityRecord.removeChild:470 com.android.server.wm.WindowContainer.removeImmediately:898 com.android.server.wm.WindowState.removeImmediately:2538 com.android.server.wm.WindowState.destroySurface:3654 
10-27 12:44:44.985 E/BLASTBufferQueue( 7952): [SurfaceView[com.strimqa.android.app.strimqa/com.strimqa.mobile_client.MainActivity]#3](f:1,a:4) acquireNextBufferLocked: Can't acquire next buffer. Already acquired max frames 4 max:2 + 2
10-27 12:44:44.991 I/BufferQueueDebug(  924): [78bb51 Splash Screen com.strimqa.android.app.strimqa#121903](this:0xb400007a42f14a80,id:-1,api:0,p:-1,c:924) onDestructor()
10-27 12:44:44.992 I/BufferQueueDebug(  924): [Splash Screen com.strimqa.android.app.strimqa#121904](this:0xb400007a42f22a80,id:-1,api:0,p:-1,c:924) onDestructor()
10-27 12:44:44.992 I/BufferQueueDebug(  924): [Surface(name=78bb51 Splash Screen com.strimqa.android.app.strimqa#121903)/@0x151a4b7 - animation-leash of window_animation#121932](this:0xb400007a42fd7a80,id:-1,api:0,p:-1,c:924) onDestructor()
10-27 12:44:44.996 E/BLASTBufferQueue( 7952): [SurfaceView[com.strimqa.android.app.strimqa/com.strimqa.mobile_client.MainActivity]#3](f:1,a:4) acquireNextBufferLocked: Can't acquire next buffer. Already acquired max frames 4 max:2 + 2
10-27 12:44:45.377 I/libPowerHal(  861): [perfNotifyAppState] pack:com.strimqa.android.app.strimqa, act:com.strimqa.mobile_client.MainActivity, state:5, pid:7952, uid:10328, fps:120
10-27 12:44:46.379 I/libPowerHal(  861): [perfNotifyAppState] pack:com.strimqa.android.app.strimqa, act:com.strimqa.mobile_client.MainActivity, state:5, pid:7952, uid:10328, fps:-1
10-27 12:44:46.828 W/WindowManager( 1532): Changing focus from Window{25a60f9 u0 com.strimqa.android.app.strimqa/com.strimqa.mobile_client.MainActivity} to Window{693b9db u0 control_center} displayId=0 Callers=com.android.server.wm.RootWindowContainer.updateFocusedWindowLocked:557 com.android.server.wm.WindowManagerService.updateFocusedWindowLocked:6962 com.android.server.wm.WindowManagerService.relayoutWindow:2951 com.android.server.wm.Session.relayout:266 
10-27 12:44:46.872 I/BufferQueueProducer(  924): [SurfaceView[com.strimqa.android.app.strimqa/com.strimqa.mobile_client.MainActivity](BLAST)#121917](this:0xb400007a4295ea80,id:-1,api:0,p:-1,c:924) queueBuffer: fps=41.28 dur=2494.94 max=1503.12 min=6.00
10-27 12:44:49.146 I/BufferQueueDebug(  924): [ActivityRecord{9b0fefc u0 com.strimqa.android.app.strimqa/com.google.android.gms.auth.api.signin.internal.SignInHubActivity t1391}#121756](this:0xb400007a4192aa80,id:-1,api:0,p:-1,c:924) onDestructor()
10-27 12:44:49.189 W/WindowManager( 1532): Changing focus from Window{693b9db u0 control_center} to Window{25a60f9 u0 com.strimqa.android.app.strimqa/com.strimqa.mobile_client.MainActivity} displayId=0 Callers=com.android.server.wm.RootWindowContainer.updateFocusedWindowLocked:557 com.android.server.wm.WindowManagerService.updateFocusedWindowLocked:6962 com.android.server.wm.WindowManagerService.relayoutWindow:2951 com.android.server.wm.Session.relayout:266 
10-27 12:44:49.193 D/WindowManager( 1532): wms.Input focus has changed to Window{25a60f9 u0 com.strimqa.android.app.strimqa/com.strimqa.mobile_client.MainActivity} display=0 updateInputWindows = true
10-27 12:44:49.196 D/SurfaceComposerClient( 1532): Transaction::apply InputWindowCommands.focusRequests timestamp=410409310189923, windowName=25a60f9 com.strimqa.android.app.strimqa/com.strimqa.mobile_client.MainActivity
10-27 12:44:49.204 D/SurfaceFlinger(  924): Focus addInputWindowCommands timestamp=410409310189923, windowName=25a60f9 com.strimqa.android.app.strimqa/com.strimqa.mobile_client.MainActivity
10-27 12:44:49.206 D/SurfaceFlinger(  924): updateWinowInfo=1, setFocusedWindow timestamp=410409310189923, windowName=25a60f9 com.strimqa.android.app.strimqa/com.strimqa.mobile_client.MainActivity
10-27 12:44:49.209 I/ImeTracker( 1532): com.strimqa.android.app.strimqa:9c7d5155: onRequestHide at ORIGIN_SERVER_HIDE_INPUT reason HIDE_SAME_WINDOW_FOCUSED_WITHOUT_EDITOR
10-27 12:44:49.210 I/ImeTracker( 1532): com.strimqa.android.app.strimqa:9c7d5155: onCancelled at PHASE_SERVER_SHOULD_HIDE
10-27 12:44:49.213 I/GoogleInputMethodService(14900): GoogleInputMethodService.onStartInput():1347 onStartInput(EditorInfo{EditorInfo{packageName=com.strimqa.android.app.strimqa, inputType=0, inputTypeString=NULL, enableLearning=false, autoCorrection=false, autoComplete=false, imeOptions=0, privateImeOptions=null, actionName=UNSPECIFIED, actionLabel=null, initialSelStart=-1, initialSelEnd=-1, initialCapsMode=0, label=null, fieldId=0, fieldName=null, extras=Bundle[mParcelledData.dataSize=72], hintText=null, hintLocales=[]}}, false)
10-27 12:44:49.217 W/PackageConfigPersister( 1532): App-specific configuration not found for packageName: com.strimqa.android.app.strimqa and userId: 0
10-27 12:44:49.229 I/BufferQueueProducer(  924): [SurfaceView[com.strimqa.android.app.strimqa/com.strimqa.mobile_client.MainActivity](BLAST)#121917](this:0xb400007a4295ea80,id:-1,api:0,p:-1,c:924) queueBuffer: fps=0.42 dur=2356.29 max=2356.29 min=2356.29
10-27 12:44:50.680 D/MIUIInput( 1532): [MotionEvent] publisher action=0x0, deviceId=3, 410410794, channel '25a60f9 com.strimqa.android.app.strimqa/com.strimqa.mobile_client.MainActivity (server)'
10-27 12:44:50.759 D/MIUIInput( 1532): [MotionEvent] publisher action=0x1, deviceId=3, 410410874, channel '25a60f9 com.strimqa.android.app.strimqa/com.strimqa.mobile_client.MainActivity (server)'
10-27 12:44:50.775 I/BufferQueueProducer(  924): [SurfaceView[com.strimqa.android.app.strimqa/com.strimqa.mobile_client.MainActivity](BLAST)#121917](this:0xb400007a4295ea80,id:-1,api:0,p:-1,c:924) queueBuffer: fps=0.65 dur=1546.19 max=1546.19 min=1546.19
10-27 12:44:51.379 I/libPowerHal(  861): [perfNotifyAppState] pack:com.strimqa.android.app.strimqa, act:com.strimqa.mobile_client.MainActivity, state:5, pid:7952, uid:10328, fps:120
10-27 12:44:53.381 I/libPowerHal(  861): [perfNotifyAppState] pack:com.strimqa.android.app.strimqa, act:com.strimqa.mobile_client.MainActivity, state:5, pid:7952, uid:10328, fps:-1
10-27 12:44:55.006 D/MIUIInput( 1532): [MotionEvent] publisher action=0x0, deviceId=3, 410415119, channel '25a60f9 com.strimqa.android.app.strimqa/com.strimqa.mobile_client.MainActivity (server)'
10-27 12:44:55.079 D/MIUIInput( 1532): [MotionEvent] publisher action=0x1, deviceId=3, 410415194, channel '25a60f9 com.strimqa.android.app.strimqa/com.strimqa.mobile_client.MainActivity (server)'
10-27 12:44:55.096 I/BufferQueueProducer(  924): [SurfaceView[com.strimqa.android.app.strimqa/com.strimqa.mobile_client.MainActivity](BLAST)#121917](this:0xb400007a4295ea80,id:-1,api:0,p:-1,c:924) queueBuffer: fps=23.14 dur=4321.77 max=3454.34 min=7.31
10-27 12:44:55.382 I/libPowerHal(  861): [perfNotifyAppState] pack:com.strimqa.android.app.strimqa, act:com.strimqa.mobile_client.MainActivity, state:5, pid:7952, uid:10328, fps:120
10-27 12:44:57.383 I/libPowerHal(  861): [perfNotifyAppState] pack:com.strimqa.android.app.strimqa, act:com.strimqa.mobile_client.MainActivity, state:5, pid:7952, uid:10328, fps:-1
10-27 12:44:57.938 D/MIUIInput( 1532): [MotionEvent] publisher action=0x0, deviceId=3, 410418051, channel '25a60f9 com.strimqa.android.app.strimqa/com.strimqa.mobile_client.MainActivity (server)'
10-27 12:44:58.023 D/MIUIInput( 1532): [MotionEvent] publisher action=0x1, deviceId=3, 410418138, channel '25a60f9 com.strimqa.android.app.strimqa/com.strimqa.mobile_client.MainActivity (server)'
10-27 12:44:58.042 I/BufferQueueProducer(  924): [SurfaceView[com.strimqa.android.app.strimqa/com.strimqa.mobile_client.MainActivity](BLAST)#121917](this:0xb400007a4295ea80,id:-1,api:0,p:-1,c:924) queueBuffer: fps=29.54 dur=2945.07 max=2217.63 min=7.78
10-27 12:44:58.384 I/libPowerHal(  861): [perfNotifyAppState] pack:com.strimqa.android.app.strimqa, act:com.strimqa.mobile_client.MainActivity, state:5, pid:7952, uid:10328, fps:120
10-27 12:45:00.349 D/MIUIInput( 1532): [MotionEvent] publisher action=0x0, deviceId=3, 410420463, channel '25a60f9 com.strimqa.android.app.strimqa/com.strimqa.mobile_client.MainActivity (server)'
10-27 12:45:00.383 I/libPowerHal(  861): [perfNotifyAppState] pack:com.strimqa.android.app.strimqa, act:com.strimqa.mobile_client.MainActivity, state:5, pid:7952, uid:10328, fps:-1
10-27 12:45:00.417 D/MIUIInput( 1532): [MotionEvent] publisher action=0x1, deviceId=3, 410420532, channel '25a60f9 com.strimqa.android.app.strimqa/com.strimqa.mobile_client.MainActivity (server)'
10-27 12:45:00.432 I/BufferQueueProducer(  924): [SurfaceView[com.strimqa.android.app.strimqa/com.strimqa.mobile_client.MainActivity](BLAST)#121917](this:0xb400007a4295ea80,id:-1,api:0,p:-1,c:924) queueBuffer: fps=29.70 dur=2390.52 max=1806.47 min=7.61
10-27 12:45:01.383 I/libPowerHal(  861): [perfNotifyAppState] pack:com.strimqa.android.app.strimqa, act:com.strimqa.mobile_client.MainActivity, state:5, pid:7952, uid:10328, fps:120
10-27 12:45:02.386 I/libPowerHal(  861): [perfNotifyAppState] pack:com.strimqa.android.app.strimqa, act:com.strimqa.mobile_client.MainActivity, state:5, pid:7952, uid:10328, fps:-1
10-27 12:45:07.306 D/MIUIInput( 1532): [MotionEvent] publisher action=0x0, deviceId=3, 410427420, channel '25a60f9 com.strimqa.android.app.strimqa/com.strimqa.mobile_client.MainActivity (server)'
10-27 12:45:07.376 D/MIUIInput( 1532): [MotionEvent] publisher action=0x1, deviceId=3, 410427491, channel '25a60f9 com.strimqa.android.app.strimqa/com.strimqa.mobile_client.MainActivity (server)'
10-27 12:45:07.391 I/BufferQueueProducer(  924): [SurfaceView[com.strimqa.android.app.strimqa/com.strimqa.mobile_client.MainActivity](BLAST)#121917](this:0xb400007a4295ea80,id:-1,api:0,p:-1,c:924) queueBuffer: fps=12.21 dur=6959.36 max=6245.02 min=7.17
10-27 12:45:08.389 I/libPowerHal(  861): [perfNotifyAppState] pack:com.strimqa.android.app.strimqa, act:com.strimqa.mobile_client.MainActivity, state:5, pid:7952, uid:10328, fps:120
10-27 12:45:09.389 I/libPowerHal(  861): [perfNotifyAppState] pack:com.strimqa.android.app.strimqa, act:com.strimqa.mobile_client.MainActivity, state:5, pid:7952, uid:10328, fps:-1
10-27 12:45:14.150 D/MIUIInput( 1532): [MotionEvent] publisher action=0x0, deviceId=3, 410434264, channel '25a60f9 com.strimqa.android.app.strimqa/com.strimqa.mobile_client.MainActivity (server)'
10-27 12:45:14.241 D/MIUIInput( 1532): [MotionEvent] publisher action=0x1, deviceId=3, 410434356, channel '25a60f9 com.strimqa.android.app.strimqa/com.strimqa.mobile_client.MainActivity (server)'
10-27 12:45:14.254 I/BufferQueueProducer(  924): [SurfaceView[com.strimqa.android.app.strimqa/com.strimqa.mobile_client.MainActivity](BLAST)#121917](this:0xb400007a4295ea80,id:-1,api:0,p:-1,c:924) queueBuffer: fps=5.10 dur=6862.50 max=6553.42 min=7.82
10-27 12:45:14.392 I/libPowerHal(  861): [perfNotifyAppState] pack:com.strimqa.android.app.strimqa, act:com.strimqa.mobile_client.MainActivity, state:5, pid:7952, uid:10328, fps:90
10-27 12:45:15.254 D/MIUIInput( 1532): [MotionEvent] publisher action=0x0, deviceId=3, 410435367, channel '25a60f9 com.strimqa.android.app.strimqa/com.strimqa.mobile_client.MainActivity (server)'
10-27 12:45:15.347 D/MIUIInput( 1532): [MotionEvent] publisher action=0x1, deviceId=3, 410435462, channel '25a60f9 com.strimqa.android.app.strimqa/com.strimqa.mobile_client.MainActivity (server)'
10-27 12:45:15.362 I/BufferQueueProducer(  924): [SurfaceView[com.strimqa.android.app.strimqa/com.strimqa.mobile_client.MainActivity](BLAST)#121917](this:0xb400007a4295ea80,id:-1,api:0,p:-1,c:924) queueBuffer: fps=18.05 dur=1108.03 max=892.68 min=8.16
10-27 12:45:16.394 I/libPowerHal(  861): [perfNotifyAppState] pack:com.strimqa.android.app.strimqa, act:com.strimqa.mobile_client.MainActivity, state:5, pid:7952, uid:10328, fps:120
10-27 12:45:16.668 D/MIUIInput( 1532): [MotionEvent] publisher action=0x0, deviceId=3, 410436782, channel '25a60f9 com.strimqa.android.app.strimqa/com.strimqa.mobile_client.MainActivity (server)'
10-27 12:45:16.739 D/MIUIInput( 1532): [MotionEvent] publisher action=0x1, deviceId=3, 410436854, channel '25a60f9 com.strimqa.android.app.strimqa/com.strimqa.mobile_client.MainActivity (server)'
