10-27 12:39:54.944 I/Finsky:background(30343): [272] IQ: Notifying installation update. [Package:com.strimqa.android.app.strimqa, isid:_V24S8CcSUiQkXGrpc8LgQ], status=DOWNLOADING, status_code=0, reason=single_install, tsc=PT1.745S, attempt=0
10-27 12:39:54.944 I/Finsky:background(30343): [180] RF::PP-Copy: starting to copy for com.strimqa.android.app.strimqa[iid:1049] [isid:_V24S8CcSUiQkXGrpc8LgQ] [tid: 1000001209]
10-27 12:39:54.946 I/Finsky:background(30343): [2] PIM: Handling install package event for: com.strimqa.android.app.strimqa status:  DOWNLOADING, isid: _V24S8CcSUiQkXGrpc8LgQ
10-27 12:39:54.947 I/Finsky  (30203): [2] DL: Data loader session turned off due to Incremental install not requested: com.strimqa.android.app.strimqa
10-27 12:39:54.948 I/Finsky:background(30343): [272] IQ: Notifying installation update. [Package:com.strimqa.android.app.strimqa, isid:_V24S8CcSUiQkXGrpc8LgQ], status=DOWNLOADING, status_code=0, reason=single_install, tsc=PT1.749S, attempt=0
10-27 12:39:54.950 I/Finsky:background(30343): [2] PIM: Handling install package event for: com.strimqa.android.app.strimqa status:  DOWNLOADING, isid: _V24S8CcSUiQkXGrpc8LgQ
10-27 12:39:54.953 I/Finsky:background(30343): [176] RF::PP-Verify: starting to verify for com.strimqa.android.app.strimqa[iid:1049] [isid:_V24S8CcSUiQkXGrpc8LgQ] [tid: 1000001209].
10-27 12:39:54.962 I/Finsky  (30203): [2] DL: Data loader session turned off due to Incremental install not requested: com.strimqa.android.app.strimqa
10-27 12:39:55.710 I/Finsky:background(30343): [286] DSC::L: Update all listeners for download <6493:RUNNING:43%[43%]> in group com.strimqa.android.app.strimqa:_V24S8CcSUiQkXGrpc8LgQ
10-27 12:39:55.711 I/Finsky:background(30343): [187] RM: getStatus resourceRequestId=c0261def-c951-44e4-b3b4-f9e1f782944e requestId=6493 package=com.strimqa.android.app.strimqa artifact=config.arm64_v8a isid=_V24S8CcSUiQkXGrpc8LgQ
10-27 12:39:55.721 I/Finsky:background(30343): [286] DS: DS: onGetDownload(request_id=6493, files_to_download=[config.arm64_v8a(size:8646440)], context[group_id=com.strimqa.android.app.strimqa:_V24S8CcSUiQkXGrpc8LgQ], display_data[invisible=false, title=StrimQa — ваш QA навигатор!], network_restrictions=ANY_NETWORK status=running, bytes_downloaded=3748959, total_bytes=8646440, retry[count=0, next_retry=n/a])
10-27 12:39:55.722 I/Finsky:background(30343): [2] RF: resourceStatus for request_id=6493 group=com.strimqa.android.app.strimqa artifact=config.arm64_v8a collectedBytes= 3748959 / 8646440
10-27 12:39:55.722 I/Finsky:background(30343): [2] RF: Group=com.strimqa.android.app.strimqa totalBytesDownloaded= 3932941 / 36374073 for 6 artifacts
10-27 12:39:55.750 I/Finsky:background(30343): [286] DSC::L: Update all listeners for download <6494:RUNNING:5%[5%]> in group com.strimqa.android.app.strimqa:_V24S8CcSUiQkXGrpc8LgQ
10-27 12:39:55.751 I/Finsky:background(30343): [286] RM: receive resource status onProgress download_request_id=6494, group_id=com.strimqa.android.app.strimqa.apk reason: single_install isid: _V24S8CcSUiQkXGrpc8LgQ, status_code=RESOURCE_STATUS_IN_PROGRESS, legacy_status_code=192, size: 1444265/27534345
10-27 12:39:55.751 I/Finsky:background(30343): [178] RM: getStatus resourceRequestId=cd90fccf-9b66-4ea7-b0c8-a1f9c18b2d7d requestId=6494 package=com.strimqa.android.app.strimqa artifact=com.strimqa.android.app.strimqa.apk isid=_V24S8CcSUiQkXGrpc8LgQ
10-27 12:39:55.765 I/Finsky:background(30343): [286] DS: DS: onGetDownload(request_id=6494, files_to_download=[com.strimqa.android.app.strimqa.apk(size:27534345)], context[group_id=com.strimqa.android.app.strimqa:_V24S8CcSUiQkXGrpc8LgQ], display_data[invisible=false, title=StrimQa — ваш QA навигатор!], network_restrictions=ANY_NETWORK status=running, bytes_downloaded=1444265, total_bytes=27534345, retry[count=0, next_retry=n/a])
10-27 12:39:55.769 I/Finsky:background(30343): [2] RF: resourceStatus for request_id=6494 group=com.strimqa.android.app.strimqa artifact=com.strimqa.android.app.strimqa.apk collectedBytes= 1444265 / 27534345
10-27 12:39:55.769 I/Finsky:background(30343): [2] RF: Group=com.strimqa.android.app.strimqa totalBytesDownloaded= 5377206 / 36374073 for 6 artifacts
10-27 12:39:57.917 I/Finsky:background(30343): [286] DSC::L: Update all listeners for download <6494:RUNNING:11%[11%]> in group com.strimqa.android.app.strimqa:_V24S8CcSUiQkXGrpc8LgQ
10-27 12:39:57.917 I/Finsky:background(30343): [286] RM: receive resource status onProgress download_request_id=6494, group_id=com.strimqa.android.app.strimqa.apk reason: single_install isid: _V24S8CcSUiQkXGrpc8LgQ, status_code=RESOURCE_STATUS_IN_PROGRESS, legacy_status_code=192, size: 3259831/27534345
10-27 12:39:57.918 I/Finsky:background(30343): [175] RM: getStatus resourceRequestId=cd90fccf-9b66-4ea7-b0c8-a1f9c18b2d7d requestId=6494 package=com.strimqa.android.app.strimqa artifact=com.strimqa.android.app.strimqa.apk isid=_V24S8CcSUiQkXGrpc8LgQ
10-27 12:39:57.923 I/Finsky:background(30343): [286] DSC::L: Update all listeners for download <6493:RUNNING:97%[97%]> in group com.strimqa.android.app.strimqa:_V24S8CcSUiQkXGrpc8LgQ
10-27 12:39:57.924 I/Finsky:background(30343): [186] RM: getStatus resourceRequestId=c0261def-c951-44e4-b3b4-f9e1f782944e requestId=6493 package=com.strimqa.android.app.strimqa artifact=config.arm64_v8a isid=_V24S8CcSUiQkXGrpc8LgQ
10-27 12:39:57.934 I/Finsky:background(30343): [286] DS: DS: onGetDownload(request_id=6494, files_to_download=[com.strimqa.android.app.strimqa.apk(size:27534345)], context[group_id=com.strimqa.android.app.strimqa:_V24S8CcSUiQkXGrpc8LgQ], display_data[invisible=false, title=StrimQa — ваш QA навигатор!], network_restrictions=ANY_NETWORK status=running, bytes_downloaded=3259831, total_bytes=27534345, retry[count=0, next_retry=n/a])
10-27 12:39:57.935 I/Finsky:background(30343): [2] RF: resourceStatus for request_id=6494 group=com.strimqa.android.app.strimqa artifact=com.strimqa.android.app.strimqa.apk collectedBytes= 3259831 / 27534345
10-27 12:39:57.935 I/Finsky:background(30343): [2] RF: Group=com.strimqa.android.app.strimqa totalBytesDownloaded= 7192772 / 36374073 for 6 artifacts
10-27 12:39:57.935 I/Finsky:background(30343): [286] DS: DS: onGetDownload(request_id=6493, files_to_download=[config.arm64_v8a(size:8646440)], context[group_id=com.strimqa.android.app.strimqa:_V24S8CcSUiQkXGrpc8LgQ], display_data[invisible=false, title=StrimQa — ваш QA навигатор!], network_restrictions=ANY_NETWORK status=running, bytes_downloaded=8454716, total_bytes=8646440, retry[count=0, next_retry=n/a])
10-27 12:39:57.936 I/Finsky:background(30343): [2] RF: resourceStatus for request_id=6493 group=com.strimqa.android.app.strimqa artifact=config.arm64_v8a collectedBytes= 8454716 / 8646440
10-27 12:39:57.936 I/Finsky:background(30343): [2] RF: Group=com.strimqa.android.app.strimqa totalBytesDownloaded= 11898529 / 36374073 for 6 artifacts
10-27 12:39:57.937 I/Finsky:background(30343): [277] IV2: onTaskProgress com.strimqa.android.app.strimqa[iid:1049] [isid:_V24S8CcSUiQkXGrpc8LgQ] status:RESOURCE_FETCH_PROGRESS, size: 7192772/36374073
10-27 12:39:57.938 I/Finsky:background(30343): [272] IQ: Notifying installation update. [Package:com.strimqa.android.app.strimqa, isid:_V24S8CcSUiQkXGrpc8LgQ], status=DOWNLOADING, status_code=0, reason=single_install, tsc=PT4.739S, attempt=0
10-27 12:39:57.939 I/Finsky:background(30343): [2] PIM: Handling install package event for: com.strimqa.android.app.strimqa status:  DOWNLOADING, isid: _V24S8CcSUiQkXGrpc8LgQ
10-27 12:39:57.940 I/Finsky  (30203): [2] DL: Data loader session turned off due to Incremental install not requested: com.strimqa.android.app.strimqa
10-27 12:39:57.999 I/Finsky:background(30343): [286] DSC::L: Update all listeners for download <6493:SUCCEEDED> in group com.strimqa.android.app.strimqa:_V24S8CcSUiQkXGrpc8LgQ
10-27 12:39:58.000 I/Finsky:background(30343): [187] RM: getStatus resourceRequestId=c0261def-c951-44e4-b3b4-f9e1f782944e requestId=6493 package=com.strimqa.android.app.strimqa artifact=config.arm64_v8a isid=_V24S8CcSUiQkXGrpc8LgQ
10-27 12:39:58.009 I/Finsky:background(30343): [292] DU: Stored data usage stats for package com.strimqa.android.app.strimqa; completed bytes: 8646440.
10-27 12:39:58.020 I/Finsky:background(30343): [286] DS: DS: onGetDownload(request_id=6493, files_to_download=[config.arm64_v8a(size:8646440)], context[group_id=com.strimqa.android.app.strimqa:_V24S8CcSUiQkXGrpc8LgQ], display_data[invisible=false, title=StrimQa — ваш QA навигатор!], network_restrictions=ANY_NETWORK status=succeeded, bytes_downloaded=8646440, total_bytes=8646440, retry[count=0, next_retry=n/a])
10-27 12:39:58.024 I/Finsky:background(30343): [2] RF: resourceStatus for request_id=6493 group=com.strimqa.android.app.strimqa artifact=config.arm64_v8a collectedBytes= 8646440 / 8646440
10-27 12:39:58.024 I/Finsky:background(30343): [2] RF: Group=com.strimqa.android.app.strimqa totalBytesDownloaded= 12090253 / 36374073 for 6 artifacts
10-27 12:39:58.024 I/Finsky:background(30343): [2] RF: resourceStatus for request_id=6493 group=com.strimqa.android.app.strimqa artifact=config.arm64_v8a collectedBytes= 8646440 / 8646440
10-27 12:39:58.024 I/Finsky:background(30343): [2] RF: Group=com.strimqa.android.app.strimqa totalBytesDownloaded= 12090253 / 36374073 for 6 artifacts
10-27 12:39:58.025 I/Finsky:background(30343): [277] IV2: onTaskProgress com.strimqa.android.app.strimqa[iid:1049] [isid:_V24S8CcSUiQkXGrpc8LgQ] status:RESOURCE_FETCH_PROGRESS, size: 12090253/36374073
10-27 12:39:58.026 I/Finsky:background(30343): [174] RF::PP-Decompress: starting to decompress for com.strimqa.android.app.strimqa[iid:1049] [isid:_V24S8CcSUiQkXGrpc8LgQ] [tid: 1000001209].
10-27 12:39:58.028 I/Finsky:background(30343): [272] IQ: Notifying installation update. [Package:com.strimqa.android.app.strimqa, isid:_V24S8CcSUiQkXGrpc8LgQ], status=DOWNLOADING, status_code=0, reason=single_install, tsc=PT4.828S, attempt=0
10-27 12:39:58.028 I/Finsky:background(30343): [176] RF::PP-Copy: starting to copy for com.strimqa.android.app.strimqa[iid:1049] [isid:_V24S8CcSUiQkXGrpc8LgQ] [tid: 1000001209]
10-27 12:39:58.028 I/Finsky:background(30343): [277] IV2: onTaskProgress com.strimqa.android.app.strimqa[iid:1049] [isid:_V24S8CcSUiQkXGrpc8LgQ] status:RESOURCE_FETCH_PROGRESS, size: 12090253/36374073
10-27 12:39:58.030 I/Finsky:background(30343): [2] PIM: Handling install package event for: com.strimqa.android.app.strimqa status:  DOWNLOADING, isid: _V24S8CcSUiQkXGrpc8LgQ
10-27 12:39:58.032 I/Finsky  (30203): [2] DL: Data loader session turned off due to Incremental install not requested: com.strimqa.android.app.strimqa
10-27 12:39:58.033 I/Finsky:background(30343): [272] IQ: Notifying installation update. [Package:com.strimqa.android.app.strimqa, isid:_V24S8CcSUiQkXGrpc8LgQ], status=DOWNLOADING, status_code=0, reason=single_install, tsc=PT4.834S, attempt=0
10-27 12:39:58.038 I/Finsky:background(30343): [2] PIM: Handling install package event for: com.strimqa.android.app.strimqa status:  DOWNLOADING, isid: _V24S8CcSUiQkXGrpc8LgQ
10-27 12:39:58.045 I/Finsky  (30203): [2] DL: Data loader session turned off due to Incremental install not requested: com.strimqa.android.app.strimqa
10-27 12:39:58.415 I/Finsky:background(30343): [176] RF::PP-Verify: starting to verify for com.strimqa.android.app.strimqa[iid:1049] [isid:_V24S8CcSUiQkXGrpc8LgQ] [tid: 1000001209].
10-27 12:39:59.918 I/Finsky:background(30343): [286] DSC::L: Update all listeners for download <6494:RUNNING:35%[35%]> in group com.strimqa.android.app.strimqa:_V24S8CcSUiQkXGrpc8LgQ
10-27 12:39:59.919 I/Finsky:background(30343): [286] RM: receive resource status onProgress download_request_id=6494, group_id=com.strimqa.android.app.strimqa.apk reason: single_install isid: _V24S8CcSUiQkXGrpc8LgQ, status_code=RESOURCE_STATUS_IN_PROGRESS, legacy_status_code=192, size: 9737371/27534345
10-27 12:39:59.919 I/Finsky:background(30343): [175] RM: getStatus resourceRequestId=cd90fccf-9b66-4ea7-b0c8-a1f9c18b2d7d requestId=6494 package=com.strimqa.android.app.strimqa artifact=com.strimqa.android.app.strimqa.apk isid=_V24S8CcSUiQkXGrpc8LgQ
10-27 12:39:59.932 I/Finsky:background(30343): [286] DS: DS: onGetDownload(request_id=6494, files_to_download=[com.strimqa.android.app.strimqa.apk(size:27534345)], context[group_id=com.strimqa.android.app.strimqa:_V24S8CcSUiQkXGrpc8LgQ], display_data[invisible=false, title=StrimQa — ваш QA навигатор!], network_restrictions=ANY_NETWORK status=running, bytes_downloaded=9737371, total_bytes=27534345, retry[count=0, next_retry=n/a])
10-27 12:39:59.933 I/Finsky:background(30343): [2] RF: resourceStatus for request_id=6494 group=com.strimqa.android.app.strimqa artifact=com.strimqa.android.app.strimqa.apk collectedBytes= 9737371 / 27534345
10-27 12:39:59.933 I/Finsky:background(30343): [2] RF: Group=com.strimqa.android.app.strimqa totalBytesDownloaded= 18567793 / 36374073 for 6 artifacts
10-27 12:40:01.930 I/Finsky:background(30343): [286] DSC::L: Update all listeners for download <6494:RUNNING:59%[59%]> in group com.strimqa.android.app.strimqa:_V24S8CcSUiQkXGrpc8LgQ
10-27 12:40:01.931 I/Finsky:background(30343): [286] RM: receive resource status onProgress download_request_id=6494, group_id=com.strimqa.android.app.strimqa.apk reason: single_install isid: _V24S8CcSUiQkXGrpc8LgQ, status_code=RESOURCE_STATUS_IN_PROGRESS, legacy_status_code=192, size: 16391289/27534345
10-27 12:40:01.931 I/Finsky:background(30343): [178] RM: getStatus resourceRequestId=cd90fccf-9b66-4ea7-b0c8-a1f9c18b2d7d requestId=6494 package=com.strimqa.android.app.strimqa artifact=com.strimqa.android.app.strimqa.apk isid=_V24S8CcSUiQkXGrpc8LgQ
10-27 12:40:01.940 I/Finsky:background(30343): [286] DS: DS: onGetDownload(request_id=6494, files_to_download=[com.strimqa.android.app.strimqa.apk(size:27534345)], context[group_id=com.strimqa.android.app.strimqa:_V24S8CcSUiQkXGrpc8LgQ], display_data[invisible=false, title=StrimQa — ваш QA навигатор!], network_restrictions=ANY_NETWORK status=running, bytes_downloaded=16391289, total_bytes=27534345, retry[count=0, next_retry=n/a])
10-27 12:40:01.941 I/Finsky:background(30343): [2] RF: resourceStatus for request_id=6494 group=com.strimqa.android.app.strimqa artifact=com.strimqa.android.app.strimqa.apk collectedBytes= 16391289 / 27534345
10-27 12:40:01.941 I/Finsky:background(30343): [2] RF: Group=com.strimqa.android.app.strimqa totalBytesDownloaded= 25221711 / 36374073 for 6 artifacts
10-27 12:40:01.943 I/Finsky:background(30343): [277] IV2: onTaskProgress com.strimqa.android.app.strimqa[iid:1049] [isid:_V24S8CcSUiQkXGrpc8LgQ] status:RESOURCE_FETCH_PROGRESS, size: 25221711/36374073
10-27 12:40:01.947 I/Finsky:background(30343): [272] IQ: Notifying installation update. [Package:com.strimqa.android.app.strimqa, isid:_V24S8CcSUiQkXGrpc8LgQ], status=DOWNLOADING, status_code=0, reason=single_install, tsc=PT8.748S, attempt=0
10-27 12:40:01.949 I/Finsky:background(30343): [2] PIM: Handling install package event for: com.strimqa.android.app.strimqa status:  DOWNLOADING, isid: _V24S8CcSUiQkXGrpc8LgQ
10-27 12:40:01.950 I/Finsky  (30203): [2] DL: Data loader session turned off due to Incremental install not requested: com.strimqa.android.app.strimqa
10-27 12:40:03.656 I/Finsky:background(30343): [286] DSC::L: Update all listeners for download <6496:RUNNING:0%[0%]> in group com.strimqa.android.app.strimqa:_V24S8CcSUiQkXGrpc8LgQ
10-27 12:40:03.658 I/Finsky:background(30343): [178] RM: getStatus resourceRequestId=0a412da4-c410-4d39-8d38-48f7c05cd19e requestId=6496 package=com.strimqa.android.app.strimqa artifact=config.ru isid=_V24S8CcSUiQkXGrpc8LgQ
10-27 12:40:03.668 I/Finsky:background(30343): [286] DSC::L: Update all listeners for download <6496:RUNNING:26%[26%]> in group com.strimqa.android.app.strimqa:_V24S8CcSUiQkXGrpc8LgQ
10-27 12:40:03.669 I/Finsky:background(30343): [175] RM: getStatus resourceRequestId=0a412da4-c410-4d39-8d38-48f7c05cd19e requestId=6496 package=com.strimqa.android.app.strimqa artifact=config.ru isid=_V24S8CcSUiQkXGrpc8LgQ
10-27 12:40:03.677 I/Finsky:background(30343): [286] DSC::L: Update all listeners for download <6496:RUNNING:100%[100%]> in group com.strimqa.android.app.strimqa:_V24S8CcSUiQkXGrpc8LgQ
10-27 12:40:03.678 I/Finsky:background(30343): [187] RM: getStatus resourceRequestId=0a412da4-c410-4d39-8d38-48f7c05cd19e requestId=6496 package=com.strimqa.android.app.strimqa artifact=config.ru isid=_V24S8CcSUiQkXGrpc8LgQ
10-27 12:40:03.686 I/Finsky:background(30343): [286] DSC::L: Update all listeners for download <6496:SUCCEEDED> in group com.strimqa.android.app.strimqa:_V24S8CcSUiQkXGrpc8LgQ
10-27 12:40:03.687 I/Finsky:background(30343): [178] RM: getStatus resourceRequestId=0a412da4-c410-4d39-8d38-48f7c05cd19e requestId=6496 package=com.strimqa.android.app.strimqa artifact=config.ru isid=_V24S8CcSUiQkXGrpc8LgQ
10-27 12:40:03.697 I/Finsky:background(30343): [292] DU: Stored data usage stats for package com.strimqa.android.app.strimqa; completed bytes: 9306.
10-27 12:40:03.699 I/Finsky:background(30343): [286] DS: DS: onGetDownload(request_id=6496, files_to_download=[config.ru(size:9306)], context[group_id=com.strimqa.android.app.strimqa:_V24S8CcSUiQkXGrpc8LgQ], display_data[invisible=false, title=StrimQa — ваш QA навигатор!], network_restrictions=ANY_NETWORK status=running, bytes_downloaded=2450, total_bytes=9306, retry[count=0, next_retry=n/a])
10-27 12:40:03.699 I/Finsky:background(30343): [286] DS: DS: onGetDownload(request_id=6496, files_to_download=[config.ru(size:9306)], context[group_id=com.strimqa.android.app.strimqa:_V24S8CcSUiQkXGrpc8LgQ], display_data[invisible=false, title=StrimQa — ваш QA навигатор!], network_restrictions=ANY_NETWORK status=succeeded, bytes_downloaded=9306, total_bytes=9306, retry[count=0, next_retry=n/a])
10-27 12:40:03.700 I/Finsky:background(30343): [286] DS: DS: onGetDownload(request_id=6496, files_to_download=[config.ru(size:9306)], context[group_id=com.strimqa.android.app.strimqa:_V24S8CcSUiQkXGrpc8LgQ], display_data[invisible=false, title=StrimQa — ваш QA навигатор!], network_restrictions=ANY_NETWORK status=succeeded, bytes_downloaded=9306, total_bytes=9306, retry[count=0, next_retry=n/a])
10-27 12:40:03.700 I/Finsky:background(30343): [286] DS: DS: onGetDownload(request_id=6496, files_to_download=[config.ru(size:9306)], context[group_id=com.strimqa.android.app.strimqa:_V24S8CcSUiQkXGrpc8LgQ], display_data[invisible=false, title=StrimQa — ваш QA навигатор!], network_restrictions=ANY_NETWORK status=succeeded, bytes_downloaded=9306, total_bytes=9306, retry[count=0, next_retry=n/a])
10-27 12:40:03.700 I/Finsky:background(30343): [2] RF: resourceStatus for request_id=6496 group=com.strimqa.android.app.strimqa artifact=config.ru collectedBytes= 2450 / 9306
10-27 12:40:03.700 I/Finsky:background(30343): [2] RF: Group=com.strimqa.android.app.strimqa totalBytesDownloaded= 25224161 / 36374073 for 6 artifacts
10-27 12:40:03.702 I/Finsky:background(30343): [2] RF: resourceStatus for request_id=6496 group=com.strimqa.android.app.strimqa artifact=config.ru collectedBytes= 9306 / 9306
10-27 12:40:03.702 I/Finsky:background(30343): [2] RF: Group=com.strimqa.android.app.strimqa totalBytesDownloaded= 25231017 / 36374073 for 6 artifacts
10-27 12:40:03.703 I/Finsky:background(30343): [2] RF: resourceStatus for request_id=6496 group=com.strimqa.android.app.strimqa artifact=config.ru collectedBytes= 9306 / 9306
10-27 12:40:03.703 I/Finsky:background(30343): [2] RF: Group=com.strimqa.android.app.strimqa totalBytesDownloaded= 25231017 / 36374073 for 6 artifacts
10-27 12:40:03.704 I/Finsky:background(30343): [2] RF: resourceStatus for request_id=6496 group=com.strimqa.android.app.strimqa artifact=config.ru collectedBytes= 9306 / 9306
10-27 12:40:03.704 I/Finsky:background(30343): [2] RF: Group=com.strimqa.android.app.strimqa totalBytesDownloaded= 25231017 / 36374073 for 6 artifacts
10-27 12:40:03.705 I/Finsky:background(30343): [277] IV2: onTaskProgress com.strimqa.android.app.strimqa[iid:1049] [isid:_V24S8CcSUiQkXGrpc8LgQ] status:RESOURCE_FETCH_PROGRESS, size: 25231017/36374073
10-27 12:40:03.706 I/Finsky:background(30343): [277] IV2: onTaskProgress com.strimqa.android.app.strimqa[iid:1049] [isid:_V24S8CcSUiQkXGrpc8LgQ] status:RESOURCE_FETCH_PROGRESS, size: 25231017/36374073
10-27 12:40:03.706 I/Finsky:background(30343): [2] RF: resourceStatus for request_id=6496 group=com.strimqa.android.app.strimqa artifact=config.ru collectedBytes= 9306 / 9306
10-27 12:40:03.706 I/Finsky:background(30343): [2] RF: Group=com.strimqa.android.app.strimqa totalBytesDownloaded= 25231017 / 36374073 for 6 artifacts
10-27 12:40:03.708 I/Finsky:background(30343): [174] RF::PP-Decompress: starting to decompress for com.strimqa.android.app.strimqa[iid:1049] [isid:_V24S8CcSUiQkXGrpc8LgQ] [tid: 1000001209].
10-27 12:40:03.708 I/Finsky:background(30343): [272] IQ: Notifying installation update. [Package:com.strimqa.android.app.strimqa, isid:_V24S8CcSUiQkXGrpc8LgQ], status=DOWNLOADING, status_code=0, reason=single_install, tsc=PT10.509S, attempt=0
10-27 12:40:03.709 I/Finsky:background(30343): [176] RF::PP-Copy: starting to copy for com.strimqa.android.app.strimqa[iid:1049] [isid:_V24S8CcSUiQkXGrpc8LgQ] [tid: 1000001209]
10-27 12:40:03.711 I/Finsky:background(30343): [2] PIM: Handling install package event for: com.strimqa.android.app.strimqa status:  DOWNLOADING, isid: _V24S8CcSUiQkXGrpc8LgQ
10-27 12:40:03.712 I/Finsky:background(30343): [272] IQ: Notifying installation update. [Package:com.strimqa.android.app.strimqa, isid:_V24S8CcSUiQkXGrpc8LgQ], status=DOWNLOADING, status_code=0, reason=single_install, tsc=PT10.513S, attempt=0
10-27 12:40:03.713 I/Finsky  (30203): [2] DL: Data loader session turned off due to Incremental install not requested: com.strimqa.android.app.strimqa
10-27 12:40:03.715 I/Finsky:background(30343): [2] PIM: Handling install package event for: com.strimqa.android.app.strimqa status:  DOWNLOADING, isid: _V24S8CcSUiQkXGrpc8LgQ
10-27 12:40:03.717 I/Finsky:background(30343): [180] RF::PP-Verify: starting to verify for com.strimqa.android.app.strimqa[iid:1049] [isid:_V24S8CcSUiQkXGrpc8LgQ] [tid: 1000001209].
10-27 12:40:03.717 I/Finsky  (30203): [2] DL: Data loader session turned off due to Incremental install not requested: com.strimqa.android.app.strimqa
10-27 12:40:03.928 I/Finsky:background(30343): [286] DSC::L: Update all listeners for download <6494:RUNNING:85%[85%]> in group com.strimqa.android.app.strimqa:_V24S8CcSUiQkXGrpc8LgQ
10-27 12:40:03.928 I/Finsky:background(30343): [286] RM: receive resource status onProgress download_request_id=6494, group_id=com.strimqa.android.app.strimqa.apk reason: single_install isid: _V24S8CcSUiQkXGrpc8LgQ, status_code=RESOURCE_STATUS_IN_PROGRESS, legacy_status_code=192, size: 23664874/27534345
10-27 12:40:03.930 I/Finsky:background(30343): [187] RM: getStatus resourceRequestId=cd90fccf-9b66-4ea7-b0c8-a1f9c18b2d7d requestId=6494 package=com.strimqa.android.app.strimqa artifact=com.strimqa.android.app.strimqa.apk isid=_V24S8CcSUiQkXGrpc8LgQ
10-27 12:40:03.936 I/Finsky:background(30343): [286] DS: DS: onGetDownload(request_id=6494, files_to_download=[com.strimqa.android.app.strimqa.apk(size:27534345)], context[group_id=com.strimqa.android.app.strimqa:_V24S8CcSUiQkXGrpc8LgQ], display_data[invisible=false, title=StrimQa — ваш QA навигатор!], network_restrictions=ANY_NETWORK status=running, bytes_downloaded=23664874, total_bytes=27534345, retry[count=0, next_retry=n/a])
10-27 12:40:03.936 I/Finsky:background(30343): [2] RF: resourceStatus for request_id=6494 group=com.strimqa.android.app.strimqa artifact=com.strimqa.android.app.strimqa.apk collectedBytes= 23664874 / 27534345
10-27 12:40:03.936 I/Finsky:background(30343): [2] RF: Group=com.strimqa.android.app.strimqa totalBytesDownloaded= 32504602 / 36374073 for 6 artifacts
10-27 12:40:05.709 I/Finsky:background(30343): [286] DSC::L: Update all listeners for download <6494:RUNNING:100%[100%]> in group com.strimqa.android.app.strimqa:_V24S8CcSUiQkXGrpc8LgQ
10-27 12:40:05.709 I/Finsky:background(30343): [286] RM: receive resource status onProgress download_request_id=6494, group_id=com.strimqa.android.app.strimqa.apk reason: single_install isid: _V24S8CcSUiQkXGrpc8LgQ, status_code=RESOURCE_STATUS_IN_PROGRESS, legacy_status_code=192, size: 27534345/27534345
10-27 12:40:05.710 I/Finsky:background(30343): [175] RM: getStatus resourceRequestId=cd90fccf-9b66-4ea7-b0c8-a1f9c18b2d7d requestId=6494 package=com.strimqa.android.app.strimqa artifact=com.strimqa.android.app.strimqa.apk isid=_V24S8CcSUiQkXGrpc8LgQ
10-27 12:40:05.717 I/Finsky:background(30343): [286] DSC::L: Update all listeners for download <6494:SUCCEEDED> in group com.strimqa.android.app.strimqa:_V24S8CcSUiQkXGrpc8LgQ
10-27 12:40:05.717 I/Finsky:background(30343): [286] RM: receive resource status onSuccess com.strimqa.android.app.strimqa.apk reason: single_install isid: _V24S8CcSUiQkXGrpc8LgQ, 3, 200, size: 27534345/27534345
10-27 12:40:05.719 I/Finsky:background(30343): [187] RM: getStatus resourceRequestId=cd90fccf-9b66-4ea7-b0c8-a1f9c18b2d7d requestId=6494 package=com.strimqa.android.app.strimqa artifact=com.strimqa.android.app.strimqa.apk isid=_V24S8CcSUiQkXGrpc8LgQ
10-27 12:40:05.723 I/Finsky:background(30343): [286] DS: DS: onGetDownload(request_id=6494, files_to_download=[com.strimqa.android.app.strimqa.apk(size:27534345)], context[group_id=com.strimqa.android.app.strimqa:_V24S8CcSUiQkXGrpc8LgQ], display_data[invisible=false, title=StrimQa — ваш QA навигатор!], network_restrictions=ANY_NETWORK status=succeeded, bytes_downloaded=27534345, total_bytes=27534345, retry[count=0, next_retry=n/a])
10-27 12:40:05.723 I/Finsky:background(30343): [286] DS: DS: onGetDownload(request_id=6494, files_to_download=[com.strimqa.android.app.strimqa.apk(size:27534345)], context[group_id=com.strimqa.android.app.strimqa:_V24S8CcSUiQkXGrpc8LgQ], display_data[invisible=false, title=StrimQa — ваш QA навигатор!], network_restrictions=ANY_NETWORK status=succeeded, bytes_downloaded=27534345, total_bytes=27534345, retry[count=0, next_retry=n/a])
10-27 12:40:05.723 I/Finsky:background(30343): [2] RF: resourceStatus for request_id=6494 group=com.strimqa.android.app.strimqa artifact=com.strimqa.android.app.strimqa.apk collectedBytes= 27534345 / 27534345
10-27 12:40:05.723 I/Finsky:background(30343): [2] RF: Group=com.strimqa.android.app.strimqa totalBytesDownloaded= 36374073 / 36374073 for 6 artifacts
10-27 12:40:05.724 I/Finsky:background(30343): [2] RF: resourceStatus for request_id=6494 group=com.strimqa.android.app.strimqa artifact=com.strimqa.android.app.strimqa.apk collectedBytes= 27534345 / 27534345
10-27 12:40:05.725 I/Finsky:background(30343): [2] RF: Group=com.strimqa.android.app.strimqa totalBytesDownloaded= 36374073 / 36374073 for 6 artifacts
10-27 12:40:05.725 I/Finsky:background(30343): [2] RF: resourceStatus for request_id=6494 group=com.strimqa.android.app.strimqa artifact=com.strimqa.android.app.strimqa.apk collectedBytes= 27534345 / 27534345
10-27 12:40:05.725 I/Finsky:background(30343): [2] RF: Group=com.strimqa.android.app.strimqa totalBytesDownloaded= 36374073 / 36374073 for 6 artifacts
10-27 12:40:05.726 I/Finsky:background(30343): [292] DU: Stored data usage stats for package com.strimqa.android.app.strimqa; completed bytes: 27534345.
10-27 12:40:05.726 I/Finsky:background(30343): [277] IV2: onTaskProgress com.strimqa.android.app.strimqa[iid:1049] [isid:_V24S8CcSUiQkXGrpc8LgQ] status:RESOURCE_FETCH_PROGRESS, size: 36374073/36374073
10-27 12:40:05.727 I/Finsky:background(30343): [174] RF: starting postprocessing for com.strimqa.android.app.strimqa.apk
10-27 12:40:05.727 I/Finsky:background(30343): [176] RF::PP-Decompress: starting to decompress for com.strimqa.android.app.strimqa[iid:1049] [isid:_V24S8CcSUiQkXGrpc8LgQ] [tid: 1000001209].
10-27 12:40:05.727 I/Finsky:background(30343): [277] IV2: onTaskProgress com.strimqa.android.app.strimqa[iid:1049] [isid:_V24S8CcSUiQkXGrpc8LgQ] status:RESOURCE_FETCH_PROGRESS, size: 36374073/36374073
10-27 12:40:05.727 I/Finsky:background(30343): [176] RF::PP-Copy: starting to copy for com.strimqa.android.app.strimqa[iid:1049] [isid:_V24S8CcSUiQkXGrpc8LgQ] [tid: 1000001209]
10-27 12:40:05.728 I/Finsky:background(30343): [272] IQ: Notifying installation update. [Package:com.strimqa.android.app.strimqa, isid:_V24S8CcSUiQkXGrpc8LgQ], status=DOWNLOADING, status_code=0, reason=single_install, tsc=PT12.529S, attempt=0
10-27 12:40:05.728 I/Finsky:background(30343): [277] IV2: onTaskProgress com.strimqa.android.app.strimqa[iid:1049] [isid:_V24S8CcSUiQkXGrpc8LgQ] status:RESOURCE_FETCH_PROGRESS, size: 36374073/36374073
10-27 12:40:05.729 I/Finsky:background(30343): [271] RF::PP-Copy: Starting copy of com.strimqa.android.app.strimqa.apk
10-27 12:40:05.729 I/Finsky:background(30343): [271] RF::PP-Copy: OutputStream opened for com.strimqa.android.app.strimqa.apk
10-27 12:40:05.729 I/Finsky:background(30343): [271] RF::PP-Copy: Start copying from input stream for com.strimqa.android.app.strimqa.apk
10-27 12:40:05.729 I/Finsky:background(30343): [2] PIM: Handling install package event for: com.strimqa.android.app.strimqa status:  DOWNLOADING, isid: _V24S8CcSUiQkXGrpc8LgQ
10-27 12:40:05.730 I/Finsky:background(30343): [272] IQ: Notifying installation update. [Package:com.strimqa.android.app.strimqa, isid:_V24S8CcSUiQkXGrpc8LgQ], status=DOWNLOADING, status_code=0, reason=single_install, tsc=PT12.531S, attempt=0
10-27 12:40:05.730 I/Finsky  (30203): [2] DL: Data loader session turned off due to Incremental install not requested: com.strimqa.android.app.strimqa
10-27 12:40:05.733 I/Finsky:background(30343): [2] PIM: Handling install package event for: com.strimqa.android.app.strimqa status:  DOWNLOADING, isid: _V24S8CcSUiQkXGrpc8LgQ
10-27 12:40:05.733 I/Finsky:background(30343): [272] IQ: Notifying installation update. [Package:com.strimqa.android.app.strimqa, isid:_V24S8CcSUiQkXGrpc8LgQ], status=DOWNLOADING, status_code=0, reason=single_install, tsc=PT12.534S, attempt=0
10-27 12:40:05.734 I/Finsky:background(30343): [2] PIM: Handling install package event for: com.strimqa.android.app.strimqa status:  DOWNLOADING, isid: _V24S8CcSUiQkXGrpc8LgQ
10-27 12:40:05.741 I/Finsky  (30203): [2] DL: Data loader session turned off due to Incremental install not requested: com.strimqa.android.app.strimqa
10-27 12:40:05.741 I/Finsky  (30203): [2] DL: Data loader session turned off due to Incremental install not requested: com.strimqa.android.app.strimqa
10-27 12:40:06.204 I/Finsky:background(30343): [271] RF::PP-Copy: Finished copying from input stream for com.strimqa.android.app.strimqa.apk
10-27 12:40:06.247 I/Finsky:background(30343): [174] RF::PP-Verify: starting to verify for com.strimqa.android.app.strimqa[iid:1049] [isid:_V24S8CcSUiQkXGrpc8LgQ] [tid: 1000001209].
10-27 12:40:06.250 I/Finsky:background(30343): [277] IV2::TD: Resource fetch done. com.strimqa.android.app.strimqa[iid:1049] [isid:_V24S8CcSUiQkXGrpc8LgQ] [tid: 1000001209]
10-27 12:40:06.250 I/Finsky:background(30343): [277] IV2::TD: Installing start. com.strimqa.android.app.strimqa[iid:1049] [isid:_V24S8CcSUiQkXGrpc8LgQ] [tid: 1000001209]
10-27 12:40:06.250 I/Finsky:background(30343): [277] IV2: onTaskProgress com.strimqa.android.app.strimqa[iid:1049] [isid:_V24S8CcSUiQkXGrpc8LgQ] status:RESOURCE_FETCH_DONE).
10-27 12:40:06.250 I/Finsky:background(30343): [277] IV2::TD: Submit start. com.strimqa.android.app.strimqa[iid:1049] [isid:_V24S8CcSUiQkXGrpc8LgQ] [tid: 1000001209]
10-27 12:40:06.254 I/Finsky:background(30343): [277] IV2: onTaskProgress com.strimqa.android.app.strimqa[iid:1049] [isid:_V24S8CcSUiQkXGrpc8LgQ] status:SUBMIT_START, size: 0/0
10-27 12:40:06.255 I/Finsky:background(30343): [272] IQ: Notifying installation update. [Package:com.strimqa.android.app.strimqa, isid:_V24S8CcSUiQkXGrpc8LgQ], status=INSTALLING, status_code=0, reason=single_install, tsc=PT13.056S, attempt=0
10-27 12:40:06.257 I/Finsky:background(30343): [2] PIM: Handling install package event for: com.strimqa.android.app.strimqa status:  INSTALLING, isid: _V24S8CcSUiQkXGrpc8LgQ
10-27 12:40:06.259 I/Finsky  (30203): [2] DL: Data loader session turned off due to Incremental install not requested: com.strimqa.android.app.strimqa
10-27 12:40:06.342 I/Finsky  (30203): [2] VerifyApps: Install-time verification requested for package com.strimqa.android.app.strimqa, PackageManager id = 51, Verifier id = bf2d4313-1108-41cf-abeb-f626725d69b7
10-27 12:40:06.347 I/Finsky  (30203): [427] VerifyApps: Anti-malware verification task started for package=com.strimqa.android.app.strimqa
10-27 12:40:06.347 I/Finsky  (30203): [427] VerifyApps: Skipping anti malware verification (preconditions not met). package=com.strimqa.android.app.strimqa
10-27 12:40:06.354 I/Finsky  (30203): [2] VerifyApps: Install-time verification complete: id=51, package_name=com.strimqa.android.app.strimqa
10-27 12:40:06.499 W/PackageFreezer( 1532): Freeze package com.strimqa.android.app.strimqa about 0.12 seconds for reason: installPackageLI
10-27 12:40:06.499 I/BackupManagerService( 1532): [UserID:0] restoreAtInstall pkg=com.strimqa.android.app.strimqa token=34 restoreSet=0
10-27 12:40:06.499 I/InstallationTiming( 1532): com.strimqa.android.app.strimqa|com.android.vending|13258|13022|64|1|1|19|0
10-27 12:40:06.500 I/AppsFilter( 1532): interaction: PackageSetting{2b8581a com.android.microdroid.empty_payload/10278} -> PackageSetting{46924d9 com.strimqa.android.app.strimqa/10328} BLOCKED
10-27 12:40:06.500 I/AppsFilter( 1532): interaction: PackageSetting{aebdd28 com.fido.asm/10183} -> PackageSetting{46924d9 com.strimqa.android.app.strimqa/10328} BLOCKED
10-27 12:40:06.545 D/CarrierSvcBindHelper( 2357): onPackageAdded: com.strimqa.android.app.strimqa
10-27 12:40:06.547 D/MiuiClockController( 2364): receive package changed com.strimqa.android.app.strimqa
10-27 12:40:06.547 D/ImsResolver( 2357): maybeAddedImsService, packageName: com.strimqa.android.app.strimqa
10-27 12:40:06.558 D/AppInstalledReceiver( 4969): packageName: com.strimqa.android.app.strimqa
10-27 12:40:06.562 I/InstalledAppMonitor( 4969): com.strimqa.android.app.strimqaonReceive add pkg=com.strimqa.android.app.strimqa
10-27 12:40:06.565 I/FireWallService( 4969): set mobile rule for com.strimqa.android.app.strimqa:0:true
10-27 12:40:06.567 I/FireWallService( 4969): set wifi rule for com.strimqa.android.app.strimqa:0
10-27 12:40:06.568 I/GameBoosterNewApp( 4969): com.strimqa.android.app.strimqa isGameFromJson false
10-27 12:40:06.570 I/GameBoosterNewApp( 4969): com.strimqa.android.app.strimqa isGameFromLocal false
10-27 12:40:06.583 I/PI-ScanDispatch(28944): service bind, pkgName = com.strimqa.android.app.strimqa, installer = com.android.vending, isReplace = false, firstGoogleTime = 1749648292831
10-27 12:40:06.601 I/SafetyLabelChangedBroadcastReceiver(26618): received broadcast packageName: com.strimqa.android.app.strimqa, current user: UserHandle{0}, packageChangeEvent: NEW_INSTALL, intent user: UserHandle{0}
10-27 12:40:06.631 I/Finsky:background(30343): [176] IV2::TD: Submit done. com.strimqa.android.app.strimqa[iid:1049] [isid:_V24S8CcSUiQkXGrpc8LgQ] [tid: 1000001209]
10-27 12:40:06.638 I/Finsky:background(30343): [174] IV2:TM: cleaning up task. com.strimqa.android.app.strimqa[iid:1049] [isid:_V24S8CcSUiQkXGrpc8LgQ] [tid: 1000001209]
10-27 12:40:06.654 I/Finsky:background(30343): [186] RM: remove resourceRequestId=dd431658-1a8e-47e6-be98-f3e7c3f0afb2 requestId=6492 package=com.strimqa.android.app.strimqa artifact=com.strimqa.android.app.strimqa.dm isid=_V24S8CcSUiQkXGrpc8LgQ
10-27 12:40:06.655 I/Finsky:background(30343): [178] RM: remove resourceRequestId=cd90fccf-9b66-4ea7-b0c8-a1f9c18b2d7d requestId=6494 package=com.strimqa.android.app.strimqa artifact=com.strimqa.android.app.strimqa.apk isid=_V24S8CcSUiQkXGrpc8LgQ
10-27 12:40:06.656 I/Finsky:background(30343): [178] RM: remove resourceRequestId=c0261def-c951-44e4-b3b4-f9e1f782944e requestId=6493 package=com.strimqa.android.app.strimqa artifact=config.arm64_v8a isid=_V24S8CcSUiQkXGrpc8LgQ
10-27 12:40:06.656 I/Finsky:background(30343): [178] RM: remove resourceRequestId=0a412da4-c410-4d39-8d38-48f7c05cd19e requestId=6496 package=com.strimqa.android.app.strimqa artifact=config.ru isid=_V24S8CcSUiQkXGrpc8LgQ
10-27 12:40:06.656 I/Finsky:background(30343): [178] RM: remove resourceRequestId=50133166-7624-4e4d-8744-3dbd3526fd28 requestId=6495 package=com.strimqa.android.app.strimqa artifact=config.uk isid=_V24S8CcSUiQkXGrpc8LgQ
10-27 12:40:06.657 I/Finsky:background(30343): [178] RM: remove resourceRequestId=50fc974f-d0a7-4724-8ebc-e74c1a20dde9 requestId=6497 package=com.strimqa.android.app.strimqa artifact=config.xxhdpi isid=_V24S8CcSUiQkXGrpc8LgQ
10-27 12:40:06.691 I/Finsky:background(30343): [271] SM: Session with Context {name=com.strimqa.android.app.strimqa versionCode=62} was closed or abandoned in a consumer.
10-27 12:40:06.694 I/Finsky:background(30343): [277] SCU: Successfully abandon the session for com.strimqa.android.app.strimqa[iid:1049] [isid:_V24S8CcSUiQkXGrpc8LgQ]
10-27 12:40:06.697 I/Finsky:background(30343): [286] DS: DS: onRemove(request_id=6492, files_to_download=[com.strimqa.android.app.strimqa.dm(size:125721)], context[group_id=com.strimqa.android.app.strimqa:_V24S8CcSUiQkXGrpc8LgQ], display_data[invisible=false, title=StrimQa — ваш QA навигатор!], network_restrictions=ANY_NETWORK status=succeeded, bytes_downloaded=125721, total_bytes=125721, retry[count=0, next_retry=n/a])
10-27 12:40:06.698 I/Finsky:background(30343): [286] DS: DS: onRemove(request_id=6494, files_to_download=[com.strimqa.android.app.strimqa.apk(size:27534345)], context[group_id=com.strimqa.android.app.strimqa:_V24S8CcSUiQkXGrpc8LgQ], display_data[invisible=false, title=StrimQa — ваш QA навигатор!], network_restrictions=ANY_NETWORK status=succeeded, bytes_downloaded=27534345, total_bytes=27534345, retry[count=0, next_retry=n/a])
10-27 12:40:06.702 I/Finsky:background(30343): [272] IQ: Notifying installation update. [Package:com.strimqa.android.app.strimqa, isid:_V24S8CcSUiQkXGrpc8LgQ], status=INSTALLED, status_code=0, reason=single_install, tsc=PT13.502S, attempt=0
10-27 12:40:06.704 I/Finsky:background(30343): [2] PIM: Ignore install package event for: com.strimqa.android.app.strimqa, isid: _V24S8CcSUiQkXGrpc8LgQ
10-27 12:40:06.704 I/Finsky:background(30343): [176] RM::CM: Clearing artifacts for install of com.strimqa.android.app.strimqa
10-27 12:40:06.705 W/Finsky:background(30343): [176] Failed to delete file: /data/user/0/com.android.vending/files/phonesky-resource-cache/com.strimqa.android.app.strimqa:62
10-27 12:40:06.707 I/Finsky:background(30343): [286] DS: DS: onRemove(request_id=6493, files_to_download=[config.arm64_v8a(size:8646440)], context[group_id=com.strimqa.android.app.strimqa:_V24S8CcSUiQkXGrpc8LgQ], display_data[invisible=false, title=StrimQa — ваш QA навигатор!], network_restrictions=ANY_NETWORK status=succeeded, bytes_downloaded=8646440, total_bytes=8646440, retry[count=0, next_retry=n/a])
10-27 12:40:06.708 I/Finsky:background(30343): [286] DS: DS: onRemove(request_id=6496, files_to_download=[config.ru(size:9306)], context[group_id=com.strimqa.android.app.strimqa:_V24S8CcSUiQkXGrpc8LgQ], display_data[invisible=false, title=StrimQa — ваш QA навигатор!], network_restrictions=ANY_NETWORK status=succeeded, bytes_downloaded=9306, total_bytes=9306, retry[count=0, next_retry=n/a])
10-27 12:40:06.708 I/Finsky:background(30343): [286] DS: DS: onRemove(request_id=6495, files_to_download=[config.uk(size:8334)], context[group_id=com.strimqa.android.app.strimqa:_V24S8CcSUiQkXGrpc8LgQ], display_data[invisible=false, title=StrimQa — ваш QA навигатор!], network_restrictions=ANY_NETWORK status=succeeded, bytes_downloaded=8334, total_bytes=8334, retry[count=0, next_retry=n/a])
10-27 12:40:06.709 I/Finsky:background(30343): [286] DS: DS: onRemove(request_id=6497, files_to_download=[config.xxhdpi(size:49927)], context[group_id=com.strimqa.android.app.strimqa:_V24S8CcSUiQkXGrpc8LgQ], display_data[invisible=false, title=StrimQa — ваш QA навигатор!], network_restrictions=ANY_NETWORK status=succeeded, bytes_downloaded=49927, total_bytes=49927, retry[count=0, next_retry=n/a])
10-27 12:40:06.743 I/Finsky  (30203): [2] DL: Data loader session turned off due to Incremental install not requested: com.strimqa.android.app.strimqa
10-27 12:40:06.836 I/VirusObserver( 4969): onScanStartItem in IVirusObserver.Stub result : -1, path : /data/app/~~bRCbIoQGsgqgyPXDg2ZI9w==/com.strimqa.android.app.strimqa-GHPrt-gFOFSEu_xixYflJw==/base.apk
10-27 12:40:06.848 W/PackageParser(28942): Unknown element under <manifest>: queries at /data/app/~~bRCbIoQGsgqgyPXDg2ZI9w==/com.strimqa.android.app.strimqa-GHPrt-gFOFSEu_xixYflJw==/base.apk Binary XML file line #11
10-27 12:40:06.923 D/MiuiNetworkPolicyAppBuckets( 1532): updateAppPN packageName=com.strimqa.android.app.strimqa,uid=10328,installed=true
10-27 12:40:06.924 I/MiuiCompatModePackages( 1532): package com.strimqa.android.app.strimqa updated, removing config
10-27 12:40:06.928 I/SdkSandboxManager( 1532): No SDKs used. Skipping SDK data reconcilation for CallingInfo{mUid=10328, mPackageName='com.strimqa.android.app.strimqa, mAppProcessToken='null'}
10-27 12:40:06.930 D/Launcher.Model( 2373): LauncherAppsCallback onPackageAdded|com.strimqa.android.app.strimqa|UserHandle{0}|false
10-27 12:40:06.944 E/AppScanObserverService( 1532): Try to add a invalid package: com.strimqa.android.app.strimqa | 10328 | 0
10-27 12:40:06.946 E/SLM-SRV-SLAAppLib( 1532): initBroadcastReceivercom.strimqa.android.app.strimqa
10-27 12:40:06.946 I/SLM-SRV-SLAAppLib( 1532): ACTION_PACKAGE_ADDED uid = 10328com.strimqa.android.app.strimqa
10-27 12:40:06.974 I/AppsFilter( 1532): interaction: PackageSetting{2d58938 com.android.microdroid.empty_payload/10278} -> PackageSetting{e0aad11 com.strimqa.android.app.strimqa/10328} BLOCKED
10-27 12:40:06.974 I/AppsFilter( 1532): interaction: PackageSetting{76d0e76 com.fido.asm/10183} -> PackageSetting{e0aad11 com.strimqa.android.app.strimqa/10328} BLOCKED
10-27 12:40:06.982 D/CarrierSvcBindHelper( 2357): onPackageModified: com.strimqa.android.app.strimqa
10-27 12:40:06.986 D/MiuiClockController( 2364): receive package changed com.strimqa.android.app.strimqa
10-27 12:40:06.987 E/Launcher.AllAppsList( 2373): Can't load postion for packageName: com.strimqa.android.app.strimqa activityName: com.strimqa.mobile_client.MainActivity
10-27 12:40:06.988 D/AutoInstallsParser( 2373): isPAIPackageName: com.strimqa.android.app.strimqa
10-27 12:40:06.989 D/Launcher.Model( 2373): onReceiveBackground, mAllAppsList=add=[(0, AppInfo, id=-1, itemType=0, user=UserHandle{0}, mIconType=0, pkgName=com.strimqa.android.app.strimqa, className=com.strimqa.mobile_client.MainActivity, screenId=-1, container=-1, cellX=-1, cellY=-1, spanX=1, spanY=1)], remove=[], modified=[]
10-27 12:40:06.990 D/Launcher( 2373): add item to launcher when bind apps added, info=ShortcutInfo, id=-1, itemType=0, user=UserHandle{0}, mIconType=0, pkgName=com.strimqa.android.app.strimqa, className=com.strimqa.mobile_client.MainActivity, screenId=-1, container=-1, cellX=-1, cellY=-1, spanX=1, spanY=1
10-27 12:40:06.990 D/Launcher( 2373): addItemToWorkspace, add item into db, item=ShortcutInfo, id=-1, itemType=0, user=UserHandle{0}, mIconType=0, pkgName=com.strimqa.android.app.strimqa, className=com.strimqa.mobile_client.MainActivity, screenId=2, container=-100, cellX=2, cellY=3, spanX=1, spanY=1
10-27 12:40:06.990 D/Launcher.Model( 2373): Insert item com.strimqa.android.app.strimqa to database (2, 3) of screen 2
10-27 12:40:06.990 D/Launcher.ShortcutInfo( 2373): onAddToDatabase, this=ShortcutInfo, id=221, itemType=0, user=UserHandle{0}, mIconType=0, pkgName=com.strimqa.android.app.strimqa, className=com.strimqa.mobile_client.MainActivity, screenId=2, container=-100, cellX=2, cellY=3, spanX=1, spanY=1
10-27 12:40:06.991 D/ImsResolver( 2357): maybeAddedImsService, packageName: com.strimqa.android.app.strimqa
10-27 12:40:06.999 D/Launcher.CellLayout( 2373): updateCellOccupiedMarks, update, ShortcutInfo, id=221, itemType=0, user=UserHandle{0}, mIconType=0, pkgName=com.strimqa.android.app.strimqa, className=com.strimqa.mobile_client.MainActivity, screenId=2, container=-100, cellX=2, cellY=3, spanX=1, spanY=1
10-27 12:40:07.000 W/PreviewDisappear( 2373): getIcon info target: ComponentInfo{com.strimqa.android.app.strimqa/com.strimqa.mobile_client.MainActivity}
10-27 12:40:07.007 D/Launcher.Model( 2373): LauncherAppsCallback onPackageChanged|com.strimqa.android.app.strimqa|UserHandle{0}|false
10-27 12:40:07.008 W/PreviewDisappear( 2373): getIcon info intent: Intent { act=android.intent.action.MAIN cat=[android.intent.category.LAUNCHER] flg=0x10200000 cmp=com.strimqa.android.app.strimqa/com.strimqa.mobile_client.MainActivity (has extras) }
10-27 12:40:07.009 D/Launcher.Model( 2373): onPackageChanged: packageName = com.strimqa.android.app.strimqa
10-27 12:40:07.011 D/Launcher.AllAppsList( 2373): updatePackage, packageName=com.strimqa.android.app.strimqa, loadMissing=false, user=UserHandle{0}, matchedSize=1
10-27 12:40:07.011 D/Launcher.AllAppsList( 2373): updatePackage, find appInfo=AppInfo, id=-1, itemType=0, user=UserHandle{0}, mIconType=0, pkgName=com.strimqa.android.app.strimqa, className=com.strimqa.mobile_client.MainActivity, screenId=-1, container=-1, cellX=-1, cellY=-1, spanX=1, spanY=1 from ComponentInfo{com.strimqa.android.app.strimqa/com.strimqa.mobile_client.MainActivity}
10-27 12:40:07.013 D/Launcher.Model( 2373): onReceiveBackground, mAllAppsList=add=[], remove=[], modified=[(0, AppInfo, id=-1, itemType=0, user=UserHandle{0}, mIconType=0, pkgName=com.strimqa.android.app.strimqa, className=com.strimqa.mobile_client.MainActivity, screenId=-1, container=-1, cellX=-1, cellY=-1, spanX=1, spanY=1)]
10-27 12:40:07.014 W/PreviewDisappear( 2373): getIcon info target: ComponentInfo{com.strimqa.android.app.strimqa/com.strimqa.mobile_client.MainActivity}
10-27 12:40:07.014 W/PreviewDisappear( 2373): getIcon info intent: Intent { act=android.intent.action.MAIN cat=[android.intent.category.LAUNCHER] flg=0x10200000 cmp=com.strimqa.android.app.strimqa/com.strimqa.mobile_client.MainActivity (has extras) }
10-27 12:40:07.023 W/PackageParser(28942): Unknown element under <manifest>: queries at /data/app/~~bRCbIoQGsgqgyPXDg2ZI9w==/com.strimqa.android.app.strimqa-GHPrt-gFOFSEu_xixYflJw==/base.apk Binary XML file line #11
10-27 12:40:07.058 E/InstallApkReceiver( 2373): install:package:com.strimqa.android.app.strimqa
10-27 12:40:07.058 I/Finsky  (30203): [2] AIM: AppInfoCacheUpdater -> invalidating apps: [com.strimqa.android.app.strimqa]
10-27 12:40:07.062 I/Finsky  (30203): [189] AIM: AppInfoManager-Perf > OnDeviceAppInfo > cacheHitCount=0, cacheMissCount=1. Missed  in cache (limit 10) : [com.strimqa.android.app.strimqa]
10-27 12:40:07.064 I/Finsky  (30203): [180] AIM: AppInfoManager-Perf > OnDeviceAppInfo > cacheHitCount=0, cacheMissCount=1. Missed  in cache (limit 10) : [com.strimqa.android.app.strimqa]
10-27 12:40:07.065 I/PackageInstallReceiver(32659): action = android.intent.action.PACKAGE_ADDED packageName = com.strimqa.android.app.strimqa
10-27 12:40:07.065 I/PackageInstallReceiver(32659): action = android.intent.action.PACKAGE_CHANGED packageName = com.strimqa.android.app.strimqa
10-27 12:40:07.074 I/WakePathManager( 6012): PackageMonitor. onPackageAdded: packageName =com.strimqa.android.app.strimqa
10-27 12:40:07.089 I/Finsky  (30203): [2] AIM: AppInfoCacheUpdater -> invalidating apps: [com.strimqa.android.app.strimqa]
10-27 12:40:07.101 D/ContactDirectoryManager(24490): onPackageChanged,updateDirectoriesForPackage, packageName:com.strimqa.android.app.strimqa
10-27 12:40:07.136 D/ContactDirectoryManager(24490): onPackageChanged,updateDirectoriesForPackage, packageName:com.strimqa.android.app.strimqa
10-27 12:40:07.163 I/ProximityAuth(18473): [RecentAppsMediator] Package added: (user=UserHandle{0}) com.strimqa.android.app.strimqa
10-27 12:40:07.266 I/Finsky  (30203): [189] AIM: AppInfoManager-Perf > OnDeviceAppInfo > cacheHitCount=0, cacheMissCount=1. Missed  in cache (limit 10) : [com.strimqa.android.app.strimqa]
10-27 12:40:07.296 I/Finsky  (30203): [184] AIM: AppInfoManager-Perf > OnDeviceAppInfo > cacheHitCount=0, cacheMissCount=1. Missed  in cache (limit 10) : [com.strimqa.android.app.strimqa]
10-27 12:40:07.302 I/Finsky  (30203): [188] AIM: AppInfoManager-Perf > ItemModel > CacheSize=74, cacheHitCount=0, cacheMissCount=1, total appsWithNoServerDataCount=0. Missed  in cache (limit 10) : [com.strimqa.android.app.strimqa]
10-27 12:40:07.304 I/Finsky  (30203): [184] AIM: AppInfoManager-Perf > ItemModel > CacheSize=74, cacheHitCount=0, cacheMissCount=1, total appsWithNoServerDataCount=0. Missed  in cache (limit 10) : [com.strimqa.android.app.strimqa]
10-27 12:40:07.346 I/Finsky  (30203): [189] AIM: AppInfoManager-Perf > ItemModel > CacheSize=75, cacheHitCount=0, cacheMissCount=1, total appsWithNoServerDataCount=0. Missed  in cache (limit 10) : [com.strimqa.android.app.strimqa]
